4
4
4
4
4
4
4
4
4
4
4
4
4
4
4
4
4
4
4
4
4
4
4
4
4
4
4
4
4
4
4
4
4
4
4
4
4
4
4
4
4
4
4
4
4
4
4
4
4
4
72 128 
12 5 
4 5 
4 5 
12 5 
12 5 
12 5 
12 5 
4 5 
4 5 
12 5 
12 5 
12 5 
12 5 
4 5 
4 5 
12 5 
12 5 
12 5 
12 5 
4 5 
4 5 
12 5 
12 5 
12 5 
12 5 
4 5 
4 5 
12 5 
12 5 
12 5 
12 5 
4 5 
4 5 
12 5 
12 5 
12 5 
12 5 
4 5 
4 5 
12 5 
12 5 
12 5 
12 5 
4 5 
4 5 
12 5 
12 5 
12 5 
12 5 
4 5 
4 5 
12 5 
12 5 
12 5 
12 5 
4 5 
4 5 
12 5 
12 5 
12 5 
12 5 
4 5 
4 5 
12 5 
12 5 
12 5 
12 5 
4 5 
4 5 
12 5 
12 5 
12 5 
12 5 
4 5 
4 5 
12 5 
12 5 
12 5 
12 5 
4 5 
4 5 
12 5 
12 5 
12 5 
12 5 
4 5 
4 5 
12 5 
12 5 
12 5 
12 5 
4 5 
4 5 
12 5 
12 5 
12 5 
12 5 
4 5 
4 5 
12 5 
12 5 
12 5 
12 5 
4 5 
4 5 
12 5 
12 5 
12 5 
12 5 
4 5 
4 5 
12 5 
12 5 
12 5 
12 5 
4 5 
4 5 
12 5 
12 5 
12 5 
12 5 
4 5 
4 5 
12 5 
12 5 
12 5 
12 5 
4 5 
4 5 
12 5 
12 5 
12 5 
12 5 
4 5 
4 5 
12 5 
12 5 
12 5 
12 5 
4 5 
4 5 
12 5 
12 5 
12 5 
12 5 
4 5 
4 5 
12 5 
12 5 
12 5 
12 5 
4 5 
4 5 
12 5 
12 5 
12 5 
12 5 
4 5 
4 5 
12 5 
12 5 
12 5 
12 5 
4 5 
4 5 
12 5 
12 5 
12 5 
12 5 
4 5 
4 5 
12 5 
12 5 
12 5 
12 5 
4 5 
4 5 
12 5 
12 5 
12 5 
12 5 
4 5 
4 5 
12 5 
12 5 
12 5 
12 5 
4 5 
4 5 
12 5 
12 5 
12 5 
12 5 
4 5 
4 5 
12 5 
12 5 
12 5 
12 5 
4 5 
4 5 
12 5 
12 5 
12 5 
12 5 
4 5 
4 5 
12 5 
12 5 
12 5 
12 5 
4 5 
4 5 
12 5 
12 5 
12 5 
12 5 
4 5 
4 5 
12 5 
12 5 
12 5 
12 5 
4 5 
4 5 
12 5 
12 5 
12 5 
12 5 
4 5 
4 5 
12 5 
12 5 
12 5 
12 5 
4 5 
4 5 
12 5 
12 5 
12 5 
12 5 
4 5 
4 5 
12 5 
12 5 
12 5 
12 5 
4 5 
4 5 
12 5 
12 5 
12 5 
12 5 
4 5 
4 5 
12 5 
12 5 
12 5 
12 5 
4 5 
4 5 
12 5 
12 5 
12 5 
12 5 
4 5 
4 5 
12 5 
12 5 
12 5 
12 5 
4 5 
4 5 
12 5 
12 5 
12 5 
12 5 
4 5 
4 5 
12 5 
12 5 
12 5 
12 5 
4 5 
4 5 
12 5 
12 5 
12 5 
12 5 
4 5 
4 5 
12 5 
12 5 
12 5 
12 5 
4 5 
4 5 
12 5 
12 5 
12 5 
12 5 
4 5 
4 5 
12 5 
12 5 
12 5 
12 5 
4 5 
4 5 
12 5 
12 5 
12 5 
12 5 
4 5 
4 5 
12 5 
12 5 
12 5 
12 5 
4 5 
4 5 
12 5 
12 5 
12 5 
12 5 
4 5 
4 5 
12 5 
12 5 
12 5 
12 5 
4 5 
4 5 
12 5 
12 5 
12 5 
12 5 
4 5 
4 5 
12 5 
12 5 
12 5 
12 5 
4 5 
4 5 
12 5 
12 5 
12 5 
12 5 
4 5 
4 5 
12 5 
12 5 
12 5 
12 5 
4 5 
4 5 
12 5 
12 5 
12 5 
12 5 
4 5 
4 5 
12 5 
12 5 
12 5 
12 5 
4 5 
4 5 
12 5 
12 5 
12 5 
12 5 
4 5 
4 5 
12 5 
12 5 
12 5 
12 5 
4 5 
4 5 
12 5 
12 5 
12 5 
12 5 
4 5 
4 5 
12 5 
12 5 
12 5 
12 5 
4 5 
4 5 
12 5 
12 5 
12 5 
12 5 
4 5 
4 5 
12 5 
12 5 
12 5 
12 5 
4 5 
4 5 
12 5 
12 5 
12 5 
12 5 
4 5 
4 5 
12 5 
12 5 
12 5 
12 5 
4 5 
4 5 
12 5 
12 5 
12 5 
12 5 
4 5 
4 5 
12 5 
12 5 
12 5 
12 5 
4 5 
4 5 
12 5 
12 5 
12 5 
12 5 
4 5 
4 5 
12 5 
12 5 
12 5 
12 5 
4 5 
4 5 
12 5 
12 5 
12 5 
12 5 
4 5 
4 5 
12 5 
12 5 
12 5 
12 5 
4 5 
4 5 
12 5 
12 5 
12 5 
12 5 
4 5 
4 5 
12 5 
12 5 
12 5 
12 5 
4 5 
4 5 
12 5 
12 5 
12 5 
12 5 
4 5 
4 5 
12 5 
12 5 
12 5 
12 5 
4 5 
4 5 
12 5 
12 5 
12 5 
12 5 
4 5 
4 5 
12 5 
12 5 
12 5 
12 5 
4 5 
4 5 
12 5 
12 5 
12 5 
12 5 
4 5 
4 5 
12 5 
12 5 
12 5 
12 5 
4 5 
4 5 
12 5 
12 5 
12 5 
12 5 
4 5 
4 5 
12 5 
12 5 
12 5 
12 5 
4 5 
4 5 
12 5 
12 5 
12 5 
12 5 
4 5 
4 5 
12 5 
12 5 
12 5 
12 5 
4 5 
4 5 
12 5 
12 5 
12 5 
12 5 
4 5 
4 5 
12 5 
12 5 
12 5 
12 5 
4 5 
4 5 
12 5 
12 5 
12 5 
12 5 
4 5 
4 5 
12 5 
12 5 
12 5 
12 5 
4 5 
4 5 
12 5 
12 5 
12 5 
12 5 
4 5 
4 5 
12 5 
12 5 
12 5 
12 5 
4 5 
4 5 
12 5 
12 5 
12 5 
12 5 
4 5 
4 5 
12 5 
12 5 
12 5 
12 5 
4 5 
4 5 
12 5 
12 5 
12 5 
12 5 
4 5 
4 5 
12 5 
12 5 
12 5 
12 5 
4 5 
4 5 
12 5 
12 5 
12 5 
12 5 
4 5 
4 5 
12 5 
12 5 
12 5 
12 5 
4 5 
4 5 
12 5 
12 5 
12 5 
12 5 
4 5 
4 5 
12 5 
12 5 
12 5 
12 5 
4 5 
4 5 
12 5 
12 5 
12 5 
12 5 
4 5 
4 5 
12 5 
12 5 
12 5 
12 5 
4 5 
4 5 
12 5 
12 5 
12 5 
12 5 
4 5 
4 5 
12 5 
12 5 
12 5 
12 5 
4 5 
4 5 
12 5 
12 5 
12 5 
12 5 
4 5 
4 5 
12 5 
12 5 
12 5 
12 5 
4 5 
4 5 
12 5 
12 5 
12 5 
12 5 
4 5 
4 5 
12 5 
12 5 
12 5 
12 5 
4 5 
4 5 
12 5 
12 5 
12 5 
12 5 
4 5 
4 5 
12 5 
12 5 
12 5 
12 5 
4 5 
4 5 
12 5 
12 5 
12 5 
12 5 
4 5 
4 5 
12 5 
12 5 
12 5 
12 5 
4 5 
4 5 
12 5 
12 5 
12 5 
12 5 
4 5 
4 5 
12 5 
12 5 
12 5 
12 5 
4 5 
4 5 
12 5 
12 5 
12 5 
12 5 
4 5 
4 5 
12 5 
12 5 
12 5 
12 5 
4 5 
4 5 
12 5 
12 5 
12 5 
12 5 
4 5 
4 5 
12 5 
12 5 
12 5 
12 5 
4 5 
4 5 
12 5 
12 5 
12 5 
12 5 
4 5 
4 5 
12 5 
12 5 
12 5 
12 5 
4 5 
4 5 
12 5 
12 5 
12 5 
12 5 
4 5 
4 5 
12 5 
12 5 
12 5 
12 5 
4 5 
4 5 
12 5 
12 5 
12 5 
12 5 
4 5 
4 5 
12 5 
12 5 
12 5 
12 5 
4 5 
4 5 
12 5 
12 5 
12 5 
12 5 
4 5 
4 5 
12 5 
12 5 
12 5 
12 5 
4 5 
4 5 
12 5 
12 5 
12 5 
72 128 
12 5 
4 5 
4 5 
12 5 
12 5 
12 5 
12 5 
4 5 
4 5 
12 5 
12 5 
12 5 
12 5 
4 5 
4 5 
12 5 
12 5 
12 5 
12 5 
4 5 
4 5 
12 5 
12 5 
12 5 
12 5 
4 5 
4 5 
12 5 
12 5 
12 5 
12 5 
4 5 
4 5 
12 5 
12 5 
12 5 
12 5 
4 5 
4 5 
12 5 
12 5 
12 5 
12 5 
4 5 
4 5 
12 5 
12 5 
12 5 
12 5 
4 5 
4 5 
12 5 
12 5 
12 5 
12 5 
4 5 
4 5 
12 5 
12 5 
12 5 
12 5 
4 5 
4 5 
12 5 
12 5 
12 5 
12 5 
4 5 
4 5 
12 5 
12 5 
12 5 
12 5 
4 5 
4 5 
12 5 
12 5 
12 5 
12 5 
4 5 
4 5 
12 5 
12 5 
12 5 
12 5 
4 5 
4 5 
12 5 
12 5 
12 5 
12 5 
4 5 
4 5 
12 5 
12 5 
12 5 
12 5 
4 5 
4 5 
12 5 
12 5 
12 5 
12 5 
4 5 
4 5 
12 5 
12 5 
12 5 
12 5 
4 5 
4 5 
12 5 
12 5 
12 5 
12 5 
4 5 
4 5 
12 5 
12 5 
12 5 
12 5 
4 5 
4 5 
12 5 
12 5 
12 5 
12 5 
4 5 
4 5 
12 5 
12 5 
12 5 
12 5 
4 5 
4 5 
12 5 
12 5 
12 5 
12 5 
4 5 
4 5 
12 5 
12 5 
12 5 
12 5 
4 5 
4 5 
12 5 
12 5 
12 5 
12 5 
4 5 
4 5 
12 5 
12 5 
12 5 
12 5 
4 5 
4 5 
12 5 
12 5 
12 5 
12 5 
4 5 
4 5 
12 5 
12 5 
12 5 
12 5 
4 5 
4 5 
12 5 
12 5 
12 5 
12 5 
4 5 
4 5 
12 5 
12 5 
12 5 
12 5 
4 5 
4 5 
12 5 
12 5 
12 5 
12 5 
4 5 
4 5 
12 5 
12 5 
12 5 
12 5 
4 5 
4 5 
12 5 
12 5 
12 5 
12 5 
4 5 
4 5 
12 5 
12 5 
12 5 
12 5 
4 5 
4 5 
12 5 
12 5 
12 5 
12 5 
4 5 
4 5 
12 5 
12 5 
12 5 
12 5 
4 5 
4 5 
12 5 
12 5 
12 5 
12 5 
4 5 
4 5 
12 5 
12 5 
12 5 
12 5 
4 5 
4 5 
12 5 
12 5 
12 5 
12 5 
4 5 
4 5 
12 5 
12 5 
12 5 
12 5 
4 5 
4 5 
12 5 
12 5 
12 5 
12 5 
4 5 
4 5 
12 5 
12 5 
12 5 
12 5 
4 5 
4 5 
12 5 
12 5 
12 5 
12 5 
4 5 
4 5 
12 5 
12 5 
12 5 
12 5 
4 5 
4 5 
12 5 
12 5 
12 5 
12 5 
4 5 
4 5 
12 5 
12 5 
12 5 
12 5 
4 5 
4 5 
12 5 
12 5 
12 5 
12 5 
4 5 
4 5 
12 5 
12 5 
12 5 
12 5 
4 5 
4 5 
12 5 
12 5 
12 5 
12 5 
4 5 
4 5 
12 5 
12 5 
12 5 
12 5 
4 5 
4 5 
12 5 
12 5 
12 5 
12 5 
4 5 
4 5 
12 5 
12 5 
12 5 
12 5 
4 5 
4 5 
12 5 
12 5 
12 5 
12 5 
4 5 
4 5 
12 5 
12 5 
12 5 
12 5 
4 5 
4 5 
12 5 
12 5 
12 5 
12 5 
4 5 
4 5 
12 5 
12 5 
12 5 
12 5 
4 5 
4 5 
12 5 
12 5 
12 5 
12 5 
4 5 
4 5 
12 5 
12 5 
12 5 
12 5 
4 5 
4 5 
12 5 
12 5 
12 5 
12 5 
4 5 
4 5 
12 5 
12 5 
12 5 
12 5 
4 5 
4 5 
12 5 
12 5 
12 5 
12 5 
4 5 
4 5 
12 5 
12 5 
12 5 
12 5 
4 5 
4 5 
12 5 
12 5 
12 5 
12 5 
4 5 
4 5 
12 5 
12 5 
12 5 
12 5 
4 5 
4 5 
12 5 
12 5 
12 5 
12 5 
4 5 
4 5 
12 5 
12 5 
12 5 
12 5 
4 5 
4 5 
12 5 
12 5 
12 5 
12 5 
4 5 
4 5 
12 5 
12 5 
12 5 
12 5 
4 5 
4 5 
12 5 
12 5 
12 5 
12 5 
4 5 
4 5 
12 5 
12 5 
12 5 
12 5 
4 5 
4 5 
12 5 
12 5 
12 5 
12 5 
4 5 
4 5 
12 5 
12 5 
12 5 
12 5 
4 5 
4 5 
12 5 
12 5 
12 5 
12 5 
4 5 
4 5 
12 5 
12 5 
12 5 
12 5 
4 5 
4 5 
12 5 
12 5 
12 5 
12 5 
4 5 
4 5 
12 5 
12 5 
12 5 
12 5 
4 5 
4 5 
12 5 
12 5 
12 5 
12 5 
4 5 
4 5 
12 5 
12 5 
12 5 
12 5 
4 5 
4 5 
12 5 
12 5 
12 5 
12 5 
4 5 
4 5 
12 5 
12 5 
12 5 
12 5 
4 5 
4 5 
12 5 
12 5 
12 5 
12 5 
4 5 
4 5 
12 5 
12 5 
12 5 
12 5 
4 5 
4 5 
12 5 
12 5 
12 5 
12 5 
4 5 
4 5 
12 5 
12 5 
12 5 
12 5 
4 5 
4 5 
12 5 
12 5 
12 5 
12 5 
4 5 
4 5 
12 5 
12 5 
12 5 
12 5 
4 5 
4 5 
12 5 
12 5 
12 5 
12 5 
4 5 
4 5 
12 5 
12 5 
12 5 
12 5 
4 5 
4 5 
12 5 
12 5 
12 5 
12 5 
4 5 
4 5 
12 5 
12 5 
12 5 
12 5 
4 5 
4 5 
12 5 
12 5 
12 5 
12 5 
4 5 
4 5 
12 5 
12 5 
12 5 
12 5 
4 5 
4 5 
12 5 
12 5 
12 5 
12 5 
4 5 
4 5 
12 5 
12 5 
12 5 
12 5 
4 5 
4 5 
12 5 
12 5 
12 5 
12 5 
4 5 
4 5 
12 5 
12 5 
12 5 
12 5 
4 5 
4 5 
12 5 
12 5 
12 5 
12 5 
4 5 
4 5 
12 5 
12 5 
12 5 
12 5 
4 5 
4 5 
12 5 
12 5 
12 5 
12 5 
4 5 
4 5 
12 5 
12 5 
12 5 
12 5 
4 5 
4 5 
12 5 
12 5 
12 5 
12 5 
4 5 
4 5 
12 5 
12 5 
12 5 
12 5 
4 5 
4 5 
12 5 
12 5 
12 5 
12 5 
4 5 
4 5 
12 5 
12 5 
12 5 
12 5 
4 5 
4 5 
12 5 
12 5 
12 5 
12 5 
4 5 
4 5 
12 5 
12 5 
12 5 
12 5 
4 5 
4 5 
12 5 
12 5 
12 5 
12 5 
4 5 
4 5 
12 5 
12 5 
12 5 
12 5 
4 5 
4 5 
12 5 
12 5 
12 5 
12 5 
4 5 
4 5 
12 5 
12 5 
12 5 
12 5 
4 5 
4 5 
12 5 
12 5 
12 5 
12 5 
4 5 
4 5 
12 5 
12 5 
12 5 
12 5 
4 5 
4 5 
12 5 
12 5 
12 5 
12 5 
4 5 
4 5 
12 5 
12 5 
12 5 
12 5 
4 5 
4 5 
12 5 
12 5 
12 5 
12 5 
4 5 
4 5 
12 5 
12 5 
12 5 
12 5 
4 5 
4 5 
12 5 
12 5 
12 5 
12 5 
4 5 
4 5 
12 5 
12 5 
12 5 
12 5 
4 5 
4 5 
12 5 
12 5 
12 5 
12 5 
4 5 
4 5 
12 5 
12 5 
12 5 
12 5 
4 5 
4 5 
12 5 
12 5 
12 5 
12 5 
4 5 
4 5 
12 5 
12 5 
12 5 
12 5 
4 5 
4 5 
12 5 
12 5 
12 5 
12 5 
4 5 
4 5 
12 5 
12 5 
12 5 
12 5 
4 5 
4 5 
12 5 
12 5 
12 5 
12 5 
4 5 
4 5 
12 5 
12 5 
12 5 
12 5 
4 5 
4 5 
12 5 
12 5 
12 5 
12 5 
4 5 
4 5 
12 5 
12 5 
12 5 
72 128 
12 5 
4 5 
4 5 
12 5 
12 5 
12 5 
12 5 
4 5 
4 5 
12 5 
12 5 
12 5 
12 5 
4 5 
4 5 
12 5 
12 5 
12 5 
12 5 
4 5 
4 5 
12 5 
12 5 
12 5 
12 5 
4 5 
4 5 
12 5 
12 5 
12 5 
12 5 
4 5 
4 5 
12 5 
12 5 
12 5 
12 5 
4 5 
4 5 
12 5 
12 5 
12 5 
12 5 
4 5 
4 5 
12 5 
12 5 
12 5 
12 5 
4 5 
4 5 
12 5 
12 5 
12 5 
12 5 
4 5 
4 5 
12 5 
12 5 
12 5 
12 5 
4 5 
4 5 
12 5 
12 5 
12 5 
12 5 
4 5 
4 5 
12 5 
12 5 
12 5 
12 5 
4 5 
4 5 
12 5 
12 5 
12 5 
12 5 
4 5 
4 5 
12 5 
12 5 
12 5 
12 5 
4 5 
4 5 
12 5 
12 5 
12 5 
12 5 
4 5 
4 5 
12 5 
12 5 
12 5 
12 5 
4 5 
4 5 
12 5 
12 5 
12 5 
12 5 
4 5 
4 5 
12 5 
12 5 
12 5 
12 5 
4 5 
4 5 
12 5 
12 5 
12 5 
12 5 
4 5 
4 5 
12 5 
12 5 
12 5 
12 5 
4 5 
4 5 
12 5 
12 5 
12 5 
12 5 
4 5 
4 5 
12 5 
12 5 
12 5 
12 5 
4 5 
4 5 
12 5 
12 5 
12 5 
12 5 
4 5 
4 5 
12 5 
12 5 
12 5 
12 5 
4 5 
4 5 
12 5 
12 5 
12 5 
12 5 
4 5 
4 5 
12 5 
12 5 
12 5 
12 5 
4 5 
4 5 
12 5 
12 5 
12 5 
12 5 
4 5 
4 5 
12 5 
12 5 
12 5 
12 5 
4 5 
4 5 
12 5 
12 5 
12 5 
12 5 
4 5 
4 5 
12 5 
12 5 
12 5 
12 5 
4 5 
4 5 
12 5 
12 5 
12 5 
12 5 
4 5 
4 5 
12 5 
12 5 
12 5 
12 5 
4 5 
4 5 
12 5 
12 5 
12 5 
12 5 
4 5 
4 5 
12 5 
12 5 
12 5 
12 5 
4 5 
4 5 
12 5 
12 5 
12 5 
12 5 
4 5 
4 5 
12 5 
12 5 
12 5 
12 5 
4 5 
4 5 
12 5 
12 5 
12 5 
12 5 
4 5 
4 5 
12 5 
12 5 
12 5 
12 5 
4 5 
4 5 
12 5 
12 5 
12 5 
12 5 
4 5 
4 5 
12 5 
12 5 
12 5 
12 5 
4 5 
4 5 
12 5 
12 5 
12 5 
12 5 
4 5 
4 5 
12 5 
12 5 
12 5 
12 5 
4 5 
4 5 
12 5 
12 5 
12 5 
12 5 
4 5 
4 5 
12 5 
12 5 
12 5 
12 5 
4 5 
4 5 
12 5 
12 5 
12 5 
12 5 
4 5 
4 5 
12 5 
12 5 
12 5 
12 5 
4 5 
4 5 
12 5 
12 5 
12 5 
12 5 
4 5 
4 5 
12 5 
12 5 
12 5 
12 5 
4 5 
4 5 
12 5 
12 5 
12 5 
12 5 
4 5 
4 5 
12 5 
12 5 
12 5 
12 5 
4 5 
4 5 
12 5 
12 5 
12 5 
12 5 
4 5 
4 5 
12 5 
12 5 
12 5 
12 5 
4 5 
4 5 
12 5 
12 5 
12 5 
12 5 
4 5 
4 5 
12 5 
12 5 
12 5 
12 5 
4 5 
4 5 
12 5 
12 5 
12 5 
12 5 
4 5 
4 5 
12 5 
12 5 
12 5 
12 5 
4 5 
4 5 
12 5 
12 5 
12 5 
12 5 
4 5 
4 5 
12 5 
12 5 
12 5 
12 5 
4 5 
4 5 
12 5 
12 5 
12 5 
12 5 
4 5 
4 5 
12 5 
12 5 
12 5 
12 5 
4 5 
4 5 
12 5 
12 5 
12 5 
12 5 
4 5 
4 5 
12 5 
12 5 
12 5 
12 5 
4 5 
4 5 
12 5 
12 5 
12 5 
12 5 
4 5 
4 5 
12 5 
12 5 
12 5 
12 5 
4 5 
4 5 
12 5 
12 5 
12 5 
12 5 
4 5 
4 5 
12 5 
12 5 
12 5 
12 5 
4 5 
4 5 
12 5 
12 5 
12 5 
12 5 
4 5 
4 5 
12 5 
12 5 
12 5 
12 5 
4 5 
4 5 
12 5 
12 5 
12 5 
12 5 
4 5 
4 5 
12 5 
12 5 
12 5 
12 5 
4 5 
4 5 
12 5 
12 5 
12 5 
12 5 
4 5 
4 5 
12 5 
12 5 
12 5 
12 5 
4 5 
4 5 
12 5 
12 5 
12 5 
12 5 
4 5 
4 5 
12 5 
12 5 
12 5 
12 5 
4 5 
4 5 
12 5 
12 5 
12 5 
12 5 
4 5 
4 5 
12 5 
12 5 
12 5 
12 5 
4 5 
4 5 
12 5 
12 5 
12 5 
12 5 
4 5 
4 5 
12 5 
12 5 
12 5 
12 5 
4 5 
4 5 
12 5 
12 5 
12 5 
12 5 
4 5 
4 5 
12 5 
12 5 
12 5 
12 5 
4 5 
4 5 
12 5 
12 5 
12 5 
12 5 
4 5 
4 5 
12 5 
12 5 
12 5 
12 5 
4 5 
4 5 
12 5 
12 5 
12 5 
12 5 
4 5 
4 5 
12 5 
12 5 
12 5 
12 5 
4 5 
4 5 
12 5 
12 5 
12 5 
12 5 
4 5 
4 5 
12 5 
12 5 
12 5 
12 5 
4 5 
4 5 
12 5 
12 5 
12 5 
12 5 
4 5 
4 5 
12 5 
12 5 
12 5 
12 5 
4 5 
4 5 
12 5 
12 5 
12 5 
12 5 
4 5 
4 5 
12 5 
12 5 
12 5 
12 5 
4 5 
4 5 
12 5 
12 5 
12 5 
12 5 
4 5 
4 5 
12 5 
12 5 
12 5 
12 5 
4 5 
4 5 
12 5 
12 5 
12 5 
12 5 
4 5 
4 5 
12 5 
12 5 
12 5 
12 5 
4 5 
4 5 
12 5 
12 5 
12 5 
12 5 
4 5 
4 5 
12 5 
12 5 
12 5 
12 5 
4 5 
4 5 
12 5 
12 5 
12 5 
12 5 
4 5 
4 5 
12 5 
12 5 
12 5 
12 5 
4 5 
4 5 
12 5 
12 5 
12 5 
12 5 
4 5 
4 5 
12 5 
12 5 
12 5 
12 5 
4 5 
4 5 
12 5 
12 5 
12 5 
12 5 
4 5 
4 5 
12 5 
12 5 
12 5 
12 5 
4 5 
4 5 
12 5 
12 5 
12 5 
12 5 
4 5 
4 5 
12 5 
12 5 
12 5 
12 5 
4 5 
4 5 
12 5 
12 5 
12 5 
12 5 
4 5 
4 5 
12 5 
12 5 
12 5 
12 5 
4 5 
4 5 
12 5 
12 5 
12 5 
12 5 
4 5 
4 5 
12 5 
12 5 
12 5 
12 5 
4 5 
4 5 
12 5 
12 5 
12 5 
12 5 
4 5 
4 5 
12 5 
12 5 
12 5 
12 5 
4 5 
4 5 
12 5 
12 5 
12 5 
12 5 
4 5 
4 5 
12 5 
12 5 
12 5 
12 5 
4 5 
4 5 
12 5 
12 5 
12 5 
12 5 
4 5 
4 5 
12 5 
12 5 
12 5 
12 5 
4 5 
4 5 
12 5 
12 5 
12 5 
12 5 
4 5 
4 5 
12 5 
12 5 
12 5 
12 5 
4 5 
4 5 
12 5 
12 5 
12 5 
12 5 
4 5 
4 5 
12 5 
12 5 
12 5 
12 5 
4 5 
4 5 
12 5 
12 5 
12 5 
12 5 
4 5 
4 5 
12 5 
12 5 
12 5 
12 5 
4 5 
4 5 
12 5 
12 5 
12 5 
12 5 
4 5 
4 5 
12 5 
12 5 
12 5 
12 5 
4 5 
4 5 
12 5 
12 5 
12 5 
12 5 
4 5 
4 5 
12 5 
12 5 
12 5 
12 5 
4 5 
4 5 
12 5 
12 5 
12 5 
12 5 
4 5 
4 5 
12 5 
12 5 
12 5 
12 5 
4 5 
4 5 
12 5 
12 5 
12 5 
12 5 
4 5 
4 5 
12 5 
12 5 
12 5 
16
16
16
8
12
8
8
8
8
8
4
32
24
4
24
P3
128 128 255
120 976 
120 976 
120 976 
120 976 
120 976 
16
20
20
20
24
24
20
24
20
20
20
24
16
24
20
20
24
16
20
20
20
24
24
20
24
20
20
20
24
16
24
20
20
24
16
20
20
20
24
24
20
24
20
20
20
24
16
24
20
20
24
16
20
20
20
24
24
20
24
20
20
20
24
16
24
20
20
24
16
20
20
20
24
24
20
24
20
20
20
24
16
24
20
20
24
16
20
20
20
24
24
20
24
20
20
20
24
16
24
20
20
24
16
20
20
20
24
24
20
24
20
20
20
24
16
24
20
20
24
16
20
20
20
24
24
20
24
20
20
20
24
16
24
20
20
24
16
20
20
20
24
24
20
24
20
20
20
24
16
24
20
20
24
16
20
20
20
24
24
20
24
20
20
20
24
16
24
20
20
24
16
20
20
20
24
24
20
24
20
20
20
24
16
24
20
20
24
16
20
20
20
24
24
20
24
20
20
20
24
16
24
20
20
24
16
20
20
20
24
24
20
24
20
20
20
24
16
24
20
20
24
16
20
20
20
24
24
20
24
20
20
20
24
16
24
20
20
24
16
20
20
20
24
24
20
24
20
20
20
24
16
24
20
20
24
16
20
20
20
24
24
20
24
20
20
20
24
16
24
20
20
24
16
20
20
20
24
24
20
24
20
20
20
24
16
24
20
20
24
16
20
20
20
24
24
20
24
20
20
20
24
16
24
20
20
24
16
20
20
20
24
24
20
24
20
20
20
24
16
24
20
20
24
16
20
20
20
24
24
20
24
20
20
20
24
16
24
20
20
24
16
20
20
20
24
24
20
24
20
20
20
24
16
24
20
20
24
16
20
20
20
24
24
20
24
20
20
20
24
16
24
20
20
24
16
20
20
20
24
24
20
24
20
20
20
24
16
24
20
20
24
16
20
20
20
24
24
20
24
20
20
20
24
16
24
20
20
24
16
20
20
20
24
24
20
24
20
20
20
24
16
24
20
20
24
16
20
20
20
24
24
20
24
20
20
20
24
16
24
20
20
24
16
20
20
20
24
24
20
24
20
20
20
24
16
24
20
20
24
16
20
20
20
24
24
20
24
20
20
20
24
16
24
20
20
24
16
20
20
20
24
24
20
24
20
20
20
24
16
24
20
20
24
16
20
20
20
24
24
20
24
20
20
20
24
16
24
20
20
24
16
20
20
20
24
24
20
24
20
20
20
24
16
24
20
20
24
16
20
20
20
24
24
20
24
20
20
20
24
16
24
20
20
24
16
20
20
20
24
24
20
24
20
20
20
24
16
24
20
20
24
16
20
20
20
24
24
20
24
20
20
20
24
16
24
20
20
24
16
20
20
20
24
24
20
24
20
20
20
24
16
24
20
20
24
16
20
20
20
24
24
20
24
20
20
20
24
16
24
20
20
24
16
20
20
20
24
24
20
24
20
20
20
24
16
24
20
20
24
16
20
20
20
24
24
20
24
20
20
20
24
16
24
20
20
24
16
20
20
20
24
24
20
24
20
20
20
24
16
24
20
20
24
16
20
20
20
24
24
20
24
20
20
20
24
16
24
20
20
24
16
20
20
20
24
24
20
24
20
20
20
24
16
24
20
20
24
16
20
20
20
24
24
20
24
20
20
20
24
16
24
20
20
24
16
20
20
20
24
24
20
24
20
20
20
24
16
24
20
20
24
16
20
20
20
24
24
20
24
20
20
20
24
16
24
20
20
24
16
20
20
20
24
24
20
24
20
20
20
24
16
24
20
20
24
16
20
20
20
24
24
20
24
20
20
20
24
16
24
20
20
24
16
20
20
20
24
24
20
24
20
20
20
24
16
24
20
20
24
16
20
20
20
24
24
20
24
20
20
20
24
16
24
20
20
24
16
20
20
20
24
24
20
24
20
20
20
24
16
24
20
20
24
16
20
20
20
24
24
20
24
20
20
20
24
16
24
20
20
24
16
20
20
20
24
24
20
24
20
20
20
24
16
24
20
20
24
16
20
20
20
24
24
20
24
20
20
20
24
16
24
20
20
24
16
20
20
20
24
24
20
24
20
20
20
24
16
24
20
20
24
16
20
20
20
24
24
20
24
20
20
20
24
16
24
20
20
24
16
20
20
20
24
24
20
24
20
20
20
24
16
24
20
20
24
16
20
20
20
24
24
20
24
20
20
20
24
16
24
20
20
24
16
20
20
20
24
24
20
24
20
20
20
24
16
24
20
20
24
16
20
20
20
24
24
20
24
20
20
20
24
16
24
20
20
24
16
20
20
20
24
24
20
24
20
20
20
24
16
24
20
20
24
16
20
20
20
24
24
20
24
20
20
20
24
16
24
20
20
24
16
20
20
20
24
24
20
24
20
20
20
24
16
24
20
20
24
16
20
20
20
24
24
20
24
20
20
20
24
16
24
20
20
24
16
20
20
20
24
24
20
24
20
20
20
24
16
24
20
20
24
16
20
20
20
24
24
20
24
20
20
20
24
16
24
20
20
24
16
20
20
20
24
24
20
24
20
20
20
24
16
24
20
20
24
16
20
20
20
24
24
20
24
20
20
20
24
16
24
20
20
24
16
20
20
20
24
24
20
24
20
20
20
24
16
24
20
20
24
16
20
20
20
24
24
20
24
20
20
20
24
16
24
20
20
24
16
20
20
20
24
24
20
24
20
20
20
24
16
24
20
20
24
16
20
20
20
24
24
20
24
20
20
20
24
16
24
20
20
24
16
20
20
20
24
24
20
24
20
20
20
24
16
24
20
20
24
16
20
20
20
24
24
20
24
20
20
20
24
16
24
20
20
24
16
20
20
20
24
24
20
24
20
20
20
24
16
24
20
20
24
16
20
20
20
24
24
20
24
20
20
20
24
16
24
20
20
24
16
20
20
20
24
24
20
24
20
20
20
24
16
24
20
20
24
16
20
20
20
24
24
20
24
20
20
20
24
16
24
20
20
24
16
20
20
20
24
24
20
24
20
20
20
24
16
24
20
20
24
16
20
20
20
24
24
20
24
20
20
20
24
16
24
20
20
24
16
20
20
20
24
24
20
24
20
20
20
24
16
24
20
20
24
16
20
20
20
24
24
20
24
20
20
20
24
16
24
20
20
24
16
20
20
20
24
24
20
24
20
20
20
24
16
24
20
20
24
16
20
20
20
24
24
20
24
20
20
20
24
16
24
20
20
24
16
20
20
20
24
24
20
24
20
20
20
24
16
24
20
20
24
16
20
20
20
24
24
20
24
20
20
20
24
16
24
20
20
24
16
20
20
20
24
24
20
24
20
20
20
24
16
24
20
20
24
16
20
20
20
24
24
20
24
20
20
20
24
16
24
20
20
24
16
20
20
20
24
24
20
24
20
20
20
24
16
24
20
20
24
16
20
20
20
24
24
20
24
20
20
20
24
16
24
20
20
24
16
20
20
20
24
24
20
24
20
20
20
24
16
24
20
20
24
16
20
20
20
24
24
20
24
20
20
20
24
16
24
20
20
24
16
20
20
20
24
24
20
24
20
20
20
24
16
24
20
20
24
16
20
20
20
24
24
20
24
20
20
20
24
16
24
20
20
24
16
20
20
20
24
24
20
24
20
20
20
24
16
24
20
20
24
16
20
20
20
24
24
20
24
20
20
20
24
16
24
20
20
24
16
20
20
20
24
24
20
24
20
20
20
24
16
24
20
20
24
16
20
20
20
24
24
20
24
20
20
20
24
16
24
20
20
24
16
20
20
20
24
24
20
24
20
20
20
24
16
24
20
20
24
16
20
20
20
24
24
20
24
20
20
20
24
16
24
20
20
24
16
20
20
20
24
24
20
24
20
20
20
24
16
24
20
20
24
16
20
20
20
24
24
20
24
20
20
20
24
16
24
20
20
24
16
20
20
20
24
24
20
24
20
20
20
24
16
24
20
20
24
16
20
20
20
24
24
20
24
20
20
20
24
16
24
20
20
24
16
20
20
20
24
24
20
24
20
20
20
24
16
24
20
20
24
16
20
20
20
24
24
20
24
20
20
20
24
16
24
20
20
24
16
20
20
20
24
24
20
24
20
20
20
24
16
24
20
20
24
16
20
20
20
24
24
20
24
20
20
20
24
16
24
20
20
24
16
20
20
20
24
24
20
24
20
20
20
24
16
24
20
20
24
16
20
20
20
24
24
20
24
20
20
20
24
16
24
20
20
24
16
20
20
20
24
24
20
24
20
20
20
24
16
24
20
20
24
16
20
20
20
24
24
20
24
20
20
20
24
16
24
20
20
24
16
20
20
20
24
24
20
24
20
20
20
24
16
24
20
20
24
16
20
20
20
24
24
20
24
20
20
20
24
16
24
20
20
24
16
20
20
20
24
24
20
24
20
20
20
24
16
24
20
20
24
16
20
20
20
24
24
20
24
20
20
20
24
16
24
20
20
24
16
20
20
20
24
24
20
24
20
20
20
24
16
24
20
20
24
16
20
20
20
24
24
20
24
20
20
20
24
16
24
20
20
24
16
20
20
20
24
24
20
24
20
20
20
24
16
24
20
20
24
16
20
20
20
24
24
20
24
20
20
20
24
16
24
20
20
24
16
20
20
20
24
24
20
24
20
20
20
24
16
24
20
20
24
16
20
20
20
24
24
20
24
20
20
20
24
16
24
20
20
24
16
20
20
20
24
24
20
24
20
20
20
24
16
24
20
20
24
16
20
20
20
24
24
20
24
20
20
20
24
16
24
20
20
24
16
20
20
20
24
24
20
24
20
20
20
24
16
24
20
20
24
16
20
20
20
24
24
20
24
20
20
20
24
16
24
20
20
24
16
20
20
20
24
24
20
24
20
20
20
24
16
24
20
20
24
16
20
20
20
24
24
20
24
20
20
20
24
16
24
20
20
24
16
20
20
20
24
24
20
24
20
20
20
24
16
24
20
20
24
16
20
20
20
24
24
20
24
20
20
20
24
16
24
20
20
24
16
20
20
20
24
24
20
24
20
20
20
24
16
24
20
20
24
16
20
20
20
24
24
20
24
20
20
20
24
16
24
20
20
24
16
20
20
20
24
24
20
24
20
20
20
24
16
24
20
20
24
16
20
20
20
24
24
20
24
20
20
20
24
16
24
20
20
24
16
20
20
20
24
24
20
24
20
20
20
24
16
24
20
20
24
16
20
20
20
24
24
20
24
20
20
20
24
16
24
20
20
24
16
20
20
20
24
24
20
24
20
20
20
24
16
24
20
20
24
16
20
20
20
24
24
20
24
20
20
20
24
16
24
20
20
24
16
20
20
20
24
24
20
24
20
20
20
24
16
24
20
20
24
16
20
20
20
24
24
20
24
20
20
20
24
16
24
20
20
24
16
20
20
20
24
24
20
24
20
20
20
24
16
24
20
20
24
16
20
20
20
24
24
20
24
20
20
20
24
16
24
20
20
24
16
20
20
20
24
24
20
24
20
20
20
24
16
24
20
20
24
16
20
20
20
24
24
20
24
20
20
20
24
16
24
20
20
24
16
20
20
20
24
24
20
24
20
20
20
24
16
24
20
20
24
16
20
20
20
24
24
20
24
20
20
20
24
16
24
20
20
24
16
20
20
20
24
24
20
24
20
20
20
24
16
24
20
20
24
16
20
20
20
24
24
20
24
20
20
20
24
16
24
20
20
24
16
20
20
20
24
24
20
24
20
20
20
24
16
24
20
20
24
16
20
20
20
24
24
20
24
20
20
20
24
16
24
20
20
24
16
20
20
20
24
24
20
24
20
20
20
24
16
24
20
20
24
16
20
20
20
24
24
20
24
20
20
20
24
16
24
20
20
24
16
20
20
20
24
24
20
24
20
20
20
24
16
24
20
20
24
16
20
20
20
24
24
20
24
20
20
20
24
16
24
20
20
24
16
20
20
20
24
24
20
24
20
20
20
24
16
24
20
20
24
16
20
20
20
24
24
20
24
20
20
20
24
16
24
20
20
24
16
20
20
20
24
24
20
24
20
20
20
24
16
24
20
20
24
16
20
20
20
24
24
20
24
20
20
20
24
16
24
20
20
24
16
20
20
20
24
24
20
24
20
20
20
24
16
24
20
20
24
16
20
20
20
24
24
20
24
20
20
20
24
16
24
20
20
24
16
20
20
20
24
24
20
24
20
20
20
24
16
24
20
20
24
16
20
20
20
24
24
20
24
20
20
20
24
16
24
20
20
24
16
20
20
20
24
24
20
24
20
20
20
24
16
24
20
20
24
16
20
20
20
24
24
20
24
20
20
20
24
16
24
20
20
24
16
20
20
20
24
24
20
24
20
20
20
24
16
24
20
20
24
16
20
20
20
24
24
20
24
20
20
20
24
16
24
20
20
24
16
20
20
20
24
24
20
24
20
20
20
24
16
24
20
20
24
16
20
20
20
24
24
20
24
20
20
20
24
16
24
20
20
24
16
20
20
20
24
24
20
24
20
20
20
24
16
24
20
20
24
16
20
20
20
24
24
20
24
20
20
20
24
16
24
20
20
24
16
20
20
20
24
24
20
24
20
20
20
24
16
24
20
20
24
16
20
20
20
24
24
20
24
20
20
20
24
16
24
20
20
24
16
20
20
20
24
24
20
24
20
20
20
24
16
24
20
20
24
16
20
20
20
24
24
20
24
20
20
20
24
16
24
20
20
24
16
20
20
20
24
24
20
24
20
20
20
24
16
24
20
20
24
16
20
20
20
24
24
20
24
20
20
20
24
16
24
20
20
24
16
20
20
20
24
24
20
24
20
20
20
24
16
24
20
20
24
16
20
20
20
24
24
20
24
20
20
20
24
16
24
20
20
24
16
20
20
20
24
24
20
24
20
20
20
24
16
24
20
20
24
16
20
20
20
24
24
20
24
20
20
20
24
16
24
20
20
24
16
20
20
20
24
24
20
24
20
20
20
24
16
24
20
20
24
16
20
20
20
24
24
20
24
20
20
20
24
16
24
20
20
24
16
20
20
20
24
24
20
24
20
20
20
24
16
24
20
20
24
16
20
20
20
24
24
20
24
20
20
20
24
16
24
20
20
24
16
20
20
20
24
24
20
24
20
20
20
24
16
24
20
20
24
16
20
20
20
24
24
20
24
20
20
20
24
16
24
20
20
24
16
20
20
20
24
24
20
24
20
20
20
24
16
24
20
20
24
16
20
20
20
24
24
20
24
20
20
20
24
16
24
20
20
24
16
20
20
20
24
24
20
24
20
20
20
24
16
24
20
20
24
16
20
20
20
24
24
20
24
20
20
20
24
16
24
20
20
24
16
20
20
20
24
24
20
24
20
20
20
24
16
24
20
20
24
16
20
20
20
24
24
20
24
20
20
20
24
16
24
20
20
24
16
20
20
20
24
24
20
24
20
20
20
24
16
24
20
20
24
16
20
20
20
24
24
20
24
20
20
20
24
16
24
20
20
24
16
20
20
20
24
24
20
24
20
20
20
24
16
24
20
20
24
16
20
20
20
24
24
20
24
20
20
20
24
16
24
20
20
24
16
20
20
20
24
24
20
24
20
20
20
24
16
24
20
20
24
16
20
20
20
24
24
20
24
20
20
20
24
16
24
20
20
24
16
20
20
20
24
24
20
24
20
20
20
24
16
24
20
20
24
16
20
20
20
24
24
20
24
20
20
20
24
16
24
20
20
24
16
20
20
20
24
24
20
24
20
20
20
24
16
24
20
20
24
16
20
20
20
24
24
20
24
20
20
20
24
16
24
20
20
24
16
20
20
20
24
24
20
24
20
20
20
24
16
24
20
20
24
16
20
20
20
24
24
20
24
20
20
20
24
16
24
20
20
24
16
20
20
20
24
24
20
24
20
20
20
24
16
24
20
20
24
16
20
20
20
24
24
20
24
20
20
20
24
16
24
20
20
24
16
20
20
20
24
24
20
24
20
20
20
24
16
24
20
20
24
16
20
20
20
24
24
20
24
20
20
20
24
16
24
20
20
24
16
20
20
20
24
24
20
24
20
20
20
24
16
24
20
20
24
16
20
20
20
24
24
20
24
20
20
20
24
16
24
20
20
24
16
20
20
20
24
24
20
24
20
20
20
24
16
24
20
20
24
16
20
20
20
24
24
20
24
20
20
20
24
16
24
20
20
24
16
20
20
20
24
24
20
24
20
20
20
24
16
24
20
20
24
16
20
20
20
24
24
20
24
20
20
20
24
16
24
20
20
24
16
20
20
20
24
24
20
24
20
20
20
24
16
24
20
20
24
16
20
20
20
24
24
20
24
20
20
20
24
16
24
20
20
24
16
20
20
20
24
24
20
24
20
20
20
24
16
24
20
20
24
16
20
20
20
24
24
20
24
20
20
20
24
16
24
20
20
24
16
20
20
20
24
24
20
24
20
20
20
24
16
24
20
20
24
16
20
20
20
24
24
20
24
20
20
20
24
16
24
20
20
24
16
20
20
20
24
24
20
24
20
20
20
24
16
24
20
20
24
16
20
20
20
24
24
20
24
20
20
20
24
16
24
20
20
24
16
20
20
20
24
24
20
24
20
20
20
24
16
24
20
20
24
16
20
20
20
24
24
20
24
20
20
20
24
16
24
20
20
24
16
20
20
20
24
24
20
24
20
20
20
24
16
24
20
20
24
16
20
20
20
24
24
20
24
20
20
20
24
16
24
20
20
24
16
20
20
20
24
24
20
24
20
20
20
24
16
24
20
20
24
16
20
20
20
24
24
20
24
20
20
20
24
16
24
20
20
24
16
20
20
20
24
24
20
24
20
20
20
24
16
24
20
20
24
16
20
20
20
24
24
20
24
20
20
20
24
16
24
20
20
24
16
20
20
20
24
24
20
24
20
20
20
24
16
24
20
20
24
16
20
20
20
24
24
20
24
20
20
20
24
16
24
20
20
24
16
20
20
20
24
24
20
24
20
20
20
24
16
24
20
20
24
16
20
20
20
24
24
20
24
20
20
20
24
16
24
20
20
24
16
20
20
20
24
24
20
24
20
20
20
24
16
24
20
20
24
16
20
20
20
24
24
20
24
20
20
20
24
16
24
20
20
24
16
20
20
20
24
24
20
24
20
20
20
24
16
24
20
20
24
16
20
20
20
24
24
20
24
20
20
20
24
16
24
20
20
24
16
20
20
20
24
24
20
24
20
20
20
24
16
24
20
20
24
16
20
20
20
24
24
20
24
20
20
20
24
16
24
20
20
24
16
20
20
20
24
24
20
24
20
20
20
24
16
24
20
20
24
16
20
20
20
24
24
20
24
20
20
20
24
16
24
20
20
24
16
20
20
20
24
24
20
24
20
20
20
24
16
24
20
20
24
16
20
20
20
24
24
20
24
20
20
20
24
16
24
20
20
24
16
20
20
20
24
24
20
24
20
20
20
24
16
24
20
20
24
16
20
20
20
24
24
20
24
20
20
20
24
16
24
20
20
24
16
20
20
20
24
24
20
24
20
20
20
24
16
24
20
20
24
16
20
20
20
24
24
20
24
20
20
20
24
16
24
20
20
24
16
20
20
20
24
24
20
24
20
20
20
24
16
24
20
20
24
16
20
20
20
24
24
20
24
20
20
20
24
16
24
20
20
24
16
20
20
20
24
24
20
24
20
20
20
24
16
24
20
20
24
16
20
20
20
24
24
20
24
20
20
20
24
16
24
20
20
24
16
20
20
20
24
24
20
24
20
20
20
24
16
24
20
20
24
16
20
20
20
24
24
20
24
20
20
20
24
16
24
20
20
24
16
20
20
20
24
24
20
24
20
20
20
24
16
24
20
20
24
16
20
20
20
24
24
20
24
20
20
20
24
16
24
20
20
24
16
20
20
20
24
24
20
24
20
20
20
24
16
24
20
20
24
16
20
20
20
24
24
20
24
20
20
20
24
16
24
20
20
24
16
20
20
20
24
24
20
24
20
20
20
24
16
24
20
20
24
16
20
20
20
24
24
20
24
20
20
20
24
16
24
20
20
24
16
20
20
20
24
24
20
24
20
20
20
24
16
24
20
20
24
16
20
20
20
24
24
20
24
20
20
20
24
16
24
20
20
24
16
20
20
20
24
24
20
24
20
20
20
24
16
24
20
20
24
16
20
20
20
24
24
20
24
20
20
20
24
16
24
20
20
24
16
20
20
20
24
24
20
24
20
20
20
24
16
24
20
20
24
16
20
20
20
24
24
20
24
20
20
20
24
16
24
20
20
24
16
20
20
20
24
24
20
24
20
20
20
24
16
24
20
20
24
16
20
20
20
24
24
20
24
20
20
20
24
16
24
20
20
24
16
20
20
20
24
24
20
24
20
20
20
24
16
24
20
20
24
16
20
20
20
24
24
20
24
20
20
20
24
16
24
20
20
24
16
20
20
20
24
24
20
24
20
20
20
24
16
24
20
20
24
16
20
20
20
24
24
20
24
20
20
20
24
16
24
20
20
24
16
20
20
20
24
24
20
24
20
20
20
24
16
24
20
20
24
16
20
20
20
24
24
20
24
20
20
20
24
16
24
20
20
24
16
20
20
20
24
24
20
24
20
20
20
24
16
24
20
20
24
16
20
20
20
24
24
20
24
20
20
20
24
16
24
20
20
24
16
20
20
20
24
24
20
24
20
20
20
24
16
24
20
20
24
16
20
20
20
24
24
20
24
20
20
20
24
16
24
20
20
24
16
20
20
20
24
24
20
24
20
20
20
24
16
24
20
20
24
16
20
20
20
24
24
20
24
20
20
20
24
16
24
20
20
24
16
20
20
20
24
24
20
24
20
20
20
24
16
24
20
20
24
16
20
20
20
24
24
20
24
20
20
20
24
16
24
20
20
24
16
20
20
20
24
24
20
24
20
20
20
24
16
24
20
20
24
16
20
20
20
24
24
20
24
20
20
20
24
16
24
20
20
24
16
20
20
20
24
24
20
24
20
20
20
24
16
24
20
20
24
16
20
20
20
24
24
20
24
20
20
20
24
16
24
20
20
24
16
20
20
20
24
24
20
24
20
20
20
24
16
24
20
20
24
16
20
20
20
24
24
20
24
20
20
20
24
16
24
20
20
24
16
20
20
20
24
24
20
24
20
20
20
24
16
24
20
20
24
16
20
20
20
24
24
20
24
20
20
20
24
16
24
20
20
24
16
20
20
20
24
24
20
24
20
20
20
24
16
24
20
20
24
16
20
20
20
24
24
20
24
20
20
20
24
16
24
20
20
24
16
20
20
20
24
24
20
24
20
20
20
24
16
24
20
20
24
16
20
20
20
24
24
20
24
20
20
20
24
16
24
20
20
24
16
20
20
20
24
24
20
24
20
20
20
24
16
24
20
20
24
16
20
20
20
24
24
20
24
20
20
20
24
16
24
20
20
24
16
20
20
20
24
24
20
24
20
20
20
24
16
24
20
20
24
16
20
20
20
24
24
20
24
20
20
20
24
16
24
20
20
24
16
20
20
20
24
24
20
24
20
20
20
24
16
24
20
20
24
16
20
20
20
24
24
20
24
20
20
20
24
16
24
20
20
24
16
20
20
20
24
24
20
24
20
20
20
24
16
24
20
20
24
16
20
20
20
24
24
20
24
20
20
20
24
16
24
20
20
24
16
20
20
20
24
24
20
24
20
20
20
24
16
24
20
20
24
16
20
20
20
24
24
20
24
20
20
20
24
16
24
20
20
24
16
20
20
20
24
24
20
24
20
20
20
24
16
24
20
20
24
16
20
20
20
24
24
20
24
20
20
20
24
16
24
20
20
24
16
20
20
20
24
24
20
24
20
20
20
24
16
24
20
20
24
16
20
20
20
24
24
20
24
20
20
20
24
16
24
20
20
24
16
20
20
20
24
24
20
24
20
20
20
24
16
24
20
20
24
16
20
20
20
24
24
20
24
20
20
20
24
16
24
20
20
24
16
20
20
20
24
24
20
24
20
20
20
24
16
24
20
20
24
16
20
20
20
24
24
20
24
20
20
20
24
16
24
20
20
24
16
20
20
20
24
24
20
24
20
20
20
24
16
24
20
20
24
16
20
20
20
24
24
20
24
20
20
20
24
16
24
20
20
24
16
20
20
20
24
24
20
24
20
20
20
24
16
24
20
20
24
16
20
20
20
24
24
20
24
20
20
20
24
16
24
20
20
24
16
20
20
20
24
24
20
24
20
20
20
24
16
24
20
20
24
16
20
20
20
24
24
20
24
20
20
20
24
16
24
20
20
24
16
20
20
20
24
24
20
24
20
20
20
24
16
24
20
20
24
16
20
20
20
24
24
20
24
20
20
20
24
16
24
20
20
24
16
20
20
20
24
24
20
24
20
20
20
24
16
24
20
20
24
16
20
20
20
24
24
20
24
20
20
20
24
16
24
20
20
24
16
20
20
20
24
24
20
24
20
20
20
24
16
24
20
20
24
16
20
20
20
24
24
20
24
20
20
20
24
16
24
20
20
24
16
20
20
20
24
24
20
24
20
20
20
24
16
24
20
20
24
16
20
20
20
24
24
20
24
20
20
20
24
16
24
20
20
24
16
20
20
20
24
24
20
24
20
20
20
24
16
24
20
20
24
16
20
20
20
24
24
20
24
20
20
20
24
16
24
20
20
24
16
20
20
20
24
24
20
24
20
20
20
24
16
24
20
20
24
16
20
20
20
24
24
20
24
20
20
20
24
16
24
20
20
24
16
20
20
20
24
24
20
24
20
20
20
24
16
24
20
20
24
16
20
20
20
24
24
20
24
20
20
20
24
16
24
20
20
24
16
20
20
20
24
24
20
24
20
20
20
24
16
24
20
20
24
16
20
20
20
24
24
20
24
20
20
20
24
16
24
20
20
24
16
20
20
20
24
24
20
24
20
20
20
24
16
24
20
20
24
16
20
20
20
24
24
20
24
20
20
20
24
16
24
20
20
24
16
20
20
20
24
24
20
24
20
20
20
24
16
24
20
20
24
16
20
20
20
24
24
20
24
20
20
20
24
16
24
20
20
24
16
20
20
20
24
24
20
24
20
20
20
24
16
24
20
20
24
16
20
20
20
24
24
20
24
20
20
20
24
16
24
20
20
24
16
20
20
20
24
24
20
24
20
20
20
24
16
24
20
20
24
16
20
20
20
24
24
20
24
20
20
20
24
16
24
20
20
24
16
20
20
20
24
24
20
24
20
20
20
24
16
24
20
20
24
16
20
20
20
24
24
20
24
20
20
20
24
16
24
20
20
24
16
20
20
20
24
24
20
24
20
20
20
24
16
24
20
20
24
16
20
20
20
24
24
20
24
20
20
20
24
16
24
20
20
24
16
20
20
20
24
24
20
24
20
20
20
24
16
24
20
20
24
16
20
20
20
24
24
20
24
20
20
20
24
16
24
20
20
24
16
20
20
20
24
24
20
24
20
20
20
24
16
24
20
20
24
16
20
20
20
24
24
20
24
20
20
20
24
16
24
20
20
24
16
20
20
20
24
24
20
24
20
20
20
24
16
24
20
20
24
16
20
20
20
24
24
20
24
20
20
20
24
16
24
20
20
24
16
20
20
20
24
24
20
24
20
20
20
24
16
24
20
20
24
16
20
20
20
24
24
20
24
20
20
20
24
16
24
20
20
24
16
20
20
20
24
24
20
24
20
20
20
24
16
24
20
20
24
16
20
20
20
24
24
20
24
20
20
20
24
16
24
20
20
24
16
20
20
20
24
24
20
24
20
20
20
24
16
24
20
20
24
16
20
20
20
24
24
20
24
20
20
20
24
16
24
20
20
24
16
20
20
20
24
24
20
24
20
20
20
24
16
24
20
20
24
16
20
20
20
24
24
20
24
20
20
20
24
16
24
20
20
24
16
20
20
20
24
24
20
24
20
20
20
24
16
24
20
20
24
16
20
20
20
24
24
20
24
20
20
20
24
16
24
20
20
24
16
20
20
20
24
24
20
24
20
20
20
24
16
24
20
20
24
16
20
20
20
24
24
20
24
20
20
20
24
16
24
20
20
24
16
20
20
20
24
24
20
24
20
20
20
24
16
24
20
20
24
16
20
20
20
24
24
20
24
20
20
20
24
16
24
20
20
24
16
20
20
20
24
24
20
24
20
20
20
24
16
24
20
20
24
16
20
20
20
24
24
20
24
20
20
20
24
16
24
20
20
24
16
20
20
20
24
24
20
24
20
20
20
24
16
24
20
20
24
16
20
20
20
24
24
20
24
20
20
20
24
16
24
20
20
24
16
20
20
20
24
24
20
24
20
20
20
24
16
24
20
20
24
16
20
20
20
24
24
20
24
20
20
20
24
16
24
20
20
24
16
20
20
20
24
24
20
24
20
20
20
24
16
24
20
20
24
16
20
20
20
24
24
20
24
20
20
20
24
16
24
20
20
24
16
20
20
20
24
24
20
24
20
20
20
24
16
24
20
20
24
16
20
20
20
24
24
20
24
20
20
20
24
16
24
20
20
24
16
20
20
20
24
24
20
24
20
20
20
24
16
24
20
20
24
16
20
20
20
24
24
20
24
20
20
20
24
16
24
20
20
24
16
20
20
20
24
24
20
24
20
20
20
24
16
24
20
20
24
16
20
20
20
24
24
20
24
20
20
20
24
16
24
20
20
24
16
20
20
20
24
24
20
24
20
20
20
24
16
24
20
20
24
16
20
20
20
24
24
20
24
20
20
20
24
16
24
20
20
24
16
20
20
20
24
24
20
24
20
20
20
24
16
24
20
20
24
16
20
20
20
24
24
20
24
20
20
20
24
16
24
20
20
24
16
20
20
20
24
24
20
24
20
20
20
24
16
24
20
20
24
16
20
20
20
24
24
20
24
20
20
20
24
16
24
20
20
24
16
20
20
20
24
24
20
24
20
20
20
24
16
24
20
20
24
16
20
20
20
24
24
20
24
20
20
20
24
16
24
20
20
24
16
20
20
20
24
24
20
24
20
20
20
24
16
24
20
20
24
16
20
20
20
24
24
20
24
20
20
20
24
16
24
20
20
24
16
20
20
20
24
24
20
24
20
20
20
24
16
24
20
20
24
16
20
20
20
24
24
20
24
20
20
20
24
16
24
20
20
24
16
20
20
20
24
24
20
24
20
20
20
24
16
24
20
20
24
16
20
20
20
24
24
20
24
20
20
20
24
16
24
20
20
24
16
20
20
20
24
24
20
24
20
20
20
24
16
24
20
20
24
16
20
20
20
24
24
20
24
20
20
20
24
16
24
20
20
24
16
20
20
20
24
24
20
24
20
20
20
24
16
24
20
20
24
16
20
20
20
24
24
20
24
20
20
20
24
16
24
20
20
24
16
20
20
20
24
24
20
24
20
20
20
24
16
24
20
20
24
16
20
20
20
24
24
20
24
20
20
20
24
16
24
20
20
24
16
20
20
20
24
24
20
24
20
20
20
24
16
24
20
20
24
16
20
20
20
24
24
20
24
20
20
20
24
16
24
20
20
24
16
20
20
20
24
24
20
24
20
20
20
24
16
24
20
20
24
16
20
20
20
24
24
20
24
20
20
20
24
16
24
20
20
24
16
20
20
20
24
24
20
24
20
20
20
24
16
24
20
20
24
16
20
20
20
24
24
20
24
20
20
20
24
16
24
20
20
24
16
20
20
20
24
24
20
24
20
20
20
24
16
24
20
20
24
16
20
20
20
24
24
20
24
20
20
20
24
16
24
20
20
24
16
20
20
20
24
24
20
24
20
20
20
24
16
24
20
20
24
16
20
20
20
24
24
20
24
20
20
20
24
16
24
20
20
24
16
20
20
20
24
24
20
24
20
20
20
24
16
24
20
20
24
16
20
20
20
24
24
20
24
20
20
20
24
16
24
20
20
24
16
20
20
20
24
24
20
24
20
20
20
24
16
24
20
20
24
16
20
20
20
24
24
20
24
20
20
20
24
16
24
20
20
24
16
20
20
20
24
24
20
24
20
20
20
24
16
24
20
20
24
16
20
20
20
24
24
20
24
20
20
20
24
16
24
20
20
24
16
20
20
20
24
24
20
24
20
20
20
24
16
24
20
20
24
16
20
20
20
24
24
20
24
20
20
20
24
16
24
20
20
24
16
20
20
20
24
24
20
24
20
20
20
24
16
24
20
20
24
16
20
20
20
24
24
20
24
20
20
20
24
16
24
20
20
24
16
20
20
20
24
24
20
24
20
20
20
24
16
24
20
20
24
16
20
20
20
24
24
20
24
20
20
20
24
16
24
20
20
24
16
20
20
20
24
24
20
24
20
20
20
24
16
24
20
20
24
16
20
20
20
24
24
20
24
20
20
20
24
16
24
20
20
24
16
20
20
20
24
24
20
24
20
20
20
24
16
24
20
20
24
16
20
20
20
24
24
20
24
20
20
20
24
16
24
20
20
24
16
20
20
20
24
24
20
24
20
20
20
24
16
24
20
20
24
16
20
20
20
24
24
20
24
20
20
20
24
16
24
20
20
24
16
20
20
20
24
24
20
24
20
20
20
24
16
24
20
20
24
16
20
20
20
24
24
20
24
20
20
20
24
16
24
20
20
24
16
20
20
20
24
24
20
24
20
20
20
24
16
24
20
20
24
16
20
20
20
24
24
20
24
20
20
20
24
16
24
20
20
24
16
20
20
20
24
24
20
24
20
20
20
24
16
24
20
20
24
16
20
20
20
24
24
20
24
20
20
20
24
16
24
20
20
24
16
20
20
20
24
24
20
24
20
20
20
24
16
24
20
20
24
16
20
20
20
24
24
20
24
20
20
20
24
16
24
20
20
24
16
20
20
20
24
24
20
24
20
20
20
24
16
24
20
20
24
16
20
20
20
24
24
20
24
20
20
20
24
16
24
20
20
24
16
20
20
20
24
24
20
24
20
20
20
24
16
24
20
20
24
16
20
20
20
24
24
20
24
20
20
20
24
16
24
20
20
24
16
20
20
20
24
24
20
24
20
20
20
24
16
24
20
20
24
16
20
20
20
24
24
20
24
20
20
20
24
16
24
20
20
24
16
20
20
20
24
24
20
24
20
20
20
24
16
24
20
20
24
16
20
20
20
24
24
20
24
20
20
20
24
16
24
20
20
24
16
20
20
20
24
24
20
24
20
20
20
24
16
24
20
20
24
16
20
20
20
24
24
20
24
20
20
20
24
16
24
20
20
24
16
20
20
20
24
24
20
24
20
20
20
24
16
24
20
20
24
16
20
20
20
24
24
20
24
20
20
20
24
16
24
20
20
24
16
20
20
20
24
24
20
24
20
20
20
24
16
24
20
20
24
16
20
20
20
24
24
20
24
20
20
20
24
16
24
20
20
24
16
20
20
20
24
24
20
24
20
20
20
24
16
24
20
20
24
16
20
20
20
24
24
20
24
20
20
20
24
16
24
20
20
24
16
20
20
20
24
24
20
24
20
20
20
24
16
24
20
20
24
16
20
20
20
24
24
20
24
20
20
20
24
16
24
20
20
24
16
20
20
20
24
24
20
24
20
20
20
24
16
24
20
20
24
16
20
20
20
24
24
20
24
20
20
20
24
16
24
20
20
24
16
20
20
20
24
24
20
24
20
20
20
24
16
24
20
20
24
16
20
20
20
24
24
20
24
20
20
20
24
16
24
20
20
24
16
20
20
20
24
24
20
24
20
20
20
24
16
24
20
20
24
16
20
20
20
24
24
20
24
20
20
20
24
16
24
20
20
24
16
20
20
20
24
24
20
24
20
20
20
24
16
24
20
20
24
16
20
20
20
24
24
20
24
20
20
20
24
16
24
20
20
24
16
20
20
20
24
24
20
24
20
20
20
24
16
24
20
20
24
16
20
20
20
24
24
20
24
20
20
20
24
16
24
20
20
24
16
20
20
20
24
24
20
24
20
20
20
24
16
24
20
20
24
16
20
20
20
24
24
20
24
20
20
20
24
16
24
20
20
24
16
20
20
20
24
24
20
24
20
20
20
24
16
24
20
20
24
16
20
20
20
24
24
20
24
20
20
20
24
16
24
20
20
24
16
20
20
20
24
24
20
24
20
20
20
24
16
24
20
20
24
16
20
20
20
24
24
20
24
20
20
20
24
16
24
20
20
24
16
20
20
20
24
24
20
24
20
20
20
24
16
24
20
20
24
16
20
20
20
24
24
20
24
20
20
20
24
16
24
20
20
24
16
20
20
20
24
24
20
24
20
20
20
24
16
24
20
20
24
16
20
20
20
24
24
20
24
20
20
20
24
16
24
20
20
24
16
20
20
20
24
24
20
24
20
20
20
24
16
24
20
20
24
16
20
20
20
24
24
20
24
20
20
20
24
16
24
20
20
24
16
20
20
20
24
24
20
24
20
20
20
24
16
24
20
20
24
16
20
20
20
24
24
20
24
20
20
20
24
16
24
20
20
24
16
20
20
20
24
24
20
24
20
20
20
24
16
24
20
20
24
16
20
20
20
24
24
20
24
20
20
20
24
16
24
20
20
24
16
20
20
20
24
24
20
24
20
20
20
24
16
24
20
20
24
16
20
20
20
24
24
20
24
20
20
20
24
16
24
20
20
24
16
20
20
20
24
24
20
24
20
20
20
24
16
24
20
20
24
16
20
20
20
24
24
20
24
20
20
20
24
16
24
20
20
24
16
20
20
20
24
24
20
24
20
20
20
24
16
24
20
20
24
16
20
20
20
24
24
20
24
20
20
20
24
16
24
20
20
24
16
20
20
20
24
24
20
24
20
20
20
24
16
24
20
20
24
16
20
20
20
24
24
20
24
20
20
20
24
16
24
20
20
24
16
20
20
20
24
24
20
24
20
20
20
24
16
24
20
20
24
16
20
20
20
24
24
20
24
20
20
20
24
16
24
20
20
24
16
20
20
20
24
24
20
24
20
20
20
24
16
24
20
20
24
16
20
20
20
24
24
20
24
20
20
20
24
16
24
20
20
24
16
20
20
20
24
24
20
24
20
20
20
24
16
24
20
20
24
16
20
20
20
24
24
20
24
20
20
20
24
16
24
20
20
24
16
20
20
20
24
24
20
24
20
20
20
24
16
24
20
20
24
16
20
20
20
24
24
20
24
20
20
20
24
16
24
20
20
24
16
20
20
20
24
24
20
24
20
20
20
24
16
24
20
20
24
16
20
20
20
24
24
20
24
20
20
20
24
16
24
20
20
24
16
20
20
20
24
24
20
24
20
20
20
24
16
24
20
20
24
16
20
20
20
24
24
20
24
20
20
20
24
16
24
20
20
24
16
20
20
20
24
24
20
24
20
20
20
24
16
24
20
20
24
16
20
20
20
24
24
20
24
20
20
20
24
16
24
20
20
24
16
20
20
20
24
24
20
24
20
20
20
24
16
24
20
20
24
16
20
20
20
24
24
20
24
20
20
20
24
16
24
20
20
24
16
20
20
20
24
24
20
24
20
20
20
24
16
24
20
20
24
16
20
20
20
24
24
20
24
20
20
20
24
16
24
20
20
24
16
20
20
20
24
24
20
24
20
20
20
24
16
24
20
20
24
16
20
20
20
24
24
20
24
20
20
20
24
16
24
20
20
24
16
20
20
20
24
24
20
24
20
20
20
24
16
24
20
20
24
16
20
20
20
24
24
20
24
20
20
20
24
16
24
20
20
24
16
20
20
20
24
24
20
24
20
20
20
24
16
24
20
20
24
16
20
20
20
24
24
20
24
20
20
20
24
16
24
20
20
24
16
20
20
20
24
24
20
24
20
20
20
24
16
24
20
20
24
16
20
20
20
24
24
20
24
20
20
20
24
16
24
20
20
24
16
20
20
20
24
24
20
24
20
20
20
24
16
24
20
20
24
16
20
20
20
24
24
20
24
20
20
20
24
16
24
20
20
24
16
20
20
20
24
24
20
24
20
20
20
24
16
24
20
20
24
16
20
20
20
24
24
20
24
20
20
20
24
16
24
20
20
24
16
20
20
20
24
24
20
24
20
20
20
24
16
24
20
20
24
16
20
20
20
24
24
20
24
20
20
20
24
16
24
20
20
24
16
20
20
20
24
24
20
24
20
20
20
24
16
24
20
20
24
16
20
20
20
24
24
20
24
20
20
20
24
16
24
20
20
24
16
20
20
20
24
24
20
24
20
20
20
24
16
24
20
20
24
16
20
20
20
24
24
20
24
20
20
20
24
16
24
20
20
24
16
20
20
20
24
24
20
24
20
20
20
24
16
24
20
20
24
16
20
20
20
24
24
20
24
20
20
20
24
16
24
20
20
24
16
20
20
20
24
24
20
24
20
20
20
24
16
24
20
20
24
16
20
20
20
24
24
20
24
20
20
20
24
16
24
20
20
24
16
20
20
20
24
24
20
24
20
20
20
24
16
24
20
20
24
16
20
20
20
24
24
20
24
20
20
20
24
16
24
20
20
24
16
20
20
20
24
24
20
24
20
20
20
24
16
24
20
20
24
16
20
20
20
24
24
20
24
20
20
20
24
16
24
20
20
24
16
20
20
20
24
24
20
24
20
20
20
24
16
24
20
20
24
16
20
20
20
24
24
20
24
20
20
20
24
16
24
20
20
24
16
20
20
20
24
24
20
24
20
20
20
24
16
24
20
20
24
16
20
20
20
24
24
20
24
20
20
20
24
16
24
20
20
24
16
20
20
20
24
24
20
24
20
20
20
24
16
24
20
20
24
16
20
20
20
24
24
20
24
20
20
20
24
16
24
20
20
24
16
20
20
20
24
24
20
24
20
20
20
24
16
24
20
20
24
16
20
20
20
24
24
20
24
20
20
20
24
16
24
20
20
24
16
20
20
20
24
24
20
24
20
20
20
24
16
24
20
20
24
16
20
20
20
24
24
20
24
20
20
20
24
16
24
20
20
24
16
20
20
20
24
24
20
24
20
20
20
24
16
24
20
20
24
16
20
20
20
24
24
20
24
20
20
20
24
16
24
20
20
24
16
20
20
20
24
24
20
24
20
20
20
24
16
24
20
20
24
16
20
20
20
24
24
20
24
20
20
20
24
16
24
20
20
24
16
20
20
20
24
24
20
24
20
20
20
24
16
24
20
20
24
16
20
20
20
24
24
20
24
20
20
20
24
16
24
20
20
24
16
20
20
20
24
24
20
24
20
20
20
24
16
24
20
20
24
16
20
20
20
24
24
20
24
20
20
20
24
16
24
20
20
24
16
20
20
20
24
24
20
24
20
20
20
24
16
24
20
20
24
16
20
20
20
24
24
20
24
20
20
20
24
16
24
20
20
24
16
20
20
20
24
24
20
24
20
20
20
24
16
24
20
20
24
16
20
20
20
24
24
20
24
20
20
20
24
16
24
20
20
24
16
20
20
20
24
24
20
24
20
20
20
24
16
24
20
20
24
16
20
20
20
24
24
20
24
20
20
20
24
16
24
20
20
24
16
20
20
20
24
24
20
24
20
20
20
24
16
24
20
20
24
16
20
20
20
24
24
20
24
20
20
20
24
16
24
20
20
24
16
20
20
20
24
24
20
24
20
20
20
24
16
24
20
20
24
16
20
20
20
24
24
20
24
20
20
20
24
16
24
20
20
24
16
20
20
20
24
24
20
24
20
20
20
24
16
24
20
20
24
16
20
20
20
24
24
20
24
20
20
20
24
16
24
20
20
24
16
20
20
20
24
24
20
24
20
20
20
24
16
24
20
20
24
16
20
20
20
24
24
20
24
20
20
20
24
16
24
20
20
24
16
20
20
20
24
24
20
24
20
20
20
24
16
24
20
20
24
16
20
20
20
24
24
20
24
20
20
20
24
16
24
20
20
24
16
20
20
20
24
24
20
24
20
20
20
24
16
24
20
20
24
16
20
20
20
24
24
20
24
20
20
20
24
16
24
20
20
24
16
20
20
20
24
24
20
24
20
20
20
24
16
24
20
20
24
16
20
20
20
24
24
20
24
20
20
20
24
16
24
20
20
24
16
20
20
20
24
24
20
24
20
20
20
24
16
24
20
20
24
16
20
20
20
24
24
20
24
20
20
20
24
16
24
20
20
24
16
20
20
20
24
24
20
24
20
20
20
24
16
24
20
20
24
16
20
20
20
24
24
20
24
20
20
20
24
16
24
20
20
24
16
20
20
20
24
24
20
24
20
20
20
24
16
24
20
20
24
16
20
20
20
24
24
20
24
20
20
20
24
16
24
20
20
24
16
20
20
20
24
24
20
24
20
20
20
24
16
24
20
20
24
16
20
20
20
24
24
20
24
20
20
20
24
16
24
20
20
24
16
20
20
20
24
24
20
24
20
20
20
24
16
24
20
20
24
16
20
20
20
24
24
20
24
20
20
20
24
16
24
20
20
24
16
20
20
20
24
24
20
24
20
20
20
24
16
24
20
20
24
16
20
20
20
24
24
20
24
20
20
20
24
16
24
20
20
24
16
20
20
20
24
24
20
24
20
20
20
24
16
24
20
20
24
16
20
20
20
24
24
20
24
20
20
20
24
16
24
20
20
24
16
20
20
20
24
24
20
24
20
20
20
24
16
24
20
20
24
16
20
20
20
24
24
20
24
20
20
20
24
16
24
20
20
24
16
20
20
20
24
24
20
24
20
20
20
24
16
24
20
20
24
16
20
20
20
24
24
20
24
20
20
20
24
16
24
20
20
24
16
20
20
20
24
24
20
24
20
20
20
24
16
24
20
20
24
16
20
20
20
24
24
20
24
20
20
20
24
16
24
20
20
24
16
20
20
20
24
24
20
24
20
20
20
24
16
24
20
20
24
16
20
20
20
24
24
20
24
20
20
20
24
16
24
20
20
24
16
20
20
20
24
24
20
24
20
20
20
24
16
24
20
20
24
16
20
20
20
24
24
20
24
20
20
20
24
16
24
20
20
24
16
20
20
20
24
24
20
24
20
20
20
24
16
24
20
20
24
16
20
20
20
24
24
20
24
20
20
20
24
16
24
20
20
24
16
20
20
20
24
24
20
24
20
20
20
24
16
24
20
20
24
16
20
20
20
24
24
20
24
20
20
20
24
16
24
20
20
24
16
20
20
20
24
24
20
24
20
20
20
24
16
24
20
20
24
16
20
20
20
24
24
20
24
20
20
20
24
16
24
20
20
24
16
20
20
20
24
24
20
24
20
20
20
24
16
24
20
20
24
16
20
20
20
24
24
20
24
20
20
20
24
16
24
20
20
24
16
20
20
20
24
24
20
24
20
20
20
24
16
24
20
20
24
16
20
20
20
24
24
20
24
20
20
20
24
16
24
20
20
24
24 3 3
24 3 3
24 3 3
24 3 3
24 3 3
24 3 3
24 3 3
24 2 2
23 2 2
23 2 2
23 2 2
23 2 2
23 2 2
23 2 2
23 2 2
23 2 2
23 2 2
23 2 2
23 2 2
23 1 1
22 1 1
22 1 1
22 1 1
22 1 1
22 1 1
22 1 1
22 1 1
22 1 1
22 1 1
22 1 1
22 1 1
22 1 1
22 1 1
22 1 1
22 1 1
22 0 0
21 0 0
21 0 0
21 0 0
21 0 0
21 0 0
21 0 0
21 0 0
21 0 0
21 0 0
21 0 0
21 0 0
21 0 0
21 0 0
21 0 0
21 0 0
21 0 0
21 0 0
21 0 0
21 0 0
21 0 0
21 0 0
21 0 0
21 0 0
21 0 0
21 0 0
21 0 0
21 0 0
21 0 0
21 0 0
21 0 0
21 0 0
21 0 0
21 0 0
21 0 0
21 0 0
21 0 0
21 0 0
21 0 0
21 0 0
21 0 0
21 0 0
21 0 0
21 0 0
21 0 0
21 0 0
21 0 0
21 0 0
21 0 0
21 0 0
21 0 0
21 0 0
21 0 0
21 0 0
21 0 0
21 0 0
21 0 0
21 0 0
21 0 0
21 0 0
21 0 0
21 0 0
21 0 0
21 0 0
21 0 0
21 0 0
21 0 0
21 0 0
21 0 0
21 0 0
21 0 0
21 0 0
21 0 0
21 0 0
21 0 0
21 0 0
21 0 0
21 0 0
21 0 0
21 0 0
21 0 0
21 0 0
21 0 0
21 0 0
21 0 0
21 0 0
21 0 0
21 0 0
21 0 0
21 0 0
21 0 0
21 0 0
21 0 0
24 3 3
24 3 3
24 3 3
24 3 3
24 3 3
24 3 3
24 2 2
23 2 2
23 2 2
23 2 2
23 2 2
23 2 2
23 2 2
23 2 2
23 2 2
23 2 2
23 2 2
23 2 2
23 1 1
22 1 1
22 1 1
22 1 1
22 1 1
22 1 1
22 1 1
22 1 1
22 1 1
22 1 1
22 1 1
22 1 1
22 1 1
22 1 1
22 1 1
22 0 0
22 0 0
21 0 0
21 0 0
21 0 0
21 0 0
21 0 0
21 0 0
21 0 0
21 0 0
21 0 0
21 0 0
21 0 0
21 0 0
21 0 0
21 0 0
21 0 0
21 0 0
21 0 0
21 0 0
21 0 0
21 0 0
21 0 0
21 0 0
21 0 0
21 0 0
21 0 0
21 0 0
21 0 0
21 0 0
21 0 0
21 0 0
21 0 0
21 0 0
21 0 0
21 0 0
21 0 0
21 0 0
21 0 0
21 0 0
21 0 0
21 0 0
21 0 0
21 0 0
21 0 0
21 0 0
21 0 0
21 0 0
21 0 0
21 0 0
21 0 0
21 0 0
21 0 0
21 0 0
21 0 0
21 0 0
21 0 0
21 0 0
21 0 0
21 0 0
21 0 0
21 0 0
21 0 0
21 0 0
21 0 0
21 0 0
21 0 0
21 0 0
21 0 0
21 0 0
21 0 0
21 0 0
21 0 0
21 0 0
21 0 0
21 0 0
21 0 0
21 0 0
21 0 0
21 0 0
21 0 0
21 0 0
21 0 0
21 0 0
21 0 0
21 0 0
21 0 0
21 0 0
21 0 0
21 0 0
21 0 0
21 0 0
21 0 0
21 0 0
21 0 0
24 3 3
24 3 3
24 3 3
24 3 3
24 3 3
24 2 2
23 2 2
23 2 2
23 2 2
23 2 2
23 2 2
23 2 2
23 2 2
23 2 2
23 2 2
23 2 2
23 1 1
22 1 1
22 1 1
22 1 1
22 1 1
22 1 1
22 1 1
22 1 1
22 1 1
22 1 1
22 1 1
22 1 1
22 1 1
22 1 1
22 1 1
22 1 1
22 0 0
22 0 0
21 0 0
21 0 0
21 0 0
21 0 0
21 0 0
21 0 0
21 0 0
21 0 0
21 0 0
21 0 0
21 0 0
21 0 0
21 0 0
21 0 0
21 0 0
21 0 0
21 0 0
21 0 0
21 0 0
21 0 0
21 0 0
21 0 0
21 0 0
21 0 0
21 0 0
21 0 0
21 0 0
21 0 0
21 0 0
21 0 0
21 0 0
21 0 0
21 0 0
21 0 0
21 0 0
21 0 0
21 0 0
21 0 0
21 0 0
21 0 0
21 0 0
21 0 0
21 0 0
21 0 0
21 0 0
21 0 0
21 0 0
21 0 0
21 0 0
21 0 0
21 0 0
21 0 0
21 0 0
21 0 0
21 0 0
21 0 0
21 0 0
21 0 0
21 0 0
21 0 0
21 0 0
21 0 0
21 0 0
21 0 0
21 0 0
21 0 0
21 0 0
21 0 0
21 0 0
21 0 0
21 0 0
21 0 0
21 0 0
21 0 0
21 0 0
21 0 0
21 0 0
21 0 0
21 0 0
21 0 0
21 0 0
21 0 0
21 0 0
21 0 0
21 0 0
21 0 0
21 0 0
21 0 0
21 0 0
21 0 0
21 0 0
21 0 0
21 0 0
21 0 0
24 3 3
24 3 3
24 3 3
24 3 3
23 2 2
23 2 2
23 2 2
23 2 2
23 2 2
23 2 2
23 2 2
23 2 2
23 2 2
23 2 2
23 2 2
23 1 1
22 1 1
22 1 1
22 1 1
22 1 1
22 1 1
22 1 1
22 1 1
22 1 1
22 1 1
22 1 1
22 1 1
22 1 1
22 1 1
22 1 1
22 1 1
22 0 0
22 0 0
21 0 0
21 0 0
21 0 0
21 0 0
21 0 0
21 0 0
21 0 0
21 0 0
21 0 0
21 0 0
21 0 0
21 0 0
21 0 0
21 0 0
21 0 0
21 0 0
21 0 0
21 0 0
21 0 0
21 0 0
21 0 0
21 0 0
21 0 0
21 0 0
21 0 0
21 0 0
21 0 0
21 0 0
21 0 0
21 0 0
21 0 0
21 0 0
21 0 0
21 0 0
21 0 0
21 0 0
21 0 0
21 0 0
21 0 0
21 0 0
21 0 0
21 0 0
21 0 0
21 0 0
21 0 0
21 0 0
21 0 0
21 0 0
21 0 0
21 0 0
21 0 0
21 0 0
21 0 0
21 0 0
21 0 0
21 0 0
21 0 0
21 0 0
21 0 0
21 0 0
21 0 0
21 0 0
21 0 0
21 0 0
21 0 0
21 0 0
21 0 0
21 0 0
21 0 0
21 0 0
21 0 0
21 0 0
21 0 0
21 0 0
21 0 0
21 0 0
21 0 0
21 0 0
21 0 0
21 0 0
21 0 0
21 0 0
21 0 0
21 0 0
21 0 0
21 0 0
21 0 0
21 0 0
21 0 0
21 0 0
21 0 0
21 0 0
21 0 0
21 0 0
21 0 0
24 3 3
24 3 3
24 2 2
23 2 2
23 2 2
23 2 2
23 2 2
23 2 2
23 2 2
23 2 2
23 2 2
23 2 2
23 2 2
23 2 2
23 1 1
22 1 1
22 1 1
22 1 1
22 1 1
22 1 1
22 1 1
22 1 1
22 1 1
22 1 1
22 1 1
22 1 1
22 1 1
22 1 1
22 1 1
22 1 1
22 0 0
21 0 0
21 0 0
21 0 0
21 0 0
21 0 0
21 0 0
21 0 0
21 0 0
21 0 0
21 0 0
21 0 0
21 0 0
21 0 0
21 0 0
21 0 0
21 0 0
21 0 0
21 0 0
21 0 0
21 0 0
21 0 0
21 0 0
21 0 0
21 0 0
21 0 0
21 0 0
21 0 0
21 0 0
21 0 0
21 0 0
21 0 0
21 0 0
21 0 0
21 0 0
21 0 0
21 0 0
21 0 0
21 0 0
21 0 0
21 0 0
21 0 0
21 0 0
21 0 0
21 0 0
21 0 0
21 0 0
21 0 0
21 0 0
21 0 0
21 0 0
21 0 0
21 0 0
21 0 0
21 0 0
21 0 0
21 0 0
21 0 0
21 0 0
21 0 0
21 0 0
21 0 0
21 0 0
21 0 0
21 0 0
21 0 0
21 0 0
21 0 0
21 0 0
21 0 0
21 0 0
21 0 0
21 0 0
21 0 0
21 0 0
21 0 0
21 0 0
21 0 0
21 0 0
21 0 0
21 0 0
21 0 0
21 0 0
21 0 0
21 0 0
21 0 0
21 0 0
21 0 0
21 0 0
21 0 0
21 0 0
21 0 0
21 0 0
21 0 0
21 0 0
21 0 0
21 0 0
21 0 0
24 3 3
24 2 2
23 2 2
23 2 2
23 2 2
23 2 2
23 2 2
23 2 2
23 2 2
23 2 2
23 2 2
23 2 2
23 2 2
23 1 1
22 1 1
22 1 1
22 1 1
22 1 1
22 1 1
22 1 1
22 1 1
22 1 1
22 1 1
22 1 1
22 1 1
22 1 1
22 1 1
22 1 1
22 1 1
22 0 0
21 0 0
21 0 0
21 0 0
21 0 0
21 0 0
21 0 0
21 0 0
21 0 0
21 0 0
21 0 0
21 0 0
21 0 0
21 0 0
21 0 0
21 0 0
21 0 0
21 0 0
21 0 0
21 0 0
21 0 0
21 0 0
21 0 0
21 0 0
21 0 0
21 0 0
21 0 0
21 0 0
21 0 0
21 0 0
21 0 0
21 0 0
21 0 0
21 0 0
21 0 0
21 0 0
21 0 0
21 0 0
21 0 0
21 0 0
21 0 0
21 0 0
21 0 0
21 0 0
21 0 0
21 0 0
21 0 0
21 0 0
21 0 0
21 0 0
21 0 0
21 0 0
21 0 0
21 0 0
21 0 0
21 0 0
21 0 0
21 0 0
21 0 0
21 0 0
21 0 0
21 0 0
21 0 0
21 0 0
21 0 0
21 0 0
21 0 0
21 0 0
21 0 0
21 0 0
21 0 0
21 0 0
21 0 0
21 0 0
21 0 0
21 0 0
21 0 0
21 0 0
21 0 0
21 0 0
21 0 0
21 0 0
21 0 0
21 0 0
21 0 0
21 0 0
21 0 0
21 0 0
21 0 0
21 0 0
21 0 0
21 0 0
21 0 0
21 0 0
21 0 0
21 0 0
21 0 0
21 0 0
21 0 0
24 2 2
23 2 2
23 2 2
23 2 2
23 2 2
23 2 2
23 2 2
23 2 2
23 2 2
23 2 2
23 2 2
23 2 2
23 1 1
22 1 1
22 1 1
22 1 1
22 1 1
22 1 1
22 1 1
22 1 1
22 1 1
22 1 1
22 1 1
22 1 1
22 1 1
22 1 1
22 1 1
22 1 1
22 0 0
21 0 0
21 0 0
21 0 0
21 0 0
21 0 0
21 0 0
21 0 0
21 0 0
21 0 0
21 0 0
21 0 0
21 0 0
21 0 0
21 0 0
21 0 0
21 0 0
21 0 0
21 0 0
21 0 0
21 0 0
21 0 0
21 0 0
21 0 0
21 0 0
21 0 0
21 0 0
21 0 0
21 0 0
21 0 0
21 0 0
21 0 0
21 0 0
21 0 0
21 0 0
21 0 0
21 0 0
21 0 0
21 0 0
21 0 0
21 0 0
21 0 0
21 0 0
21 0 0
21 0 0
21 0 0
21 0 0
21 0 0
21 0 0
21 0 0
21 0 0
21 0 0
21 0 0
21 0 0
21 0 0
21 0 0
21 0 0
21 0 0
21 0 0
21 0 0
21 0 0
21 0 0
21 0 0
21 0 0
21 0 0
21 0 0
21 0 0
21 0 0
21 0 0
21 0 0
21 0 0
21 0 0
21 0 0
21 0 0
21 0 0
21 0 0
21 0 0
21 0 0
21 0 0
21 0 0
21 0 0
21 0 0
21 0 0
21 0 0
21 0 0
21 0 0
21 0 0
21 0 0
21 0 0
21 0 0
21 0 0
21 0 0
21 0 0
21 0 0
21 0 0
21 0 0
21 0 0
21 0 0
21 0 0
21 0 0
23 2 2
23 2 2
23 2 2
23 2 2
23 2 2
23 2 2
23 2 2
23 2 2
23 2 2
23 2 2
23 1 1
22 1 1
22 1 1
22 1 1
22 1 1
22 1 1
22 1 1
22 1 1
22 1 1
22 1 1
22 1 1
22 1 1
22 1 1
22 1 1
22 1 1
22 1 1
22 0 0
22 0 0
21 0 0
21 0 0
21 0 0
21 0 0
21 0 0
21 0 0
21 0 0
21 0 0
21 0 0
21 0 0
21 0 0
21 0 0
21 0 0
21 0 0
21 0 0
21 0 0
21 0 0
21 0 0
21 0 0
21 0 0
21 0 0
21 0 0
21 0 0
21 0 0
21 0 0
21 0 0
21 0 0
21 0 0
21 0 0
21 0 0
21 0 0
21 0 0
21 0 0
21 0 0
21 0 0
21 0 0
21 0 0
21 0 0
21 0 0
21 0 0
21 0 0
21 0 0
21 0 0
21 0 0
21 0 0
21 0 0
21 0 0
21 0 0
21 0 0
21 0 0
21 0 0
21 0 0
21 0 0
21 0 0
21 0 0
21 0 0
21 0 0
21 0 0
21 0 0
21 0 0
21 0 0
21 0 0
21 0 0
21 0 0
21 0 0
21 0 0
21 0 0
21 0 0
21 0 0
21 0 0
21 0 0
21 0 0
21 0 0
21 0 0
21 0 0
21 0 0
21 0 0
21 0 0
21 0 0
21 0 0
21 0 0
21 0 0
21 0 0
21 0 0
21 0 0
21 0 0
21 0 0
21 0 0
21 0 0
21 0 0
21 0 0
21 0 0
21 0 0
21 0 0
21 0 0
21 0 0
21 0 0
21 0 0
21 0 0
21 0 0
23 2 2
23 2 2
23 2 2
23 2 2
23 2 2
23 2 2
23 2 2
23 2 2
23 2 2
23 1 1
22 1 1
22 1 1
22 1 1
22 1 1
22 1 1
22 1 1
22 1 1
22 1 1
22 1 1
22 1 1
22 1 1
22 1 1
22 1 1
22 1 1
22 1 1
22 0 0
22 0 0
21 0 0
21 0 0
21 0 0
21 0 0
21 0 0
21 0 0
21 0 0
21 0 0
21 0 0
21 0 0
21 0 0
21 0 0
21 0 0
21 0 0
21 0 0
21 0 0
21 0 0
21 0 0
21 0 0
21 0 0
21 0 0
21 0 0
21 0 0
21 0 0
21 0 0
21 0 0
21 0 0
21 0 0
21 0 0
21 0 0
21 0 0
21 0 0
21 0 0
21 0 0
21 0 0
21 0 0
21 0 0
21 0 0
21 0 0
21 0 0
21 0 0
21 0 0
21 0 0
21 0 0
21 0 0
21 0 0
21 0 0
21 0 0
21 0 0
21 0 0
21 0 0
21 0 0
21 0 0
21 0 0
21 0 0
21 0 0
21 0 0
21 0 0
21 0 0
21 0 0
21 0 0
21 0 0
21 0 0
21 0 0
21 0 0
21 0 0
21 0 0
21 0 0
21 0 0
21 0 0
21 0 0
21 0 0
21 0 0
21 0 0
21 0 0
21 0 0
21 0 0
21 0 0
21 0 0
21 0 0
21 0 0
21 0 0
21 0 0
21 0 0
21 0 0
21 0 0
21 0 0
21 0 0
21 0 0
21 0 0
21 0 0
21 0 0
21 0 0
21 0 0
21 0 0
21 0 0
21 0 0
21 0 0
21 0 0
21 0 0
21 0 0
23 2 2
23 2 2
23 2 2
23 2 2
23 2 2
23 2 2
23 2 2
23 2 2
23 1 1
22 1 1
22 1 1
22 1 1
22 1 1
22 1 1
22 1 1
22 1 1
22 1 1
22 1 1
22 1 1
22 1 1
22 1 1
22 1 1
22 1 1
22 1 1
22 0 0
21 0 0
21 0 0
21 0 0
21 0 0
21 0 0
21 0 0
21 0 0
21 0 0
21 0 0
21 0 0
21 0 0
21 0 0
21 0 0
21 0 0
21 0 0
21 0 0
21 0 0
21 0 0
21 0 0
21 0 0
21 0 0
21 0 0
21 0 0
21 0 0
21 0 0
21 0 0
21 0 0
21 0 0
21 0 0
21 0 0
21 0 0
21 0 0
21 0 0
21 0 0
21 0 0
21 0 0
21 0 0
21 0 0
21 0 0
21 0 0
21 0 0
21 0 0
21 0 0
21 0 0
21 0 0
21 0 0
21 0 0
21 0 0
21 0 0
21 0 0
21 0 0
21 0 0
21 0 0
21 0 0
21 0 0
21 0 0
21 0 0
21 0 0
21 0 0
21 0 0
21 0 0
21 0 0
21 0 0
21 0 0
21 0 0
21 0 0
21 0 0
21 0 0
21 0 0
21 0 0
21 0 0
21 0 0
21 0 0
21 0 0
21 0 0
21 0 0
21 0 0
21 0 0
21 0 0
21 0 0
21 0 0
21 0 0
21 0 0
21 0 0
21 0 0
21 0 0
21 0 0
21 0 0
21 0 0
21 0 0
21 0 0
21 0 0
21 0 0
21 0 0
21 0 0
21 0 0
21 0 0
21 0 0
21 0 0
21 0 0
21 0 0
21 0 0
21 0 0
23 2 2
23 2 2
23 2 2
23 2 2
23 2 2
23 2 2
23 2 2
23 1 1
22 1 1
22 1 1
22 1 1
22 1 1
22 1 1
22 1 1
22 1 1
22 1 1
22 1 1
22 1 1
22 1 1
22 1 1
22 1 1
22 1 1
22 1 1
22 0 0
21 0 0
21 0 0
21 0 0
21 0 0
21 0 0
21 0 0
21 0 0
21 0 0
21 0 0
21 0 0
21 0 0
21 0 0
21 0 0
21 0 0
21 0 0
21 0 0
21 0 0
21 0 0
21 0 0
21 0 0
21 0 0
21 0 0
21 0 0
21 0 0
21 0 0
21 0 0
21 0 0
21 0 0
21 0 0
21 0 0
21 0 0
21 0 0
21 0 0
21 0 0
21 0 0
21 0 0
255 60 255
255 88 255
255 94 255
255 83 255
250 65 255
226 47 239
203 28 201
21 0 0
21 0 0
21 0 0
21 0 0
21 0 0
21 0 0
21 0 0
21 0 0
21 0 0
21 0 0
21 0 0
21 0 0
21 0 0
21 0 0
21 0 0
21 0 0
21 0 0
21 0 0
21 0 0
21 0 0
21 0 0
21 0 0
21 0 0
21 0 0
21 0 0
21 0 0
21 0 0
21 0 0
21 0 0
21 0 0
21 0 0
21 0 0
21 0 0
21 0 0
21 0 0
21 0 0
21 0 0
21 0 0
21 0 0
21 0 0
21 0 0
21 0 0
21 0 0
21 0 0
21 0 0
21 0 0
21 0 0
21 0 0
21 0 0
21 0 0
21 0 0
21 0 0
21 0 0
21 0 0
21 0 0
21 0 0
21 0 0
21 0 0
21 0 0
21 0 0
21 0 0
23 2 2
23 2 2
23 2 2
23 2 2
23 2 2
23 2 2
23 1 1
22 1 1
22 1 1
22 1 1
22 1 1
22 1 1
22 1 1
22 1 1
22 1 1
22 1 1
22 1 1
22 1 1
22 1 1
22 1 1
22 1 1
22 1 1
22 0 0
21 0 0
21 0 0
21 0 0
21 0 0
21 0 0
21 0 0
21 0 0
21 0 0
21 0 0
21 0 0
21 0 0
21 0 0
21 0 0
21 0 0
21 0 0
21 0 0
21 0 0
21 0 0
21 0 0
21 0 0
21 0 0
21 0 0
21 0 0
21 0 0
21 0 0
21 0 0
21 0 0
21 0 0
21 0 0
21 0 0
21 0 0
21 0 0
21 0 0
21 0 0
21 0 0
255 26 255
255 49 255
255 80 255
255 86 255
255 71 255
255 46 255
255 24 255
255 9 232
228 4 197
189 4 160
21 0 0
21 0 0
21 0 0
21 0 0
21 0 0
21 0 0
21 0 0
21 0 0
21 0 0
21 0 0
21 0 0
21 0 0
21 0 0
21 0 0
21 0 0
21 0 0
21 0 0
21 0 0
21 0 0
21 0 0
21 0 0
21 0 0
21 0 0
21 0 0
21 0 0
21 0 0
21 0 0
21 0 0
21 0 0
21 0 0
21 0 0
21 0 0
21 0 0
21 0 0
21 0 0
21 0 0
21 0 0
21 0 0
21 0 0
21 0 0
21 0 0
21 0 0
21 0 0
21 0 0
21 0 0
21 0 0
21 0 0
21 0 0
21 0 0
21 0 0
21 0 0
21 0 0
21 0 0
21 0 0
21 0 0
21 0 0
21 0 0
21 0 0
21 0 0
21 0 0
23 2 2
23 2 2
23 2 2
23 2 2
23 1 1
22 1 1
22 1 1
22 1 1
22 1 1
22 1 1
22 1 1
22 1 1
22 1 1
22 1 1
22 1 1
22 1 1
22 1 1
22 1 1
22 1 1
22 1 1
22 0 0
22 0 0
21 0 0
21 0 0
21 0 0
21 0 0
21 0 0
21 0 0
21 0 0
21 0 0
21 0 0
21 0 0
21 0 0
21 0 0
21 0 0
21 0 0
21 0 0
21 0 0
21 0 0
21 0 0
21 0 0
21 0 0
21 0 0
21 0 0
21 0 0
21 0 0
21 0 0
21 0 0
21 0 0
21 0 0
21 0 0
21 0 0
21 0 0
21 0 0
21 0 0
21 0 0
21 0 0
134 197 255
248 202 255
255 230 255
255 233 255
255 211 255
255 176 255
255 138 255
215 105 255
176 81 215
144 67 179
115 60 146
84 52 108
21 0 0
21 0 0
21 0 0
21 0 0
21 0 0
21 0 0
21 0 0
21 0 0
21 0 0
21 0 0
21 0 0
21 0 0
21 0 0
21 0 0
21 0 0
21 0 0
21 0 0
21 0 0
21 0 0
21 0 0
21 0 0
21 0 0
21 0 0
21 0 0
21 0 0
21 0 0
21 0 0
21 0 0
21 0 0
21 0 0
21 0 0
21 0 0
21 0 0
21 0 0
21 0 0
21 0 0
21 0 0
21 0 0
21 0 0
21 0 0
21 0 0
21 0 0
21 0 0
21 0 0
21 0 0
21 0 0
21 0 0
21 0 0
21 0 0
21 0 0
21 0 0
21 0 0
21 0 0
21 0 0
21 0 0
21 0 0
21 0 0
21 0 0
21 0 0
23 2 2
23 2 2
23 2 2
23 1 1
22 1 1
22 1 1
22 1 1
22 1 1
22 1 1
22 1 1
22 1 1
22 1 1
22 1 1
22 1 1
22 1 1
22 1 1
22 1 1
22 1 1
22 1 1
22 0 0
22 0 0
21 0 0
21 0 0
21 0 0
21 0 0
21 0 0
21 0 0
21 0 0
21 0 0
21 0 0
21 0 0
21 0 0
21 0 0
21 0 0
21 0 0
21 0 0
21 0 0
21 0 0
21 0 0
21 0 0
21 0 0
21 0 0
21 0 0
21 0 0
21 0 0
21 0 0
21 0 0
21 0 0
21 0 0
21 0 0
21 0 0
21 0 0
21 0 0
21 0 0
21 0 0
21 0 0
21 0 0
62 255 255
136 255 255
178 255 255
186 255 255
173 255 255
147 255 255
117 251 255
88 207 238
63 169 194
45 138 157
34 112 124
28 91 97
23 68 70
21 0 0
21 0 0
21 0 0
21 0 0
21 0 0
21 0 0
21 0 0
21 0 0
21 0 0
21 0 0
21 0 0
21 0 0
21 0 0
21 0 0
21 0 0
21 0 0
21 0 0
21 0 0
21 0 0
21 0 0
21 0 0
21 0 0
21 0 0
21 0 0
21 0 0
21 0 0
21 0 0
21 0 0
21 0 0
21 0 0
21 0 0
21 0 0
21 0 0
21 0 0
21 0 0
21 0 0
21 0 0
21 0 0
21 0 0
21 0 0
21 0 0
21 0 0
21 0 0
21 0 0
21 0 0
21 0 0
21 0 0
21 0 0
21 0 0
21 0 0
21 0 0
21 0 0
21 0 0
21 0 0
21 0 0
21 0 0
21 0 0
21 0 0
23 2 2
23 2 2
23 1 1
22 1 1
22 1 1
22 1 1
22 1 1
22 1 1
22 1 1
22 1 1
22 1 1
22 1 1
22 1 1
22 1 1
22 1 1
22 1 1
22 1 1
22 1 1
22 0 0
22 0 0
21 0 0
21 0 0
21 0 0
21 0 0
21 0 0
21 0 0
21 0 0
21 0 0
21 0 0
21 0 0
21 0 0
21 0 0
21 0 0
21 0 0
21 0 0
21 0 0
21 0 0
21 0 0
21 0 0
21 0 0
21 0 0
21 0 0
21 0 0
21 0 0
21 0 0
21 0 0
21 0 0
21 0 0
21 0 0
21 0 0
21 0 0
21 0 0
21 0 0
21 0 0
21 0 0
21 0 0
96 210 255
115 255 255
141 255 255
147 255 255
137 255 255
119 255 255
100 255 255
79 247 253
59 205 211
43 164 170
32 122 128
29 103 111
31 85 94
33 60 71
32 15 22
21 0 0
21 0 0
21 0 0
21 0 0
21 0 0
21 0 0
21 0 0
21 0 0
21 0 0
21 0 0
21 0 0
21 0 0
21 0 0
21 0 0
21 0 0
21 0 0
21 0 0
21 0 0
21 0 0
21 0 0
21 0 0
21 0 0
21 0 0
21 0 0
21 0 0
21 0 0
21 0 0
21 0 0
21 0 0
21 0 0
21 0 0
21 0 0
21 0 0
21 0 0
21 0 0
21 0 0
21 0 0
21 0 0
21 0 0
21 0 0
21 0 0
21 0 0
21 0 0
21 0 0
21 0 0
21 0 0
21 0 0
21 0 0
21 0 0
21 0 0
21 0 0
21 0 0
21 0 0
21 0 0
21 0 0
21 0 0
21 0 0
23 2 2
23 1 1
22 1 1
22 1 1
22 1 1
22 1 1
22 1 1
22 1 1
22 1 1
22 1 1
22 1 1
22 1 1
196 108 8
196 108 8
197 108 8
196 108 8
255 169 16
255 156 11
253 139 6
220 117 1
21 0 0
21 0 0
21 0 0
21 0 0
21 0 0
21 0 0
21 0 0
21 0 0
21 0 0
21 0 0
21 0 0
21 0 0
21 0 0
21 0 0
21 0 0
21 0 0
21 0 0
21 0 0
21 0 0
21 0 0
21 0 0
21 0 0
21 0 0
21 0 0
21 0 0
21 0 0
21 0 0
21 0 0
21 0 0
21 0 0
21 0 0
21 0 0
21 0 0
21 0 0
21 0 0
21 0 0
241 72 255
254 141 255
252 177 255
235 185 255
213 180 255
191 169 255
170 152 246
149 131 214
126 104 177
103 76 139
92 60 119
86 46 103
83 34 87
76 21 66
58 6 32
21 0 0
21 0 0
21 0 0
21 0 0
21 0 0
21 0 0
21 0 0
21 0 0
21 0 0
21 0 0
21 0 0
21 0 0
21 0 0
21 0 0
21 0 0
21 0 0
21 0 0
21 0 0
21 0 0
21 0 0
21 0 0
21 0 0
21 0 0
21 0 0
21 0 0
21 0 0
21 0 0
21 0 0
21 0 0
21 0 0
21 0 0
21 0 0
21 0 0
21 0 0
21 0 0
21 0 0
21 0 0
21 0 0
21 0 0
21 0 0
21 0 0
21 0 0
21 0 0
21 0 0
21 0 0
21 0 0
21 0 0
21 0 0
21 0 0
21 0 0
21 0 0
21 0 0
21 0 0
21 0 0
21 0 0
21 0 0
21 0 0
22 1 1
22 1 1
22 1 1
22 1 1
22 1 1
22 1 1
22 1 1
22 1 1
22 1 1
22 1 1
22 1 1
197 108 7
197 111 7
197 112 7
196 110 7
196 109 8
196 107 8
255 192 39
255 172 27
255 149 15
231 125 6
21 0 0
21 0 0
21 0 0
21 0 0
21 0 0
21 0 0
21 0 0
21 0 0
21 0 0
21 0 0
21 0 0
21 0 0
21 0 0
21 0 0
21 0 0
21 0 0
21 0 0
21 0 0
21 0 0
21 0 0
21 0 0
21 0 0
21 0 0
21 0 0
21 0 0
21 0 0
21 0 0
21 0 0
21 0 0
21 0 0
21 0 0
21 0 0
21 0 0
21 0 0
21 0 0
255 15 251
255 36 255
255 44 255
255 43 255
255 41 238
245 40 219
223 37 197
198 31 171
171 21 141
155 12 124
140 5 108
128 1 94
113 0 78
93 0 57
61 0 26
21 0 0
21 0 0
21 0 0
21 0 0
21 0 0
21 0 0
21 0 0
21 0 0
21 0 0
21 0 0
21 0 0
21 0 0
21 0 0
21 0 0
21 0 0
21 0 0
21 0 0
21 0 0
21 0 0
21 0 0
21 0 0
21 0 0
21 0 0
21 0 0
21 0 0
21 0 0
21 0 0
21 0 0
21 0 0
255 81 255
255 115 255
255 133 255
255 141 255
255 141 255
242 134 255
230 121 255
220 100 255
21 0 0
21 0 0
21 0 0
21 0 0
21 0 0
21 0 0
21 0 0
21 0 0
21 0 0
21 0 0
21 0 0
21 0 0
21 0 0
21 0 0
21 0 0
21 0 0
21 0 0
21 0 0
21 0 0
21 0 0
22 1 1
22 1 1
22 1 1
22 1 1
22 1 1
22 1 1
22 1 1
22 1 1
22 1 1
22 1 1
197 111 7
200 115 7
204 255 9
213 255 18
221 255 24
225 255 26
196 110 7
196 108 8
255 211 60
255 183 41
255 153 22
230 125 9
21 0 0
21 0 0
21 0 0
21 0 0
21 0 0
21 0 0
21 0 0
21 0 0
21 0 0
21 0 0
21 0 0
21 0 0
21 0 0
21 0 0
21 0 0
21 0 0
21 0 0
21 0 0
21 0 0
21 0 0
21 0 0
21 0 0
21 0 0
21 0 0
21 0 0
21 0 0
21 0 0
21 0 0
21 0 0
21 0 0
21 0 0
21 0 0
21 0 0
21 0 0
156 92 217
193 80 229
201 65 221
197 51 204
190 41 188
179 37 171
166 32 153
150 27 134
139 22 122
126 18 109
113 16 96
99 16 82
82 16 66
62 14 45
37 6 15
21 0 0
21 0 0
21 0 0
21 0 0
21 0 0
21 0 0
21 0 0
21 0 0
21 0 0
21 0 0
21 0 0
21 0 0
21 0 0
21 0 0
21 0 0
21 0 0
21 0 0
21 0 0
21 0 0
21 0 0
21 0 0
21 0 0
21 0 0
21 0 0
21 0 0
21 0 0
21 0 0
255 0 255
255 9 255
255 26 255
255 39 255
255 47 255
255 48 255
255 45 255
255 38 255
255 30 255
255 23 255
255 15 255
255 7 255
21 0 0
21 0 0
21 0 0
21 0 0
21 0 0
21 0 0
21 0 0
21 0 0
21 0 0
21 0 0
21 0 0
21 0 0
21 0 0
21 0 0
21 0 0
21 0 0
21 0 0
21 0 0
22 1 1
22 1 1
22 1 1
22 1 1
22 1 1
22 1 1
22 1 1
22 1 1
22 1 1
22 1 1
195 255 4
209 255 17
224 255 31
238 255 44
250 255 55
255 255 62
255 255 61
198 110 7
197 109 7
255 221 74
255 185 48
255 150 25
220 118 9
21 0 0
21 0 0
21 0 0
21 0 0
21 0 0
21 0 0
21 0 0
21 0 0
21 0 0
21 0 0
21 0 0
21 0 0
21 0 0
21 0 0
21 0 0
21 0 0
21 0 0
21 0 0
21 0 0
21 0 0
21 0 0
21 0 0
21 0 0
21 0 0
21 0 0
21 0 0
21 0 0
21 0 0
21 0 0
21 0 0
21 0 0
21 0 0
21 0 0
35 167 183
52 158 189
60 138 178
63 121 165
65 106 149
62 85 123
63 83 120
61 76 115
57 72 106
52 65 96
46 59 83
39 52 70
33 42 53
26 27 31
21 0 1
21 0 0
21 0 0
21 0 0
21 0 0
21 0 0
21 0 0
21 0 0
21 0 0
21 0 0
21 0 0
21 0 0
21 0 0
21 0 0
21 0 0
21 0 0
21 0 0
21 0 0
21 0 0
21 0 0
21 0 0
21 0 0
21 0 0
21 0 0
21 0 0
21 0 0
21 0 0
255 73 255
255 56 255
255 56 255
255 60 255
255 63 255
255 63 255
255 58 255
255 47 255
255 33 255
255 19 255
255 10 255
255 6 255
255 8 255
219 13 228
21 0 0
21 0 0
21 0 0
21 0 0
21 0 0
21 0 0
21 0 0
21 0 0
21 0 0
21 0 0
21 0 0
21 0 0
21 0 0
21 0 0
21 0 0
21 0 0
21 0 0
22 1 1
22 1 1
22 1 1
22 1 1
22 1 1
22 1 1
22 1 1
22 1 1
22 1 1
190 255 4
204 255 17
221 255 33
239 255 49
255 255 66
255 255 82
255 255 94
255 255 99
255 255 94
197 109 7
198 107 7
255 221 79
255 178 47
246 139 22
202 108 7
21 0 0
21 0 0
21 0 0
21 0 0
21 0 0
21 0 0
21 0 0
21 0 0
21 0 0
21 0 0
21 0 0
21 0 0
21 0 0
21 0 0
21 0 0
21 0 0
21 0 0
21 0 0
21 0 0
21 0 0
21 0 0
21 0 0
21 0 0
21 0 0
21 0 0
21 0 0
21 0 0
21 0 0
21 0 0
21 0 0
21 0 0
21 0 0
47 117 147
34 130 151
27 129 143
23 118 131
22 98 110
22 99 108
21 95 105
21 90 99
21 84 92
21 77 83
21 64 70
22 50 56
23 34 38
23 11 14
24 1 2
21 0 0
21 0 0
21 0 0
21 0 0
21 0 0
21 0 0
21 0 0
21 0 0
21 0 0
21 0 0
21 0 0
21 0 0
21 0 0
21 0 0
21 0 0
21 0 0
21 0 0
21 0 0
21 0 0
21 0 0
21 0 0
21 0 0
21 0 0
21 0 0
21 0 0
142 238 255
220 217 255
255 209 255
255 206 255
255 205 255
255 205 255
255 201 255
255 189 255
255 169 255
255 143 255
255 116 255
255 93 255
222 79 255
189 74 255
155 74 228
112 74 184
21 0 0
21 0 0
21 0 0
21 0 0
21 0 0
21 0 0
21 0 0
21 0 0
21 0 0
21 0 0
21 0 0
21 0 0
21 0 0
21 0 0
21 0 0
21 0 0
22 1 1
22 1 1
22 1 1
22 1 1
22 1 1
22 1 1
22 1 1
22 1 1
180 255 0
194 255 13
210 255 27
228 255 44
248 255 62
255 255 81
255 255 101
255 255 118
255 255 131
255 255 133
255 255 122
198 109 7
100 40 0
99 39 0
98 39 0
98 40 0
21 0 0
21 0 0
21 0 0
21 0 0
21 0 0
21 0 0
21 0 0
21 0 0
21 0 0
21 0 0
21 0 0
21 0 0
21 0 0
21 0 0
21 0 0
21 0 0
21 0 0
21 0 0
21 0 0
21 0 0
21 0 0
21 0 0
21 0 0
21 0 0
21 0 0
21 0 0
21 0 0
21 0 0
21 0 0
21 0 0
21 0 0
21 0 0
111 15 104
100 36 114
86 43 108
72 45 95
68 46 96
65 48 94
62 46 91
60 45 86
58 42 79
55 36 68
52 27 55
48 17 39
40 7 19
34 1 6
33 0 2
21 0 0
21 0 0
21 0 0
21 0 0
21 0 0
21 0 0
21 0 0
21 0 0
21 0 0
21 0 0
21 0 0
21 0 0
21 0 0
21 0 0
21 0 0
21 0 0
21 0 0
21 0 0
21 0 0
21 0 0
21 0 0
21 0 0
21 0 0
21 0 0
4 255 255
45 255 255
93 255 255
138 255 255
179 255 255
217 255 255
247 255 255
255 255 255
255 255 255
251 255 255
221 255 255
183 255 255
144 222 255
110 191 255
84 170 250
63 155 217
43 137 180
21 114 134
21 0 0
21 0 0
21 0 0
21 0 0
21 0 0
21 0 0
21 0 0
21 0 0
21 0 0
21 0 0
21 0 0
21 0 0
21 0 0
21 0 0
21 0 0
22 1 1
22 1 1
22 1 1
22 1 1
22 1 1
22 1 1
22 1 1
22 1 1
182 253 6
196 255 19
212 255 33
230 255 50
250 255 69
255 255 89
255 255 111
255 255 133
255 255 152
255 255 163
255 255 161
255 255 140
99 39 0
97 37 0
96 37 0
95 38 0
26 0 0
21 0 0
21 0 0
21 0 0
21 0 0
21 0 0
21 0 0
21 0 0
21 0 0
21 0 0
21 0 0
21 0 0
21 0 0
21 0 0
21 0 0
21 0 0
21 0 0
21 0 0
21 0 0
21 0 0
21 0 0
21 0 0
21 0 0
21 0 0
21 0 0
21 0 0
21 0 0
21 0 0
21 0 0
21 0 0
21 0 0
21 0 0
21 0 0
101 0 75
100 0 73
108 1 80
109 2 81
108 2 81
105 3 77
99 3 71
92 2 63
83 1 52
70 0 37
53 0 20
46 0 12
41 0 7
21 0 0
21 0 0
21 0 0
21 0 0
21 0 0
21 0 0
21 0 0
21 0 0
21 0 0
21 0 0
21 0 0
21 0 0
21 0 0
21 0 0
21 0 0
21 0 0
21 0 0
21 0 0
21 0 0
21 0 0
21 0 0
21 0 0
21 0 0
21 0 0
21 0 0
22 255 255
27 255 255
45 255 255
69 255 255
97 255 255
128 255 255
156 255 255
173 255 255
176 255 255
162 255 255
135 255 255
99 255 255
62 255 255
33 255 255
14 227 236
5 197 202
1 169 171
0 142 142
2 75 77
21 0 0
21 0 0
21 0 0
21 0 0
21 0 0
21 0 0
21 0 0
21 0 0
21 0 0
21 0 0
21 0 0
21 0 0
21 0 0
21 0 0
22 1 1
22 1 1
22 1 1
22 1 1
22 1 1
22 1 1
22 1 1
39 255 255
182 248 10
195 255 22
211 255 36
228 255 52
248 255 70
255 255 91
255 255 114
255 255 138
255 255 162
255 255 181
255 255 189
255 255 178
97 40 0
107 130 3
99 117 0
89 101 0
75 78 0
57 49 0
21 0 0
21 0 0
21 0 0
21 0 0
21 0 0
21 0 0
21 0 0
21 0 0
21 0 0
21 0 0
21 0 0
21 0 0
21 0 0
21 0 0
21 0 0
21 0 0
21 0 0
21 0 0
21 0 0
21 0 0
21 0 0
21 0 0
21 0 0
21 0 0
21 0 0
21 0 0
21 0 0
21 0 0
21 0 0
21 0 0
21 0 0
21 0 0
54 14 49
68 12 59
75 10 63
79 9 64
77 8 59
73 7 53
66 6 45
55 4 32
47 3 23
42 2 19
36 3 14
21 0 0
21 0 0
21 0 0
21 0 0
21 0 0
21 0 0
21 0 0
21 0 0
21 0 0
21 0 0
21 0 0
21 0 0
21 0 0
21 0 0
21 0 0
21 0 0
21 0 0
21 0 0
21 0 0
21 0 0
21 0 0
21 0 0
21 0 0
21 0 0
21 0 0
169 139 255
130 234 255
116 255 255
111 255 255
115 255 255
127 255 255
145 255 255
164 255 255
175 255 255
173 255 255
158 255 255
130 255 255
95 255 255
61 255 255
34 248 255
18 205 218
13 173 186
15 150 166
20 120 140
24 75 99
21 0 0
21 0 0
21 0 0
21 0 0
21 0 0
21 0 0
21 0 0
21 0 0
21 0 0
21 0 0
21 0 0
21 0 0
21 0 0
21 0 0
22 1 1
22 1 1
22 1 1
22 1 1
22 1 1
54 255 255
105 255 255
136 255 255
131 164 5
131 166 5
207 255 36
223 255 51
243 255 69
255 255 89
255 255 111
255 255 136
255 255 162
255 255 186
255 255 203
255 255 205
255 255 182
255 255 132
223 255 69
159 201 23
83 92 0
67 67 0
46 34 0
21 0 0
21 0 0
21 0 0
21 0 0
21 0 0
21 0 0
21 0 0
21 0 0
21 0 0
21 0 0
21 0 0
21 0 0
21 0 0
21 0 0
21 0 0
21 0 0
21 0 0
21 0 0
21 0 0
21 0 0
21 0 0
21 0 0
21 0 0
21 0 0
21 0 0
21 0 0
21 0 0
21 0 0
21 0 0
21 0 0
21 0 0
21 0 0
24 33 52
27 23 49
28 20 45
29 23 42
29 19 40
28 19 38
26 16 32
24 15 26
22 13 20
21 0 0
21 0 0
21 0 0
21 0 0
21 0 0
21 0 0
21 0 0
21 0 0
21 0 0
21 0 0
21 0 0
21 0 0
21 0 0
21 0 0
21 0 0
21 0 0
21 0 0
21 0 0
21 0 0
21 0 0
21 0 0
21 0 0
21 0 0
21 0 0
21 0 0
21 0 0
255 40 255
255 95 255
252 143 255
239 183 255
233 219 255
234 254 255
242 255 255
250 255 255
253 255 255
246 255 255
227 255 255
197 255 255
160 244 255
125 199 255
96 157 233
78 125 197
73 104 178
72 86 159
71 64 135
63 36 98
21 0 0
21 0 0
21 0 0
21 0 0
21 0 0
21 0 0
21 0 0
21 0 0
21 0 0
21 0 0
21 0 0
21 0 0
21 0 0
21 0 0
22 1 1
22 1 1
22 1 1
22 1 1
26 166 171
26 165 172
192 255 255
196 255 255
131 165 5
131 166 5
131 163 5
216 255 48
234 255 64
254 255 83
255 255 104
255 255 128
255 255 154
255 255 181
255 255 204
255 255 216
255 255 208
255 255 168
255 255 102
180 226 39
127 159 8
92 107 0
57 51 0
21 0 0
21 0 0
21 0 0
21 0 0
21 0 0
21 0 0
21 0 0
21 0 0
21 0 0
21 0 0
21 0 0
21 0 0
21 0 0
21 0 0
21 0 0
21 0 0
21 0 0
21 0 0
21 0 0
21 0 0
21 0 0
21 0 0
21 0 0
21 0 0
21 0 0
21 0 0
21 0 0
21 0 0
21 0 0
21 0 0
21 0 0
21 0 0
21 0 0
35 29 59
30 28 54
28 29 51
27 28 47
27 23 43
28 19 36
30 13 28
21 0 0
21 0 0
21 0 0
21 0 0
21 0 0
21 0 0
21 0 0
21 0 0
21 0 0
21 0 0
21 0 0
21 0 0
21 0 0
21 0 0
21 0 0
21 0 0
21 0 0
21 0 0
21 0 0
21 0 0
21 0 0
21 0 0
21 0 0
21 0 0
21 0 0
21 0 0
21 0 0
255 3 255
255 14 255
255 32 255
255 50 255
255 71 255
255 96 255
255 123 255
255 148 255
255 164 255
255 169 255
255 161 255
255 140 255
229 112 255
192 82 241
163 58 206
147 41 184
137 30 167
127 21 149
113 12 125
88 4 91
21 0 0
21 0 0
21 0 0
21 0 0
21 0 0
21 0 0
21 0 0
21 0 0
21 0 0
21 0 0
21 0 0
21 0 0
21 0 0
21 0 0
22 1 1
22 1 1
22 1 1
22 1 1
25 166 172
26 165 172
26 167 173
209 255 255
131 165 5
131 166 5
131 164 5
131 165 5
224 255 58
242 255 75
255 255 94
255 255 116
255 255 141
255 255 167
255 255 193
255 255 213
255 255 217
255 255 193
255 255 134
205 251 61
138 172 14
99 116 1
67 64 0
45 28 0
21 0 0
21 0 0
21 0 0
21 0 0
21 0 0
21 0 0
21 0 0
21 0 0
21 0 0
21 0 0
21 0 0
21 0 0
21 0 0
21 0 0
21 0 0
21 0 0
21 0 0
21 0 0
21 0 0
21 0 0
21 0 0
21 0 0
21 0 0
21 0 0
21 0 0
21 0 0
21 0 0
21 0 0
21 0 0
21 0 0
21 0 0
21 0 0
21 0 0
21 0 0
21 0 0
21 0 0
21 0 0
21 0 0
21 0 0
21 0 0
21 0 0
21 0 0
21 0 0
21 0 0
21 0 0
21 0 0
21 0 0
21 0 0
21 0 0
21 0 0
21 0 0
21 0 0
21 0 0
21 0 0
21 0 0
21 0 0
21 0 0
21 0 0
21 0 0
21 0 0
21 0 0
21 0 0
21 0 0
21 0 0
21 0 0
21 0 0
215 59 255
255 40 255
255 31 255
255 25 255
255 25 255
255 32 255
255 44 255
255 57 255
255 67 255
255 69 255
255 64 255
255 51 255
235 35 236
207 19 207
186 8 187
170 1 169
155 0 154
136 0 136
111 1 112
76 4 79
21 0 0
21 0 0
21 0 0
21 0 0
21 0 0
21 0 0
21 0 0
21 0 0
21 0 0
21 0 0
21 0 0
21 0 0
21 0 0
21 0 0
22 1 1
22 1 1
22 1 1
22 0 0
25 164 172
21 36 49
25 167 174
193 255 255
167 255 255
131 168 5
132 167 5
131 165 5
130 165 5
228 255 66
247 255 82
255 255 102
255 255 124
255 255 148
255 255 174
255 255 198
255 255 211
255 255 202
255 255 158
230 255 85
150 185 23
104 123 2
73 73 0
52 40 0
21 0 0
21 0 0
21 0 0
21 0 0
21 0 0
21 0 0
21 0 0
21 0 0
21 0 0
21 0 0
21 0 0
21 0 0
21 0 0
21 0 0
21 0 0
21 0 0
21 0 0
21 0 0
21 0 0
21 0 0
21 0 0
21 0 0
21 0 0
21 0 0
21 0 0
21 0 0
21 0 0
21 0 0
21 0 0
21 0 0
21 0 0
21 0 0
21 0 0
21 0 0
21 0 0
21 0 0
21 0 0
21 0 0
21 0 0
21 0 0
21 0 0
21 0 0
21 0 0
21 0 0
21 0 0
21 0 0
21 0 0
21 0 0
21 0 0
21 0 0
21 0 0
21 0 0
21 0 0
21 0 0
21 0 0
21 0 0
21 0 0
21 0 0
21 0 0
21 0 0
21 0 0
21 0 0
21 0 0
21 0 0
21 0 0
21 0 0
85 152 240
130 134 255
161 115 255
184 98 255
201 84 255
213 76 255
223 72 255
231 72 255
232 71 255
227 68 255
213 60 240
192 50 216
175 39 199
160 32 184
144 27 168
129 25 155
112 26 139
93 28 121
70 28 99
38 24 63
21 0 0
21 0 0
21 0 0
21 0 0
21 0 0
21 0 0
21 0 0
21 0 0
21 0 0
21 0 0
21 0 0
21 0 0
21 0 0
21 0 0
22 1 1
22 1 1
22 0 0
22 0 0
25 163 173
21 30 37
25 166 174
163 255 255
142 255 255
132 165 4
132 164 4
131 166 5
130 165 5
214 255 56
230 255 70
248 255 87
255 255 105
255 255 127
255 255 150
255 255 173
255 255 192
255 255 195
255 255 169
251 255 107
164 200 37
108 129 3
74 77 0
57 49 0
36 17 0
21 0 0
21 0 0
21 0 0
21 0 0
21 0 0
21 0 0
21 0 0
21 0 0
21 0 0
21 0 0
21 0 0
21 0 0
21 0 0
21 0 0
21 0 0
21 0 0
21 0 0
21 0 0
21 0 0
21 0 0
21 0 0
21 0 0
21 0 0
21 0 0
21 0 0
21 0 0
21 0 0
21 0 0
21 0 0
21 0 0
21 0 0
21 0 0
21 0 0
21 0 0
21 0 0
21 0 0
21 0 0
21 0 0
21 0 0
21 0 0
21 0 0
21 0 0
21 0 0
21 0 0
21 0 0
21 0 0
21 0 0
21 0 0
21 0 0
21 0 0
21 0 0
21 0 0
21 0 0
21 0 0
21 0 0
21 0 0
21 0 0
21 0 0
21 0 0
21 0 0
21 0 0
21 0 0
21 0 0
21 0 0
21 0 0
4 191 209
20 200 229
38 198 237
53 187 240
66 176 238
77 161 236
87 150 231
95 138 225
99 129 218
99 119 206
93 107 192
88 101 183
82 94 174
74 89 163
65 85 152
56 80 139
45 76 123
33 69 105
20 56 81
6 32 43
21 0 0
21 0 0
21 0 0
21 0 0
21 0 0
21 0 0
21 0 0
21 0 0
21 0 0
21 0 0
21 0 0
21 0 0
21 0 0
21 0 0
22 1 1
22 0 0
21 0 0
21 0 0
25 168 175
21 31 37
21 19 23
25 166 175
114 250 254
132 165 4
132 165 4
132 166 4
130 163 4
129 163 4
214 255 58
228 255 72
245 255 87
255 255 104
255 255 124
255 255 144
255 255 163
255 255 174
255 255 164
255 255 120
179 214 52
112 133 7
78 82 0
61 55 0
42 24 0
21 0 0
21 0 0
21 0 0
21 0 0
21 0 0
21 0 0
21 0 0
21 0 0
21 0 0
21 0 0
21 0 0
21 0 0
21 0 0
21 0 0
21 0 0
21 0 0
21 0 0
21 0 0
21 0 0
21 0 0
21 0 0
21 0 0
21 0 0
21 0 0
21 0 0
21 0 0
21 0 0
21 0 0
21 0 0
21 0 0
21 0 0
21 0 0
21 0 0
21 0 0
21 0 0
21 0 0
21 0 0
21 0 0
21 0 0
21 0 0
21 0 0
21 0 0
21 0 0
21 0 0
21 0 0
21 0 0
21 0 0
21 0 0
21 0 0
21 0 0
21 0 0
21 0 0
21 0 0
21 0 0
21 0 0
21 0 0
21 0 0
21 0 0
21 0 0
21 0 0
21 0 0
21 0 0
21 0 0
21 0 0
21 0 0
23 141 175
8 181 196
2 196 205
0 203 208
1 201 207
3 197 202
6 185 196
10 174 187
12 165 177
13 153 170
14 148 167
13 145 162
11 137 154
9 131 144
7 123 135
5 112 121
3 100 106
1 81 87
0 55 59
0 13 16
21 0 0
21 0 0
21 0 0
21 0 0
21 0 0
21 0 0
21 0 0
21 0 0
21 0 0
21 0 0
21 0 0
21 0 0
21 0 0
21 0 0
22 0 0
21 0 0
21 0 0
21 0 0
25 171 177
21 57 62
21 20 23
25 167 176
87 207 208
132 167 4
133 167 4
132 164 4
130 163 4
76 55 152
198 248 47
210 255 58
223 255 70
237 255 83
252 255 98
255 255 114
255 255 130
255 255 144
255 255 145
255 255 120
189 222 64
117 136 13
81 85 0
65 58 0
46 27 0
32 7 0
21 0 0
21 0 0
21 0 0
21 0 0
21 0 0
21 0 0
21 0 0
21 0 0
21 0 0
21 0 0
21 0 0
21 0 0
21 0 0
21 0 0
21 0 0
21 0 0
21 0 0
21 0 0
21 0 0
21 0 0
21 0 0
21 0 0
21 0 0
21 0 0
21 0 0
21 0 0
21 0 0
21 0 0
21 0 0
21 0 0
21 0 0
21 0 0
21 0 0
21 0 0
21 0 0
21 0 0
21 0 0
21 0 0
21 0 0
21 0 0
21 0 0
21 0 0
21 0 0
21 0 0
21 0 0
21 0 0
21 0 0
21 0 0
21 0 0
21 0 0
21 0 0
21 0 0
21 0 0
21 0 0
21 0 0
21 0 0
21 0 0
21 0 0
21 0 0
21 0 0
21 0 0
21 0 0
21 0 0
21 0 0
88 46 134
71 86 161
54 114 173
40 130 176
29 140 174
21 141 170
15 141 164
11 137 156
9 141 155
7 136 152
6 135 149
6 133 144
5 126 136
5 115 127
6 105 116
7 90 102
8 73 86
9 51 64
7 22 34
4 2 7
21 0 0
21 0 0
21 0 0
21 0 0
21 0 0
21 0 0
21 0 0
21 0 0
21 0 0
21 0 0
21 0 0
21 0 0
21 0 0
21 0 0
21 0 0
21 0 0
21 0 0
21 0 0
25 167 178
255 168 169
255 255 255
25 169 178
62 159 160
133 167 4
133 166 4
133 167 4
34 13 104
121 100 190
183 231 37
192 240 45
202 249 54
212 255 64
223 255 74
234 255 85
245 255 98
255 255 110
255 255 117
241 255 108
191 219 70
121 138 20
83 87 0
66 59 0
48 31 0
32 7 0
21 0 0
21 0 0
21 0 0
21 0 0
21 0 0
21 0 0
21 0 0
21 0 0
21 0 0
21 0 0
21 0 0
21 0 0
21 0 0
21 0 0
21 0 0
21 0 0
21 0 0
21 0 0
21 0 0
21 0 0
21 0 0
21 0 0
21 0 0
21 0 0
21 0 0
21 0 0
21 0 0
21 0 0
21 0 0
21 0 0
21 0 0
21 0 0
21 0 0
21 0 0
21 0 0
21 0 0
21 0 0
21 0 0
21 0 0
21 0 0
21 0 0
21 0 0
21 0 0
21 0 0
21 0 0
21 0 0
21 0 0
21 0 0
21 0 0
21 0 0
21 0 0
21 0 0
21 0 0
21 0 0
21 0 0
21 0 0
21 0 0
21 0 0
21 0 0
21 0 0
21 0 0
21 0 0
21 0 0
21 0 0
106 0 96
116 11 122
114 25 138
105 38 143
92 46 142
81 53 138
72 58 135
67 66 138
63 70 138
59 73 136
55 71 133
51 70 125
48 62 116
45 57 107
43 49 96
39 37 81
34 26 63
24 12 38
10 2 13
21 0 0
21 0 0
21 0 0
21 0 0
21 0 0
21 0 0
21 0 0
21 0 0
21 0 0
21 0 0
21 0 0
21 0 0
21 0 0
21 0 0
21 0 0
21 0 0
21 0 0
21 0 0
21 0 0
24 168 179
255 157 162
201 115 121
25 169 180
42 134 136
38 127 129
133 168 4
133 167 4
68 47 131
118 97 179
119 98 174
176 220 34
183 228 40
190 234 47
197 240 54
204 248 61
210 252 68
216 255 76
220 255 85
214 247 86
181 206 66
119 130 24
84 89 1
67 61 0
49 33 0
33 9 0
21 0 0
21 0 0
21 0 0
21 0 0
21 0 0
21 0 0
21 0 0
21 0 0
21 0 0
21 0 0
21 0 0
21 0 0
21 0 0
21 0 0
21 0 0
21 0 0
21 0 0
21 0 0
21 0 0
21 0 0
21 0 0
21 0 0
21 0 0
21 0 0
21 0 0
21 0 0
21 0 0
21 0 0
21 0 0
21 0 0
21 0 0
21 0 0
21 0 0
21 0 0
21 0 0
21 0 0
21 0 0
21 0 0
21 0 0
21 0 0
21 0 0
21 0 0
21 0 0
21 0 0
21 0 0
21 0 0
21 0 0
21 0 0
21 0 0
21 0 0
21 0 0
21 0 0
21 0 0
21 0 0
21 0 0
21 0 0
21 0 0
21 0 0
21 0 0
21 0 0
21 0 0
21 0 0
21 0 0
21 0 0
21 0 0
80 3 77
102 0 96
109 0 104
109 1 107
112 3 113
113 6 118
110 9 118
107 12 117
103 13 116
99 13 113
92 13 105
85 11 96
76 8 86
65 6 73
53 3 57
34 1 35
18 0 17
15 0 13
21 0 0
21 0 0
21 0 0
21 0 0
21 0 0
21 0 0
21 0 0
21 0 0
21 0 0
21 0 0
21 0 0
21 0 0
21 0 0
21 0 0
21 0 0
21 0 0
21 0 0
21 0 0
21 0 0
24 170 182
82 26 38
111 56 62
100 64 65
28 103 118
27 106 113
25 96 105
134 170 4
68 47 122
90 69 140
79 58 124
162 203 25
167 208 29
171 211 33
175 216 37
178 217 40
180 218 44
182 219 48
183 218 55
182 209 60
162 180 53
117 127 23
85 88 1
68 63 0
49 34 0
34 8 0
21 0 0
21 0 0
21 0 0
21 0 0
21 0 0
21 0 0
21 0 0
21 0 0
21 0 0
21 0 0
21 0 0
21 0 0
21 0 0
21 0 0
21 0 0
21 0 0
21 0 0
21 0 0
21 0 0
21 0 0
21 0 0
21 0 0
21 0 0
21 0 0
21 0 0
21 0 0
21 0 0
21 0 0
21 0 0
21 0 0
21 0 0
21 0 0
21 0 0
21 0 0
21 0 0
21 0 0
21 0 0
21 0 0
21 0 0
21 0 0
21 0 0
21 0 0
21 0 0
21 0 0
21 0 0
21 0 0
21 0 0
21 0 0
21 0 0
21 0 0
21 0 0
21 0 0
21 0 0
21 0 0
21 0 0
21 0 0
21 0 0
21 0 0
21 0 0
21 0 0
21 0 0
21 0 0
21 0 0
21 0 0
21 0 0
21 0 0
40 14 57
55 11 67
73 9 82
85 7 92
92 5 96
96 3 98
95 2 96
93 2 94
88 1 89
81 1 81
73 1 73
62 1 63
44 1 45
26 1 27
22 2 23
17 3 20
21 0 0
21 0 0
21 0 0
21 0 0
21 0 0
21 0 0
21 0 0
21 0 0
21 0 0
21 0 0
21 0 0
21 0 0
21 0 0
21 0 0
21 0 0
21 0 0
21 0 0
21 0 0
21 0 0
21 0 0
21 0 0
43 141 144
43 141 144
58 41 48
22 101 107
22 90 102
21 90 97
21 17 28
51 30 94
58 37 97
54 21 76
150 185 18
153 191 20
156 191 22
157 191 24
157 192 25
156 192 26
154 187 27
153 181 31
151 175 37
135 144 36
110 118 17
84 86 1
67 59 0
49 32 0
36 8 0
21 0 0
21 0 0
21 0 0
21 0 0
21 0 0
21 0 0
250 2 223
250 2 223
250 2 223
250 2 223
21 0 0
21 0 0
21 0 0
21 0 0
21 0 0
21 0 0
21 0 0
21 0 0
21 0 0
21 0 0
21 0 0
21 0 0
21 0 0
21 0 0
21 0 0
21 0 0
21 0 0
21 0 0
21 0 0
21 0 0
21 0 0
21 0 0
21 0 0
21 0 0
21 0 0
21 0 0
21 0 0
21 0 0
21 0 0
21 0 0
21 0 0
21 0 0
21 0 0
21 0 0
21 0 0
21 0 0
21 0 0
21 0 0
21 0 0
21 0 0
21 0 0
21 0 0
21 0 0
21 0 0
21 0 0
21 0 0
21 0 0
21 0 0
21 0 0
21 0 0
21 0 0
21 0 0
21 0 0
21 0 0
21 0 0
21 0 0
21 0 0
13 30 63
20 28 61
24 21 57
34 26 70
38 26 71
42 22 73
42 20 69
40 17 65
33 17 54
24 12 40
21 10 36
18 10 35
14 13 31
8 9 25
21 0 0
21 0 0
21 0 0
21 0 0
21 0 0
21 0 0
21 0 0
21 0 0
21 0 0
21 0 0
21 0 0
21 0 0
21 0 0
21 0 0
21 0 0
21 0 0
21 0 0
21 0 0
21 0 0
21 0 0
21 0 0
21 0 0
24 177 186
56 206 206
38 145 146
24 171 183
21 78 97
21 75 91
21 77 86
35 13 64
35 14 62
39 6 50
140 174 12
142 174 13
142 170 14
142 170 15
140 170 14
137 167 13
133 163 13
129 155 14
125 141 19
116 128 19
100 106 9
81 83 0
65 56 0
47 27 0
36 11 0
250 255 224
250 255 224
250 255 224
250 255 223
250 255 223
250 2 223
250 2 223
250 2 223
250 2 223
250 2 223
249 2 223
249 2 223
21 0 0
21 0 0
21 0 0
21 0 0
21 0 0
21 0 0
21 0 0
21 0 0
21 0 0
21 0 0
21 0 0
21 0 0
21 0 0
21 0 0
21 0 0
21 0 0
21 0 0
21 0 0
21 0 0
21 0 0
21 0 0
21 0 0
21 0 0
21 0 0
21 0 0
21 0 0
21 0 0
21 0 0
21 0 0
21 0 0
21 0 0
21 0 0
21 0 0
21 0 0
21 0 0
21 0 0
21 0 0
21 0 0
21 0 0
21 0 0
21 0 0
21 0 0
21 0 0
21 0 0
21 0 0
21 0 0
21 0 0
21 0 0
21 0 0
21 0 0
21 0 0
21 0 0
21 0 0
21 0 0
21 0 0
21 0 0
0 44 71
0 40 67
1 35 62
3 37 60
4 35 57
5 29 55
5 30 51
4 31 48
3 29 42
2 22 40
1 23 37
0 22 29
21 0 0
21 0 0
21 0 0
21 0 0
21 0 0
21 0 0
21 0 0
21 0 0
21 0 0
21 0 0
21 0 0
21 0 0
21 0 0
21 0 0
21 0 0
21 0 0
21 0 0
21 0 0
21 0 0
21 0 0
21 0 0
21 0 0
21 0 0
24 170 188
77 255 255
78 255 255
24 174 186
21 75 93
21 70 86
21 68 80
238 58 251
255 255 255
244 255 249
130 160 8
131 160 8
131 155 9
129 149 8
127 150 7
123 148 6
117 138 5
112 128 5
103 113 7
101 107 7
91 98 3
77 73 0
62 51 0
44 23 0
37 13 0
250 255 224
250 255 224
250 255 224
250 255 224
250 3 223
250 255 223
250 255 224
250 2 223
250 2 223
250 2 223
250 2 223
250 2 223
250 2 223
250 2 223
21 0 0
21 0 0
21 0 0
21 0 0
21 0 0
21 0 0
21 0 0
21 0 0
21 0 0
21 0 0
21 0 0
21 0 0
21 0 0
21 0 0
21 0 0
21 0 0
21 0 0
21 0 0
21 0 0
21 0 0
21 0 0
21 0 0
21 0 0
21 0 0
21 0 0
21 0 0
21 0 0
21 0 0
21 0 0
255 182 0
255 187 0
255 190 0
255 190 0
255 190 0
255 189 0
255 188 0
255 185 0
255 182 0
255 178 0
255 172 0
255 164 0
21 0 0
21 0 0
21 0 0
21 0 0
21 0 0
21 0 0
21 0 0
21 0 0
21 0 0
21 0 0
21 0 0
21 0 0
21 0 0
21 0 0
33 29 76
18 35 73
11 36 71
8 36 66
6 36 62
5 34 57
5 32 55
6 25 46
9 21 43
21 0 0
21 0 0
21 0 0
21 0 0
21 0 0
21 0 0
21 0 0
21 0 0
21 0 0
21 0 0
21 0 0
21 0 0
21 0 0
21 0 0
21 0 0
21 0 0
21 0 0
21 0 0
21 0 0
21 0 0
21 0 0
21 0 0
21 0 0
21 0 0
21 0 0
24 185 192
51 255 255
24 176 188
24 176 187
21 66 82
21 60 77
21 52 69
21 42 60
255 110 255
255 116 255
122 143 4
122 147 5
121 139 5
119 139 4
116 132 3
112 123 2
106 116 1
99 105 1
94 99 2
92 97 1
85 82 0
74 68 0
58 41 0
39 12 0
36 10 0
250 255 224
250 255 224
250 3 224
250 255 224
250 255 224
250 255 224
250 3 224
250 3 224
250 2 223
250 2 223
250 2 223
250 2 223
250 2 223
250 255 223
249 255 223
249 2 223
249 2 222
21 0 0
21 0 0
21 0 0
21 0 0
21 0 0
21 0 0
21 0 0
21 0 0
21 0 0
21 0 0
21 0 0
21 0 0
21 0 0
21 0 0
21 0 0
21 0 0
21 0 0
21 0 0
21 0 0
21 0 0
21 0 0
21 0 0
21 0 0
213 128 3
213 128 3
213 129 3
213 129 3
213 129 3
213 129 3
213 128 3
213 127 3
213 128 4
212 127 4
212 129 4
255 200 3
255 197 2
255 194 1
255 190 1
255 185 0
255 179 0
255 172 0
255 162 0
248 145 0
21 0 0
21 0 0
21 0 0
21 0 0
21 0 0
21 0 0
21 0 0
21 0 0
21 0 0
21 0 0
21 0 0
21 0 0
21 0 0
21 0 0
21 0 0
21 0 0
21 0 0
21 0 0
21 0 0
21 0 0
21 0 0
21 0 0
21 0 0
21 0 0
21 0 0
21 0 0
21 0 0
21 0 0
21 0 0
21 0 0
21 0 0
21 0 0
21 0 0
21 0 0
21 0 0
21 0 0
21 0 0
21 0 0
255 255 232
254 8 232
255 7 232
254 7 231
254 7 231
253 7 231
24 180 193
24 183 193
21 54 77
21 53 72
21 51 64
21 39 55
21 29 45
234 54 214
255 140 255
114 134 2
114 131 2
113 133 2
110 125 2
107 121 1
102 113 0
97 98 0
91 94 0
89 95 0
86 86 0
80 80 0
69 53 0
53 32 0
40 12 0
37 13 0
152 160 127
152 160 126
250 255 224
250 255 224
250 3 224
250 3 224
250 255 224
250 255 223
250 3 223
250 2 223
250 2 223
250 2 223
250 255 223
250 2 223
249 2 223
249 255 223
249 255 222
249 255 222
249 255 222
21 0 0
21 0 0
21 0 0
21 0 0
21 0 0
21 0 0
21 0 0
21 0 0
21 0 0
21 0 0
21 0 0
21 0 0
21 0 0
21 0 0
21 0 0
21 0 0
21 0 0
21 0 0
215 126 3
215 127 3
214 129 3
215 129 3
214 131 3
214 129 3
213 130 3
212 129 3
212 129 3
213 129 3
213 128 3
213 130 3
213 129 3
213 130 3
213 130 3
212 129 4
212 129 4
255 205 6
255 201 4
255 196 3
255 191 2
255 185 1
255 178 0
255 170 0
255 159 0
21 0 0
21 0 0
21 0 0
21 0 0
21 0 0
21 0 0
21 0 0
21 0 0
21 0 0
21 0 0
21 0 0
21 0 0
21 0 0
21 0 0
21 0 0
21 0 0
21 0 0
21 0 0
21 0 0
21 0 0
21 0 0
21 0 0
21 0 0
21 0 0
21 0 0
21 0 0
21 0 0
21 0 0
21 0 0
21 0 0
21 0 0
21 0 0
21 0 0
21 0 0
21 0 0
21 0 0
255 8 233
255 255 233
255 8 232
253 8 233
253 7 233
252 7 231
23 179 196
23 177 193
21 33 73
21 37 59
21 35 50
21 29 41
21 19 33
21 15 27
232 250 208
107 123 1
107 123 1
105 120 1
103 120 0
99 107 0
94 99 0
88 88 0
88 90 0
86 83 0
82 81 0
75 67 0
63 50 0
47 22 0
41 13 0
38 10 0
26 0 0
26 0 0
26 0 0
152 3 126
250 255 224
250 255 224
250 3 224
250 3 224
250 3 224
250 3 223
250 255 224
250 2 223
250 2 223
250 2 223
250 255 223
249 255 223
249 255 223
249 255 222
249 255 223
249 255 222
249 255 222
21 0 0
21 0 0
21 0 0
21 0 0
21 0 0
21 0 0
21 0 0
21 0 0
21 0 0
21 0 0
21 0 0
21 0 0
21 0 0
21 0 0
21 0 0
21 0 0
216 127 3
216 129 3
215 130 3
215 131 3
215 131 3
214 129 3
214 130 3
214 130 3
214 131 3
213 131 3
213 131 3
214 131 3
214 132 3
213 130 3
213 130 3
213 129 3
212 129 3
213 130 3
213 128 3
212 128 3
255 205 7
255 200 5
255 194 3
255 187 2
255 180 0
255 172 0
255 162 0
250 147 0
21 0 0
21 0 0
21 0 0
21 0 0
21 0 0
21 0 0
21 0 0
21 0 0
21 0 0
21 0 0
21 0 0
21 0 0
21 0 0
21 0 0
21 0 0
21 0 0
21 0 0
21 0 0
21 0 0
21 0 0
21 0 0
21 0 0
21 0 0
21 0 0
21 0 0
21 0 0
21 0 0
21 0 0
21 0 0
21 0 0
21 0 0
21 0 0
21 0 0
255 8 235
255 8 235
255 8 236
254 255 237
254 255 237
252 255 236
251 7 228
23 193 200
21 34 75
21 30 50
21 20 34
21 15 26
21 9 18
21 7 12
21 8 8
101 113 0
100 112 0
98 112 0
95 97 0
91 92 0
86 83 0
87 86 0
85 82 0
83 79 0
78 68 0
70 63 0
56 39 0
45 25 0
40 17 0
35 10 0
26 0 0
26 0 0
26 0 0
26 0 0
26 0 0
250 3 224
250 3 224
250 3 224
250 255 224
250 3 224
250 3 224
250 2 224
250 255 223
250 255 224
250 255 224
250 255 223
250 255 223
249 255 223
249 255 223
249 255 223
249 2 222
249 2 223
249 2 222
249 255 222
21 0 0
21 0 0
21 0 0
21 0 0
21 0 0
21 0 0
21 0 0
21 0 0
21 0 0
21 0 0
21 0 0
21 0 0
21 0 0
215 128 3
215 130 3
215 132 3
215 133 3
216 135 3
217 255 0
218 255 1
220 255 2
221 255 2
223 255 3
225 255 3
217 136 3
216 135 3
214 134 3
213 132 3
214 132 3
213 131 3
213 130 3
213 129 3
213 129 3
213 129 3
213 129 3
255 208 10
255 201 7
255 195 4
255 188 2
255 180 1
255 171 0
255 161 0
249 146 0
21 0 0
21 0 0
21 0 0
21 0 0
21 0 0
21 0 0
21 0 0
21 0 0
21 0 0
21 0 0
21 0 0
21 0 0
21 0 0
21 0 0
21 0 0
21 0 0
21 0 0
21 0 0
21 0 0
21 0 0
21 0 0
21 0 0
21 0 0
21 0 0
21 0 0
21 0 0
21 0 0
21 0 0
21 0 0
21 0 0
21 0 0
255 255 238
255 255 236
255 255 236
255 255 238
255 255 239
254 255 240
253 255 237
252 255 232
22 0 0
22 0 0
22 0 0
22 0 0
22 0 0
22 0 0
22 0 0
94 94 0
93 101 0
91 89 0
88 86 0
84 76 0
84 85 0
83 81 0
82 79 0
78 68 0
72 61 0
62 51 0
49 30 0
44 25 0
38 17 0
25 0 0
26 0 0
25 0 0
26 0 0
26 0 0
26 0 0
26 0 0
124 125 98
124 125 98
250 3 224
250 3 224
250 255 224
250 255 223
250 255 224
250 255 223
250 2 224
250 255 223
250 255 223
250 255 223
250 2 223
249 2 223
249 2 223
249 2 222
249 2 223
249 2 223
249 1 223
249 1 222
21 0 0
21 0 0
21 0 0
21 0 0
21 0 0
21 0 0
21 0 0
21 0 0
21 0 0
21 0 0
21 0 0
216 131 3
208 255 0
210 255 0
213 255 2
216 255 4
221 255 6
223 255 8
225 255 9
227 255 10
229 255 11
231 255 12
230 255 12
230 255 12
231 255 11
231 255 9
218 139 3
215 135 3
213 133 3
214 132 3
212 130 3
213 130 3
213 130 3
213 130 3
213 129 3
255 209 11
255 201 8
255 194 5
255 186 2
255 178 1
255 168 0
255 157 0
241 142 0
21 0 0
21 0 0
21 0 0
21 0 0
21 0 0
21 0 0
21 0 0
21 0 0
21 0 0
21 0 0
21 0 0
21 0 0
21 0 0
21 0 0
21 0 0
21 0 0
21 0 0
21 0 0
21 0 0
21 0 0
21 0 0
21 0 0
21 0 0
21 0 0
21 0 0
21 0 0
21 0 0
21 0 0
21 0 0
255 255 235
255 255 234
255 255 234
255 255 236
255 255 235
255 255 236
254 8 236
254 8 233
253 7 231
252 255 229
252 7 228
252 7 228
121 0 98
121 0 98
121 125 98
121 125 98
84 84 0
83 65 0
81 68 0
81 78 0
81 82 0
80 78 0
77 68 0
73 59 0
65 51 0
53 36 0
47 27 0
40 17 0
35 10 0
25 0 0
25 0 0
25 0 0
25 0 0
26 0 0
26 0 0
26 0 0
26 0 0
124 0 98
124 125 98
124 125 98
250 255 224
250 255 224
250 3 224
250 3 224
250 255 223
250 255 223
250 2 223
250 2 224
249 2 223
250 2 223
249 255 223
250 2 223
249 2 223
249 2 223
249 255 223
249 255 223
249 255 222
249 255 222
21 0 0
21 0 0
21 0 0
21 0 0
21 0 0
21 0 0
21 0 0
21 0 0
200 255 0
206 255 1
212 255 3
215 255 5
219 255 8
223 255 11
227 255 14
230 255 16
233 255 19
236 255 21
238 255 22
240 255 23
241 255 24
241 255 24
241 255 23
241 255 22
239 255 20
238 255 17
237 255 14
218 138 3
215 135 3
214 133 3
213 131 3
213 130 3
213 130 3
212 129 3
212 128 3
255 207 12
255 199 8
255 191 4
255 183 2
255 174 0
255 164 0
255 151 0
21 0 0
21 0 0
21 0 0
21 0 0
21 0 0
21 0 0
21 0 0
21 0 0
21 0 0
21 0 0
21 0 0
21 0 0
21 0 0
21 0 0
21 0 0
21 0 0
21 0 0
21 0 0
21 0 0
21 0 0
21 0 0
21 0 0
21 0 0
21 0 0
21 0 0
21 0 0
21 0 0
21 0 0
255 255 233
255 255 233
255 255 233
255 9 233
255 8 233
255 8 232
255 8 232
255 8 231
255 8 230
254 7 229
253 7 228
253 255 228
252 255 228
252 255 228
251 255 227
251 255 227
250 255 227
250 255 227
93 0 0
79 71 0
78 67 0
76 59 0
73 51 0
67 47 0
59 37 0
52 33 0
43 24 0
35 10 0
24 0 0
25 0 0
25 0 0
25 0 0
25 0 0
25 0 0
26 0 0
26 0 0
26 0 0
124 125 98
124 125 99
124 125 98
124 0 98
124 0 98
250 3 224
250 255 224
250 3 224
250 2 224
250 2 224
250 2 224
250 255 223
250 255 223
250 2 223
250 2 224
250 255 223
250 255 224
249 255 223
249 255 223
249 255 223
248 1 222
248 255 222
248 255 222
248 255 222
21 0 0
21 0 0
21 0 0
21 0 0
199 255 0
206 255 2
210 255 4
214 255 8
219 255 11
224 255 15
228 255 18
233 255 21
237 255 25
240 255 28
244 255 30
247 255 32
249 255 34
251 255 35
253 255 36
253 255 36
253 255 35
252 255 33
250 255 31
248 255 28
244 255 24
242 255 20
219 139 3
215 135 3
214 133 3
213 131 3
213 130 3
212 129 3
212 128 3
255 213 16
255 204 11
255 196 7
255 187 3
255 178 1
255 168 0
255 157 0
242 143 0
21 0 0
21 0 0
21 0 0
21 0 0
21 0 0
21 0 0
21 0 0
21 0 0
21 0 0
21 0 0
21 0 0
21 0 0
21 0 0
21 0 0
21 0 0
21 0 0
21 0 0
21 0 0
21 0 0
21 0 0
21 0 0
21 0 0
21 0 0
21 0 0
21 0 0
21 0 0
255 9 232
255 9 233
255 9 232
255 9 232
255 255 232
255 255 230
255 8 230
255 8 230
255 255 230
255 255 229
255 255 229
254 255 228
253 7 228
253 7 228
253 255 228
253 255 227
253 255 227
154 6 129
152 6 129
101 0 0
69 0 0
59 0 0
53 0 0
42 0 0
32 0 0
22 0 0
22 0 0
23 0 0
23 0 0
24 0 0
25 0 0
25 1 1
25 0 0
25 0 0
25 0 0
26 0 0
124 125 98
125 125 98
124 0 98
124 0 98
125 0 98
125 0 98
125 125 98
125 0 98
250 3 224
250 3 224
250 255 224
250 255 224
250 255 224
250 255 223
250 255 224
250 255 224
250 255 224
249 255 223
249 255 223
249 2 223
249 2 223
249 255 223
249 255 223
249 1 223
248 1 223
248 1 222
248 1 222
21 0 0
197 255 0
202 255 2
207 255 5
212 255 9
217 255 13
222 255 16
227 255 20
232 255 24
237 255 28
242 255 32
246 255 35
250 255 38
254 255 41
255 255 44
255 255 46
255 255 47
255 255 48
255 255 48
255 255 47
255 255 46
255 255 43
255 255 40
255 255 35
250 255 30
247 255 25
218 139 3
214 134 3
213 132 3
212 129 3
212 129 3
212 128 3
212 128 3
255 209 14
255 199 9
255 190 5
255 181 2
255 171 1
255 161 0
250 148 0
21 0 0
21 0 0
21 0 0
21 0 0
21 0 0
21 0 0
21 0 0
21 0 0
21 0 0
21 0 0
21 0 0
21 0 0
21 0 0
21 0 0
21 0 0
21 0 0
21 0 0
21 0 0
21 0 0
21 0 0
21 0 0
21 0 0
21 0 0
21 0 0
21 0 0
255 10 232
255 255 232
255 255 231
255 255 232
255 255 231
255 9 231
255 255 230
255 255 230
255 255 230
255 255 229
255 8 229
255 8 229
254 7 229
254 255 228
253 7 228
253 7 228
253 7 227
252 7 227
153 163 129
151 163 129
22 0 0
21 0 0
25 0 0
22 0 0
22 0 0
22 0 0
23 0 0
23 0 0
24 0 0
24 0 0
24 0 0
25 0 0
26 0 1
26 0 0
26 0 0
125 0 98
124 0 98
125 0 98
125 0 98
125 0 99
125 125 98
125 125 98
125 125 98
125 0 98
251 255 224
250 255 224
251 255 224
250 255 224
250 2 224
250 2 224
250 255 223
250 255 223
250 255 223
250 2 223
250 2 223
249 2 223
250 2 223
249 255 222
249 1 222
249 1 223
249 1 222
249 255 222
249 255 222
193 255 0
198 255 2
203 255 5
209 255 9
214 255 13
219 255 16
224 255 20
229 255 25
235 255 29
240 255 33
245 255 37
249 255 41
254 255 44
255 255 48
255 255 51
255 255 54
255 255 56
255 255 58
255 255 59
255 255 60
255 255 59
255 255 58
255 255 55
255 255 51
255 255 47
255 255 41
254 255 34
249 255 28
217 137 3
214 132 3
212 129 3
212 129 3
212 128 3
211 129 3
255 213 18
255 203 12
255 193 7
255 183 3
255 173 1
255 163 0
255 151 0
21 0 0
21 0 0
21 0 0
21 0 0
21 0 0
21 0 0
21 0 0
21 0 0
21 0 0
21 0 0
21 0 0
21 0 0
21 0 0
21 0 0
21 0 0
21 0 0
21 0 0
21 0 0
21 0 0
21 0 0
21 0 0
21 0 0
21 0 0
21 0 0
255 255 232
255 255 232
255 10 231
255 9 231
255 9 231
255 255 230
255 9 230
255 9 230
255 8 230
255 8 230
255 8 230
255 255 229
255 255 229
254 8 228
254 7 228
253 255 228
253 255 228
252 255 227
251 255 227
251 255 227
121 125 98
23 0 0
22 0 0
23 0 0
23 0 0
23 0 0
23 0 0
24 0 0
24 0 0
25 0 0
25 0 0
26 0 0
124 0 98
124 125 98
125 125 98
125 0 98
125 0 98
125 125 98
125 125 98
125 125 98
125 125 98
125 0 98
125 0 98
125 125 98
125 125 98
251 255 224
251 3 224
251 3 224
250 3 224
250 2 224
250 255 223
250 2 223
250 2 223
250 2 223
250 2 223
250 255 223
250 255 223
250 255 222
249 2 222
249 255 222
249 255 222
249 255 222
188 255 0
193 255 2
198 255 5
203 255 8
209 255 11
214 255 15
219 255 19
224 255 23
230 255 28
235 255 32
240 255 36
246 255 40
251 255 45
255 255 49
255 255 53
255 255 56
255 255 60
255 255 63
255 255 66
255 255 68
255 255 70
255 255 71
255 255 71
255 255 70
255 255 67
255 255 64
255 255 59
255 255 52
255 255 45
255 255 37
252 255 28
215 135 3
214 132 3
212 130 3
212 130 3
211 129 3
255 217 22
255 206 14
255 195 8
255 185 4
255 175 1
255 165 0
255 153 0
234 138 0
21 0 0
21 0 0
21 0 0
21 0 0
21 0 0
21 0 0
21 0 0
21 0 0
21 0 0
21 0 0
21 0 0
21 0 0
21 0 0
21 0 0
21 0 0
21 0 0
21 0 0
21 0 0
21 0 0
21 0 0
21 0 0
21 0 0
255 10 232
255 10 231
255 10 231
255 255 231
255 255 231
255 9 231
255 9 230
255 9 230
255 255 230
255 255 230
255 255 230
255 255 229
255 8 229
255 255 229
255 255 228
255 255 228
255 255 228
254 7 228
253 7 227
253 7 227
252 255 227
252 6 227
122 0 98
122 0 98
123 0 98
123 0 98
123 125 98
123 125 98
123 0 98
124 0 98
124 125 98
124 125 98
125 125 98
125 125 98
125 0 98
125 0 98
125 125 98
125 125 98
125 125 98
125 0 98
126 0 99
125 0 98
125 0 98
125 0 98
251 3 224
251 3 224
251 3 224
251 3 223
251 255 224
251 255 224
251 255 223
250 2 223
250 255 224
250 255 223
250 255 223
250 255 223
250 255 223
250 2 223
250 2 222
250 255 222
250 255 222
181 255 0
188 255 1
192 255 3
197 255 6
202 255 10
208 255 13
213 255 17
218 255 21
223 255 25
229 255 29
234 255 34
240 255 38
245 255 42
251 255 47
255 255 51
255 255 55
255 255 60
255 255 64
255 255 68
255 255 72
255 255 75
255 255 78
255 255 80
255 255 82
255 255 82
255 255 81
255 255 79
255 255 76
255 255 71
255 255 64
255 255 56
255 255 47
255 255 37
217 137 3
215 134 3
212 131 3
213 130 3
212 128 3
210 128 3
255 208 17
255 196 10
255 186 5
255 176 2
255 165 0
255 154 0
236 140 0
21 0 0
21 0 0
21 0 0
21 0 0
21 0 0
21 0 0
21 0 0
21 0 0
21 0 0
21 0 0
21 0 0
21 0 0
21 0 0
21 0 0
21 0 0
21 0 0
21 0 0
21 0 0
21 0 0
21 0 0
21 0 0
255 255 232
255 255 231
255 255 231
255 255 231
255 10 231
255 255 231
255 255 230
255 255 230
255 255 230
255 9 230
255 9 230
255 8 230
255 8 229
255 8 229
255 8 229
255 8 228
255 7 228
255 7 228
255 255 228
255 255 228
254 255 228
254 7 228
253 6 227
253 255 227
253 255 227
253 255 227
253 255 227
124 0 98
125 125 98
125 125 98
125 125 98
125 125 98
125 0 98
125 0 98
125 0 98
125 0 98
125 0 98
125 0 98
125 0 98
126 0 99
126 0 98
126 125 99
251 255 225
252 255 224
251 3 224
251 255 224
251 255 224
251 255 223
251 255 224
251 255 224
251 3 224
251 2 223
250 255 223
250 255 223
250 2 223
250 2 223
250 2 223
250 2 223
250 2 222
250 255 222
250 2 223
181 255 0
186 255 2
191 255 5
196 255 7
201 255 11
206 255 14
211 255 18
216 255 22
221 255 26
227 255 30
232 255 34
238 255 38
243 255 43
249 255 47
255 255 52
255 255 57
255 255 61
255 255 66
255 255 71
255 255 75
255 255 79
255 255 83
255 255 87
255 255 90
255 255 92
255 255 93
255 255 93
255 255 91
255 255 88
255 255 83
255 255 76
255 255 67
255 255 57
255 255 46
220 141 2
215 134 2
213 131 2
213 130 3
212 129 3
211 128 3
255 211 20
255 198 11
255 186 5
255 176 2
255 165 0
255 154 0
237 140 0
21 0 0
21 0 0
21 0 0
21 0 0
21 0 0
21 0 0
21 0 0
21 0 0
21 0 0
21 0 0
21 0 0
21 0 0
21 0 0
21 0 0
21 0 0
21 0 0
21 0 0
21 0 0
21 0 0
21 0 0
255 255 232
255 11 232
255 11 232
255 10 232
255 10 231
255 10 231
255 10 231
255 9 230
255 9 230
255 9 230
255 255 230
255 255 230
255 255 229
255 8 229
255 8 229
255 255 229
255 255 229
255 255 229
255 255 229
255 7 228
255 7 229
255 255 228
255 255 228
254 255 227
254 6 227
255 6 227
254 6 227
254 6 227
254 6 226
254 5 226
253 5 226
253 5 226
253 5 226
253 255 225
253 255 225
252 255 225
252 255 225
252 4 225
252 255 225
252 255 225
252 255 225
252 255 225
252 4 225
252 3 225
252 3 225
252 255 224
251 255 224
251 3 224
251 3 224
251 3 224
251 3 224
251 3 224
251 255 223
250 2 223
250 2 223
250 2 223
250 255 223
250 255 223
250 255 222
250 255 222
173 255 0
179 255 1
184 255 3
189 255 5
193 255 8
198 255 11
203 255 15
208 255 18
213 255 22
218 255 26
224 255 30
229 255 34
235 255 38
240 255 43
246 255 47
252 255 52
255 255 56
255 255 61
255 255 66
255 255 71
255 255 76
255 255 81
255 255 86
255 255 91
255 255 95
255 255 99
255 255 102
255 255 104
255 255 104
255 255 103
255 255 101
255 255 96
255 255 89
255 255 80
255 255 68
255 255 55
255 255 42
215 133 2
213 131 2
212 130 2
212 130 2
211 129 2
255 213 22
255 198 13
255 186 6
255 175 2
255 164 0
255 153 0
235 139 0
21 0 0
21 0 0
21 0 0
21 0 0
21 0 0
21 0 0
21 0 0
21 0 0
21 0 0
21 0 0
21 0 0
21 0 0
21 0 0
21 0 0
21 0 0
21 0 0
21 0 0
21 0 0
21 0 0
255 11 232
255 11 232
255 255 232
255 255 232
255 255 232
255 255 231
255 10 231
255 255 231
255 255 231
255 255 230
255 255 230
255 9 230
255 9 230
255 9 229
255 255 229
255 255 229
255 8 229
255 8 230
255 8 229
255 7 229
255 7 228
255 255 228
255 7 228
255 7 228
255 7 227
255 255 227
254 255 227
254 255 227
254 255 226
254 255 226
254 255 226
253 255 226
253 255 226
253 255 226
253 255 226
253 5 225
253 5 225
252 4 225
252 255 225
252 255 225
253 4 225
252 4 225
252 4 225
252 4 225
252 255 225
252 255 225
251 255 224
251 3 224
251 3 224
251 255 224
251 255 224
251 255 223
251 255 223
251 255 223
250 2 223
250 255 223
250 255 223
250 255 223
250 2 223
250 2 223
171 255 0
176 255 1
181 255 3
186 255 6
191 255 8
195 255 11
200 255 14
205 255 18
210 255 21
215 255 25
220 255 29
225 255 33
231 255 37
236 255 41
242 255 46
248 255 50
254 255 55
255 255 60
255 255 65
255 255 71
255 255 76
255 255 81
255 255 87
255 255 92
255 255 98
255 255 103
255 255 107
255 255 111
255 255 114
255 255 115
255 255 115
255 255 113
255 255 109
255 255 102
255 255 92
255 255 80
255 255 66
255 255 50
217 135 2
214 133 2
213 130 2
211 130 2
211 130 2
255 214 25
255 199 14
255 185 6
255 174 2
255 163 0
255 152 0
233 138 0
21 0 0
21 0 0
21 0 0
21 0 0
21 0 0
21 0 0
21 0 0
21 0 0
21 0 0
21 0 0
21 0 0
21 0 0
21 0 0
21 0 0
21 0 0
21 0 0
21 0 0
21 0 0
255 255 232
255 255 232
255 255 232
255 11 232
255 11 232
255 10 231
255 10 231
255 255 231
255 10 231
255 10 230
255 9 230
255 9 230
255 9 230
255 255 230
255 255 229
255 8 229
255 8 229
255 255 229
255 255 229
255 255 229
255 255 228
255 255 228
255 7 228
255 255 228
255 255 228
255 255 227
255 255 227
254 6 227
254 6 227
254 6 227
254 6 226
254 6 226
253 5 226
253 5 226
253 5 226
253 5 226
253 255 225
253 255 225
253 255 225
252 255 225
252 4 225
253 255 225
253 255 225
252 255 225
252 255 225
252 255 224
252 3 224
251 3 224
251 255 224
251 255 224
251 255 224
251 3 223
251 3 223
251 3 223
251 2 223
251 2 223
250 2 223
250 2 223
250 2 223
162 249 0
169 255 0
174 255 2
178 255 4
183 255 6
187 255 8
192 255 11
196 255 14
201 255 17
206 255 20
211 255 24
216 255 27
221 255 31
226 255 35
232 255 39
237 255 44
243 255 48
249 255 53
255 255 58
255 255 63
255 255 68
255 255 74
255 255 80
255 255 86
255 255 92
255 255 98
255 255 104
255 255 110
255 255 115
255 255 120
255 255 124
255 255 126
255 255 127
255 255 126
255 255 122
255 255 115
255 255 105
255 255 92
255 255 76
255 255 59
217 136 2
215 132 2
213 131 2
212 130 2
210 130 2
255 216 28
255 198 15
255 184 7
95 60 0
94 59 0
94 59 0
93 58 0
21 0 0
21 0 0
21 0 0
21 0 0
21 0 0
21 0 0
21 0 0
21 0 0
21 0 0
21 0 0
21 0 0
21 0 0
21 0 0
21 0 0
21 0 0
21 0 0
21 0 0
255 12 233
255 12 233
255 11 232
255 11 232
255 255 232
255 255 232
255 255 231
255 255 231
255 10 231
255 255 231
255 255 230
255 255 230
255 255 230
255 255 230
255 9 230
255 9 229
255 255 230
255 255 229
255 255 229
255 8 229
255 8 229
255 8 229
255 7 228
255 255 228
255 255 228
255 7 228
255 7 227
255 6 227
255 255 227
254 255 227
254 255 227
254 255 227
254 255 226
254 255 226
253 255 226
253 255 226
253 255 226
253 255 226
253 5 225
253 5 225
252 4 225
253 4 225
253 255 225
253 4 226
252 4 225
252 4 224
252 4 225
251 3 224
251 255 224
251 255 224
251 3 224
251 3 224
251 3 224
251 255 224
251 255 223
251 255 223
250 255 223
250 2 223
251 255 223
161 250 0
167 255 0
171 255 2
176 255 4
180 255 6
184 255 8
188 255 10
132 200 1
132 204 1
133 203 1
133 200 1
211 255 26
216 255 29
222 255 33
227 255 37
232 255 41
238 255 46
243 255 50
249 255 55
255 255 60
255 255 65
255 255 71
255 255 77
255 255 83
255 255 90
255 255 96
255 255 103
255 255 110
255 255 116
255 255 123
255 255 129
255 255 133
255 255 137
255 255 139
255 255 138
255 255 135
255 255 128
255 255 118
255 255 104
255 255 87
255 255 68
217 136 2
215 133 2
214 132 2
212 130 2
211 130 2
95 61 0
96 61 0
96 60 0
95 60 0
94 59 0
94 59 0
21 0 0
21 0 0
21 0 0
21 0 0
21 0 0
21 0 0
21 0 0
21 0 0
21 0 0
21 0 0
21 0 0
21 0 0
21 0 0
21 0 0
21 0 0
21 0 0
21 0 0
255 12 233
255 255 233
255 255 232
255 255 232
255 255 232
255 11 232
255 11 232
255 11 231
255 10 231
255 255 231
255 10 231
255 10 230
255 10 230
255 9 230
255 9 230
255 255 230
255 255 230
255 255 230
255 8 229
255 8 229
255 255 229
255 255 229
255 255 229
255 255 228
255 255 228
255 7 228
255 255 228
255 255 228
255 255 228
255 255 227
255 6 227
254 6 227
254 6 227
254 6 226
254 5 226
253 5 226
253 5 226
253 5 226
253 5 226
253 5 225
253 255 225
253 255 225
253 255 226
253 255 225
252 4 225
252 255 225
252 255 225
252 255 225
252 255 224
251 255 224
251 3 224
251 3 224
251 255 224
251 255 224
251 3 224
251 3 223
251 3 223
251 2 223
250 2 223
158 244 0
163 251 1
168 255 2
172 255 3
132 201 1
131 202 1
132 202 1
132 204 1
132 205 1
133 204 1
133 202 1
133 203 1
132 202 1
133 200 1
221 255 34
227 255 38
232 255 42
238 255 47
243 255 51
249 255 56
255 255 62
255 255 67
255 255 73
255 255 79
255 255 86
255 255 93
255 255 100
255 255 108
255 255 115
255 255 123
255 255 130
255 255 137
255 255 143
255 255 147
255 255 150
255 255 150
255 255 148
255 255 141
255 255 131
255 255 116
255 255 98
255 255 77
218 137 2
215 133 2
214 132 2
212 130 2
96 62 0
97 62 0
96 61 0
96 61 0
95 60 0
95 60 0
21 0 0
21 0 0
21 0 0
21 0 0
21 0 0
21 0 0
21 0 0
21 0 0
21 0 0
21 0 0
21 0 0
21 0 0
21 0 0
21 0 0
21 0 0
21 0 0
21 0 0
255 13 233
255 255 233
255 12 233
255 12 233
255 12 233
255 11 232
255 255 232
255 255 232
255 255 231
255 255 231
255 255 231
255 255 231
255 255 231
255 255 231
255 255 230
255 255 230
255 9 230
255 9 230
255 9 229
255 8 229
255 255 229
255 8 229
255 8 229
255 8 229
255 7 229
255 7 228
255 255 228
255 255 228
255 7 228
255 7 227
255 6 227
255 255 227
255 255 227
254 255 227
254 255 227
254 255 226
254 5 226
253 255 226
253 255 226
253 255 225
253 255 225
253 5 225
253 4 225
252 4 225
252 4 225
252 4 225
252 4 225
252 4 225
252 4 224
252 3 224
251 3 224
251 255 224
251 255 224
251 255 224
251 255 224
251 3 224
251 255 223
251 255 223
251 255 223
155 239 0
161 246 0
164 254 2
131 202 1
131 199 1
132 201 1
132 201 1
132 202 1
133 203 1
133 200 1
132 201 1
133 201 1
133 201 1
132 203 1
132 204 1
132 201 1
226 255 39
232 255 43
237 255 48
243 255 52
249 255 57
255 255 63
255 255 68
255 255 74
255 255 81
255 255 88
255 255 96
255 255 103
255 255 112
255 255 120
255 255 129
255 255 137
255 255 145
255 255 152
255 255 158
255 255 161
255 255 163
255 255 161
255 255 155
255 255 144
255 255 129
255 255 109
255 255 86
218 137 2
215 132 2
212 131 2
98 63 0
98 64 0
99 65 0
98 64 0
98 63 0
97 62 0
21 0 0
21 0 0
21 0 0
21 0 0
21 0 0
21 0 0
21 0 0
21 0 0
21 0 0
21 0 0
21 0 0
21 0 0
21 0 0
21 0 0
21 0 0
21 0 0
21 0 0
255 255 234
255 255 234
255 12 233
255 12 233
255 255 233
255 255 233
255 255 232
255 11 232
255 11 232
255 11 232
255 11 232
255 10 231
255 255 231
255 10 231
255 10 231
255 10 230
255 9 230
255 255 230
255 255 230
255 255 229
255 255 229
255 255 229
255 255 229
255 255 229
255 255 228
255 255 229
255 255 228
255 255 228
255 7 228
255 7 227
255 7 227
255 255 228
255 255 227
254 6 227
254 6 227
254 6 227
254 6 226
253 5 226
253 255 226
253 255 226
253 5 226
253 5 225
253 5 225
252 255 225
252 255 225
252 255 226
252 255 225
252 255 225
252 255 225
252 255 224
252 255 224
251 255 224
251 255 224
251 3 224
251 3 224
251 3 224
251 3 223
255 1 255
141 211 0
153 232 0
157 242 0
130 198 1
130 198 1
131 200 1
131 198 1
132 200 1
132 203 1
133 200 1
133 199 1
133 199 1
133 201 1
132 199 1
132 201 1
132 203 1
133 201 1
132 203 1
132 204 1
230 255 44
236 255 48
242 255 53
249 255 58
255 255 63
255 255 69
255 255 76
255 255 82
255 255 90
255 255 98
255 255 106
255 255 115
255 255 125
255 255 134
255 255 143
255 255 152
255 255 161
255 255 168
255 255 173
255 255 175
255 255 174
255 255 168
255 255 157
255 255 141
255 255 119
255 255 94
217 136 2
100 66 0
101 67 0
103 69 0
106 72 0
116 183 0
106 166 0
101 66 0
21 0 0
21 0 0
21 0 0
21 0 0
21 0 0
21 0 0
21 0 0
21 0 0
21 0 0
21 0 0
21 0 0
21 0 0
21 0 0
21 0 0
21 0 0
21 0 0
21 0 0
255 13 234
255 13 234
255 13 234
255 255 233
255 255 233
255 255 233
255 12 233
255 12 233
255 255 232
255 255 232
255 255 232
255 255 232
255 255 231
255 10 231
255 10 231
255 255 231
255 255 230
255 255 230
255 255 230
255 9 230
255 9 229
255 9 229
255 8 229
255 8 229
255 8 229
255 8 228
255 8 228
255 7 228
255 7 228
255 255 228
255 255 228
255 255 228
255 255 228
254 6 227
254 255 227
254 255 227
254 255 227
254 255 227
254 255 226
253 5 226
253 5 226
253 5 226
253 255 225
253 255 225
253 4 225
253 4 225
252 4 225
252 4 225
252 4 225
252 4 225
252 255 224
255 255 255
255 255 255
255 255 255
255 255 255
255 1 255
255 1 255
255 1 255
139 211 0
149 227 0
154 239 0
127 199 1
60 45 164
128 196 1
130 200 1
131 202 1
132 204 1
133 204 1
133 201 1
133 204 1
133 203 1
133 203 1
132 204 1
132 203 1
132 203 1
132 204 1
132 201 1
132 200 1
229 255 44
235 255 48
241 255 53
247 255 58
254 255 63
255 255 70
255 255 76
255 255 83
255 255 91
255 255 100
255 255 109
255 255 119
255 255 129
255 255 139
255 255 150
255 255 160
255 255 169
255 255 178
255 255 184
255 255 187
255 255 186
255 255 181
255 255 170
255 255 152
255 255 129
255 255 101
105 70 0
160 238 25
140 217 11
127 200 2
118 188 0
110 174 0
97 154 0
79 125 0
21 0 0
21 0 0
21 0 0
21 0 0
21 0 0
21 0 0
21 0 0
21 0 0
21 0 0
21 0 0
21 0 0
21 0 0
21 0 0
21 0 0
21 0 0
21 0 0
255 255 235
255 255 234
255 255 234
255 255 234
255 13 234
255 12 233
255 12 233
255 12 233
255 12 233
255 12 232
255 11 232
255 11 232
255 11 232
255 11 231
255 255 231
255 255 231
255 255 231
255 255 230
255 9 230
255 9 230
255 255 230
255 255 230
255 255 229
255 255 229
255 255 229
255 8 229
255 8 228
255 255 228
255 255 228
255 255 228
255 7 228
255 7 228
255 7 228
255 6 228
254 6 227
254 6 227
254 6 227
254 6 227
254 6 227
254 5 226
253 5 226
253 255 226
253 255 226
253 255 225
253 255 225
255 255 255
255 2 255
255 2 255
255 2 255
255 2 255
255 2 255
255 255 255
255 255 255
255 255 255
255 255 255
255 1 255
255 1 255
255 255 255
136 203 0
145 222 0
129 197 1
40 25 138
87 72 190
126 111 231
148 133 253
131 202 1
132 204 1
133 202 1
133 203 1
133 204 1
133 203 1
133 205 1
133 205 1
133 206 1
132 204 1
132 205 1
132 204 1
132 201 1
132 201 1
132 201 1
233 255 48
239 255 52
245 255 58
252 255 63
255 255 70
255 255 76
255 255 84
255 255 92
255 255 101
255 255 111
255 255 121
255 255 133
255 255 144
255 255 156
255 255 167
255 255 178
255 255 187
255 255 195
255 255 199
255 255 199
255 255 194
255 255 182
255 255 163
255 255 138
255 255 107
255 255 74
234 255 43
203 255 19
124 196 2
114 182 0
105 168 0
93 148 0
75 118 0
21 0 0
21 0 0
21 0 0
21 0 0
21 0 0
21 0 0
21 0 0
21 0 0
21 0 0
21 0 0
21 0 0
21 0 0
21 0 0
21 0 0
21 0 0
255 255 235
255 255 235
255 14 234
255 13 234
255 13 234
255 255 234
255 255 234
255 255 233
255 255 233
255 255 233
255 12 232
255 11 232
255 255 232
255 255 232
255 255 231
255 255 231
255 10 231
255 10 231
255 10 231
255 10 230
255 9 230
255 9 230
255 9 230
255 9 229
255 8 229
255 8 229
255 255 229
255 255 229
255 255 228
255 255 228
255 7 228
255 7 228
255 255 228
255 255 227
255 255 227
254 255 227
254 255 227
254 6 227
254 6 227
255 3 255
255 3 255
255 2 255
255 255 255
255 255 255
255 255 255
255 255 255
255 255 255
255 255 255
255 2 255
255 255 255
255 255 255
255 255 255
255 255 255
255 2 255
255 2 255
255 1 255
255 1 255
255 1 255
133 197 0
142 215 0
60 55 102
60 45 157
102 87 203
131 116 232
143 129 244
129 197 1
132 201 1
133 204 1
134 202 1
133 203 1
133 201 1
133 200 1
133 204 1
133 201 1
133 201 1
133 202 1
132 199 1
132 201 1
132 201 1
132 200 1
132 199 1
231 255 47
237 255 52
243 255 57
250 255 63
255 255 69
255 255 76
255 255 84
255 255 93
255 255 103
255 255 113
255 255 124
255 255 136
255 255 149
255 255 161
255 255 174
255 255 186
255 255 197
255 255 206
255 255 211
255 255 211
255 255 206
255 255 193
255 255 173
255 255 145
255 255 112
255 255 76
229 255 43
196 255 18
173 255 4
156 251 0
139 224 0
117 187 0
69 108 0
21 0 0
21 0 0
21 0 0
21 0 0
21 0 0
21 0 0
21 0 0
21 0 0
21 0 0
21 0 0
21 0 0
21 0 0
21 0 0
21 0 0
255 14 235
255 14 235
255 14 235
255 14 235
255 13 234
255 255 234
255 13 234
255 13 234
255 12 233
255 12 233
255 12 233
255 255 232
255 255 232
255 255 232
255 255 232
255 11 232
255 11 231
255 255 231
255 255 231
255 255 231
255 255 230
255 255 230
255 9 230
255 9 230
255 255 229
255 255 229
255 255 229
255 255 229
255 8 229
255 8 228
255 8 228
255 7 228
255 7 228
255 255 255
255 255 255
255 255 255
255 255 255
255 255 255
255 3 255
255 3 255
255 3 255
255 3 255
255 2 255
255 255 255
255 2 255
255 2 255
255 2 255
255 2 255
255 2 255
255 255 255
255 255 255
255 255 255
255 2 255
255 2 255
255 2 255
255 255 255
255 255 255
255 255 255
128 188 0
138 209 0
29 15 116
69 55 163
103 89 200
122 108 219
127 112 223
120 105 215
132 199 1
133 202 1
134 204 1
134 202 1
134 202 1
133 201 1
133 200 1
133 202 1
133 203 1
133 200 1
133 199 1
133 198 1
132 199 1
132 198 1
132 199 1
132 199 1
228 255 46
235 255 51
241 255 56
248 255 62
255 255 69
255 255 76
255 255 84
255 255 93
255 255 103
255 255 114
255 255 126
255 255 139
255 255 153
255 255 167
255 255 181
255 255 194
255 255 206
255 255 216
255 255 222
255 255 223
255 255 217
255 255 204
255 255 182
255 255 151
255 255 114
255 255 76
222 255 41
189 255 15
166 255 3
149 241 0
131 211 0
107 171 0
60 93 0
21 0 0
21 0 0
21 0 0
21 0 0
21 0 0
21 0 0
21 0 0
21 0 0
21 0 0
21 0 0
21 0 0
21 0 0
21 0 0
255 15 236
255 255 236
255 255 235
255 255 235
255 255 235
255 255 234
255 255 234
255 13 234
255 255 234
255 255 233
255 255 233
255 255 233
255 12 233
255 12 232
255 11 232
255 11 232
255 11 232
255 11 231
255 10 231
255 10 231
255 10 231
255 10 230
255 9 230
255 255 230
255 255 230
255 255 229
255 255 229
255 255 255
255 255 255
255 4 255
255 4 255
255 4 255
255 4 255
255 3 255
255 255 255
255 255 255
255 255 255
255 3 255
255 3 255
255 3 255
255 255 255
255 255 255
255 255 255
255 255 255
255 255 255
255 2 255
255 2 255
255 255 255
255 255 255
255 255 255
255 255 255
255 2 255
255 2 255
255 2 255
255 2 255
255 2 255
255 2 255
255 1 255
123 178 0
93 138 76
35 20 119
69 54 158
93 79 185
104 89 196
103 88 194
94 79 183
130 201 1
133 202 1
134 205 1
134 207 1
134 204 1
134 202 1
134 204 1
134 204 1
133 204 1
133 205 1
133 201 1
132 202 1
132 202 1
132 201 1
132 203 1
132 202 1
131 203 1
226 255 45
232 255 50
238 255 55
9 75 0
3 58 0
2 19 0
1 5 0
1 1 0
0 1 0
0 0 0
0 0 0
0 0 0
0 0 0
255 255 172
255 255 187
255 255 202
255 255 215
255 255 226
255 255 233
255 255 234
255 255 228
255 255 213
255 255 188
255 255 155
255 255 115
255 255 73
214 255 37
181 255 12
159 255 1
142 229 0
122 197 0
95 152 0
0 120 120
21 0 0
21 0 0
21 0 0
21 0 0
21 0 0
21 0 0
21 0 0
21 0 0
21 0 0
21 0 0
21 0 0
21 0 0
255 15 236
255 15 236
255 15 235
255 14 235
255 14 235
255 14 235
255 14 234
255 13 234
255 255 234
255 255 234
255 255 233
255 255 233
255 12 233
255 255 233
255 255 233
255 255 232
255 255 232
255 255 232
255 255 232
255 10 231
255 10 231
255 5 255
255 5 255
255 5 255
255 5 255
255 255 255
255 255 255
255 255 255
255 255 255
255 255 255
255 4 255
255 255 255
255 255 255
255 255 255
255 255 255
255 255 255
255 3 255
255 3 255
255 3 255
255 3 255
255 3 255
255 3 255
255 3 255
255 3 255
255 3 255
255 2 255
255 2 255
255 255 255
255 255 255
255 255 255
255 255 255
255 2 255
255 2 255
255 255 255
255 255 255
255 255 255
255 255 255
255 255 255
115 171 0
204 5 255
34 20 113
60 45 143
76 62 161
81 67 167
78 63 162
79 79 176
105 105 200
133 201 1
134 207 1
134 206 1
134 208 1
134 205 1
134 203 1
134 206 1
134 205 1
133 204 1
133 204 1
133 203 1
132 202 1
132 204 1
132 204 1
132 205 1
131 202 1
131 201 1
8 60 0
5 54 0
4 39 0
3 23 0
2 7 0
1 4 0
1 1 0
0 0 0
0 0 0
0 0 0
0 0 0
0 0 0
0 0 0
0 0 0
0 0 0
0 0 0
255 255 224
255 255 236
255 255 243
255 255 244
255 255 237
255 255 220
255 255 193
255 255 155
255 255 112
248 255 68
204 255 31
172 255 8
151 243 0
134 215 0
112 179 0
80 127 0
0 138 138
0 207 207
21 0 0
21 0 0
21 0 0
21 0 0
21 0 0
21 0 0
21 0 0
21 0 0
21 0 0
21 0 0
255 255 236
255 255 236
255 255 236
255 15 236
255 15 235
255 14 235
255 255 235
255 255 234
255 255 234
255 13 234
255 13 234
255 13 234
255 12 233
255 12 233
255 255 233
255 255 255
255 255 255
255 255 255
255 255 255
255 255 255
255 5 255
255 5 255
255 5 255
255 5 255
255 5 255
255 255 255
255 4 255
255 4 255
255 4 255
255 4 255
255 4 255
255 255 255
255 255 255
255 255 255
255 255 255
255 3 255
255 3 255
255 255 255
255 255 255
255 255 255
255 255 255
255 255 255
255 255 255
255 3 255
255 3 255
255 255 255
255 255 255
255 255 255
255 2 255
255 2 255
255 2 255
255 2 255
255 2 255
255 2 255
255 255 255
255 2 255
255 2 255
255 2 255
255 2 255
207 8 255
30 15 101
47 32 123
57 42 135
59 44 137
54 39 131
61 61 151
82 82 170
133 203 1
134 204 1
135 207 1
134 203 1
134 205 1
134 205 1
134 201 1
134 204 1
134 205 1
134 203 1
133 202 1
133 201 1
133 200 1
132 203 1
132 204 1
12 57 0
8 57 0
6 43 0
4 29 0
3 15 0
2 5 0
2 2 0
1 2 0
0 0 0
0 146 146
0 156 156
0 163 163
0 169 169
0 173 173
0 176 176
0 178 178
0 0 0
0 0 0
0 0 0
0 0 0
255 255 245
255 255 252
255 255 253
255 255 245
255 255 225
255 255 194
255 255 153
255 255 106
235 255 60
192 255 24
162 255 5
142 230 0
124 199 0
99 158 0
60 95 0
0 144 144
0 208 208
0 191 191
21 0 0
21 0 0
21 0 0
21 0 0
21 0 0
21 0 0
21 0 0
21 0 0
255 16 237
255 16 236
255 15 236
255 15 236
255 255 236
255 255 235
255 255 235
255 255 235
255 255 234
255 255 255
255 7 255
255 6 255
255 6 255
255 6 255
255 6 255
255 255 255
255 255 255
255 255 255
255 255 255
255 5 255
255 5 255
255 255 255
255 255 255
255 255 255
255 255 255
255 255 255
255 255 255
255 4 255
255 4 255
255 255 255
255 255 255
255 255 255
255 255 255
255 4 255
255 4 255
255 4 255
255 3 255
255 3 255
255 255 255
255 3 255
255 3 255
255 3 255
255 3 255
255 3 255
255 255 255
255 255 255
255 255 255
255 255 255
255 255 255
255 2 255
255 255 255
255 255 255
255 255 255
255 255 255
255 255 255
255 255 255
255 2 255
255 2 255
255 2 255
208 9 255
223 255 255
34 19 102
40 25 109
39 25 109
36 21 105
40 40 123
56 56 136
133 206 1
134 205 1
135 201 1
135 205 1
135 205 1
134 202 1
134 203 1
134 202 1
134 203 1
134 203 1
133 200 1
133 202 1
133 202 1
132 201 1
14 54 0
10 48 0
7 40 0
5 28 0
3 13 0
2 7 0
2 3 0
0 125 125
0 255 255
1 255 255
2 255 255
5 255 255
7 255 255
9 255 255
11 255 255
11 255 255
12 255 255
12 255 255
11 255 255
0 189 189
0 0 0
0 0 0
0 0 0
255 255 255
255 255 255
255 255 250
255 255 227
255 255 192
255 255 146
255 255 96
220 255 50
178 255 17
151 243 2
133 215 0
112 180 0
83 132 0
0 153 153
0 147 147
0 140 140
0 189 189
21 0 0
21 0 0
21 0 0
21 0 0
21 0 0
21 0 0
21 0 0
255 16 237
255 16 237
255 16 236
255 8 255
255 8 255
255 255 255
255 255 255
255 255 255
255 255 255
255 255 255
255 255 255
255 7 255
255 6 255
255 6 255
255 255 255
255 255 255
255 255 255
255 6 255
255 6 255
255 6 255
255 5 255
255 5 255
255 255 255
255 255 255
255 5 255
255 5 255
255 5 255
255 5 255
255 255 255
255 255 255
255 255 255
255 255 255
255 255 255
255 255 255
255 255 255
255 255 255
255 255 255
255 255 255
255 255 255
255 255 255
255 3 255
255 3 255
255 3 255
255 3 255
255 255 255
255 255 255
255 3 255
255 3 255
255 2 255
255 2 255
255 2 255
255 2 255
255 255 255
255 255 255
255 2 255
255 2 255
255 2 255
255 255 255
255 255 255
205 253 251
231 255 255
24 9 82
26 12 87
26 11 87
23 9 84
21 21 95
31 31 103
134 205 0
134 202 1
135 203 1
135 203 1
135 203 1
135 206 1
135 203 1
134 206 1
134 204 1
134 202 1
134 205 1
133 201 1
133 203 1
132 203 1
10 42 0
8 39 0
6 30 0
4 16 0
3 6 0
2 4 0
0 255 255
1 255 255
3 255 255
7 255 255
10 255 255
14 255 255
16 255 255
18 255 255
19 255 255
20 255 255
19 255 255
18 255 255
17 255 255
16 255 255
14 255 255
12 255 255
0 0 0
0 0 0
255 255 255
255 255 255
255 255 252
255 255 225
255 255 185
255 255 135
255 255 83
202 255 38
164 255 10
140 227 0
122 196 0
98 157 0
63 99 0
0 154 154
0 148 148
0 141 140
0 181 181
21 0 0
21 0 0
21 0 0
21 0 0
21 0 0
21 0 0
255 8 255
255 8 255
255 8 255
255 8 255
255 8 255
255 8 255
255 255 255
255 255 255
255 7 255
255 7 255
255 7 255
255 7 255
255 255 255
255 255 255
255 255 255
255 255 255
255 255 255
255 255 255
255 255 255
255 255 255
255 255 255
255 255 255
255 255 255
255 5 255
255 5 255
255 5 255
255 5 255
255 5 255
255 255 255
255 5 255
255 4 255
255 4 255
255 4 255
255 4 255
255 4 255
255 255 255
255 255 255
255 255 255
255 255 255
255 3 255
255 3 255
255 255 255
255 255 255
255 255 255
255 255 255
255 255 255
255 255 255
255 3 255
255 3 255
255 255 255
255 255 255
255 255 255
255 255 255
255 2 255
255 2 255
255 2 255
255 2 255
255 2 255
255 2 255
108 151 0
234 255 255
247 255 255
250 50 255
18 3 70
17 2 68
7 7 72
12 12 76
134 202 0
135 201 0
135 203 0
135 203 0
135 204 0
135 203 0
135 207 1
135 206 1
135 204 1
134 205 1
134 204 1
134 206 1
133 206 1
13 38 0
9 34 0
7 28 0
5 20 0
4 8 0
0 255 255
0 255 255
3 255 255
7 255 255
12 255 255
17 255 255
22 255 255
25 255 255
28 255 255
29 255 255
30 255 255
29 255 255
28 255 255
27 255 255
25 255 255
23 255 255
20 255 255
17 255 255
15 255 255
12 255 255
0 0 0
255 255 255
255 255 255
255 255 250
255 255 219
255 255 173
255 255 120
233 255 66
183 255 25
150 240 4
129 209 0
108 175 0
80 128 0
0 158 158
0 153 153
0 147 147
0 139 139
0 171 171
21 0 0
21 0 0
21 0 0
21 0 0
21 0 0
255 255 255
255 8 255
255 255 255
255 255 255
255 255 255
255 255 255
255 255 255
255 8 255
255 7 255
255 7 255
255 7 255
255 7 255
255 255 255
255 7 255
255 7 255
255 6 255
255 6 255
255 6 255
255 6 255
255 255 255
255 255 255
255 255 255
255 255 255
255 5 255
255 5 255
255 255 255
255 255 255
255 255 255
255 255 255
255 255 255
255 255 255
255 4 255
255 4 255
255 255 255
255 255 255
255 255 255
255 255 255
255 4 255
255 4 255
255 4 255
255 3 255
255 3 255
255 3 255
255 3 255
255 3 255
255 3 255
255 3 255
255 3 255
255 3 255
255 255 255
255 255 255
255 255 255
255 255 255
255 255 255
255 2 255
255 255 255
255 255 255
255 255 255
255 255 255
255 255 255
228 255 255
255 56 255
255 69 255
255 255 255
255 255 255
255 95 255
255 101 255
136 208 0
137 209 0
136 205 0
135 205 0
135 202 0
135 205 0
135 205 0
135 206 0
135 207 0
135 203 0
135 206 1
134 201 1
134 204 1
11 32 0
8 27 0
6 21 0
5 13 0
1 203 211
1 203 211
1 202 210
1 203 210
1 200 209
1 201 209
31 255 255
36 255 255
39 255 255
41 255 255
42 255 255
42 255 255
41 255 255
40 255 255
38 255 255
35 255 255
32 255 255
29 255 255
25 255 255
22 255 255
18 255 255
15 255 255
0 0 0
255 255 255
255 255 255
255 255 244
255 255 207
255 255 156
255 255 100
208 255 48
163 255 14
136 220 1
116 188 0
92 148 0
61 97 0
0 156 156
0 151 150
0 144 144
0 173 173
0 158 158
21 0 0
21 0 0
21 0 0
21 0 0
255 9 255
255 255 255
255 255 255
255 255 255
255 255 255
255 255 255
255 255 255
255 255 255
255 255 255
255 255 255
255 255 255
255 255 255
255 255 255
255 255 255
255 7 255
255 7 255
255 6 255
255 255 255
255 255 255
255 255 255
255 6 255
255 6 255
255 6 255
255 6 255
255 5 255
255 5 255
255 255 255
255 255 255
255 5 255
255 5 255
255 5 255
255 5 255
255 255 255
255 255 255
255 255 255
255 255 255
255 255 255
255 255 255
255 255 255
255 255 255
255 255 255
255 255 255
255 255 255
255 255 255
255 3 255
255 3 255
255 3 255
255 3 255
255 3 255
255 255 255
255 3 255
255 3 255
255 2 255
255 2 255
255 2 255
255 2 255
255 255 255
255 255 255
255 255 255
255 2 255
208 255 224
252 53 255
255 79 255
255 255 255
255 255 255
255 130 255
255 255 255
136 206 0
137 209 0
137 209 0
138 208 0
136 206 0
135 207 0
135 206 0
135 206 0
135 204 0
135 207 0
135 202 0
134 206 0
17 36 0
10 25 0
7 19 0
6 13 0
1 206 211
1 204 211
1 202 211
1 201 210
1 202 210
1 203 210
1 204 209
1 201 209
1 201 209
55 255 255
57 255 255
58 255 255
58 255 255
57 255 255
55 255 255
52 255 255
49 255 255
45 255 255
40 255 255
36 255 255
31 255 255
26 255 255
22 255 255
17 255 255
0 0 0
255 255 255
255 255 255
255 255 232
255 255 189
255 255 134
237 255 76
55 93 0
55 93 0
55 94 0
54 94 0
54 94 0
0 158 158
0 153 153
0 147 147
0 140 140
0 159 159
0 143 143
21 0 0
21 0 0
21 0 0
255 9 255
255 255 255
255 9 255
255 9 255
255 8 255
255 8 255
255 8 255
255 8 255
255 255 255
255 255 255
255 255 255
255 255 255
255 7 255
255 7 255
255 7 255
255 255 255
255 255 255
255 255 255
255 255 255
255 255 255
255 255 255
255 6 255
255 255 255
255 255 255
255 255 255
255 255 255
255 255 255
255 5 255
255 5 255
255 5 255
255 5 255
255 5 255
255 5 255
255 4 255
255 4 255
255 4 255
255 4 255
255 4 255
255 4 255
255 255 255
255 255 255
255 255 255
255 255 255
255 255 255
255 3 255
255 255 255
255 255 255
255 255 255
255 255 255
255 255 255
255 255 255
255 255 255
255 3 255
255 2 255
255 255 255
255 255 255
255 255 255
255 255 255
255 2 255
255 2 255
101 138 0
231 255 245
255 72 255
255 103 255
255 255 255
255 255 255
255 168 255
137 212 0
137 209 0
42 44 0
41 50 0
138 208 0
137 206 0
136 207 0
135 204 0
135 206 0
135 204 0
135 204 0
135 206 0
24 41 0
23 38 0
6 11 0
0 205 213
0 204 213
0 205 212
0 204 211
0 201 211
1 203 210
1 203 210
1 202 210
1 202 209
1 202 209
1 201 209
77 255 255
78 255 255
78 255 255
76 255 255
74 255 255
70 255 255
66 255 255
60 255 255
55 255 255
49 255 255
42 255 255
36 255 255
30 255 255
25 255 255
20 255 255
2 80 80
255 255 255
255 255 248
255 255 214
255 255 165
54 93 0
54 94 0
54 94 0
54 94 0
54 94 0
54 94 0
0 159 159
0 154 154
0 180 180
0 169 169
0 135 135
0 143 144
21 0 0
21 0 0
21 0 0
255 255 255
255 255 255
255 255 255
255 9 255
255 9 255
255 8 255
255 255 255
255 255 255
255 255 255
255 8 255
255 8 255
255 8 255
255 7 255
255 7 255
255 7 255
255 255 255
255 255 255
255 7 255
255 7 255
255 6 255
255 6 255
255 6 255
255 255 255
255 255 255
255 255 255
255 255 255
255 255 255
255 255 255
255 255 255
255 255 255
255 255 255
255 255 255
255 255 255
255 255 255
255 5 255
255 4 255
255 4 255
255 4 255
255 255 255
255 255 255
255 4 255
255 4 255
255 4 255
255 3 255
255 3 255
255 3 255
255 3 255
255 255 255
255 255 255
255 3 255
255 3 255
255 3 255
255 3 255
255 255 255
255 255 255
255 255 255
255 255 255
255 255 255
255 255 255
255 2 255
255 255 255
78 107 0
243 44 248
255 83 255
255 255 255
255 147 255
255 255 255
138 210 0
255 191 255
255 189 255
255 255 255
255 165 255
255 147 255
137 207 0
136 203 0
136 206 0
135 203 0
135 204 0
134 203 0
29 45 0
28 45 0
0 206 214
0 203 214
0 204 213
0 202 213
0 204 213
0 203 211
0 200 211
0 201 210
0 201 210
0 201 209
0 200 209
1 202 210
1 202 208
101 255 255
101 255 255
99 255 255
95 255 255
91 255 255
85 255 255
78 255 255
71 255 255
64 255 255
56 255 255
48 255 255
41 255 255
33 255 255
27 255 255
21 255 255
1 71 71
255 255 255
255 255 230
54 94 0
54 93 0
54 94 0
0 0 0
0 0 0
0 0 0
0 0 0
0 159 159
0 155 155
0 150 150
0 166 165
0 154 154
0 141 141
0 126 126
21 0 0
21 0 0
255 9 255
255 9 255
255 9 255
255 9 255
255 255 255
255 255 255
255 255 255
255 255 255
255 255 255
255 255 255
255 8 255
255 255 255
255 255 255
255 255 255
255 255 255
255 255 255
255 7 255
255 7 255
255 7 255
255 7 255
255 6 255
255 6 255
255 255 255
255 6 255
255 6 255
255 6 255
255 6 255
255 6 255
255 5 255
255 255 255
255 255 255
255 255 255
255 255 255
255 5 255
255 5 255
255 255 255
255 255 255
255 255 255
255 255 255
255 255 255
255 255 255
255 255 255
255 4 255
255 4 255
255 255 255
255 255 255
255 255 255
255 255 255
255 3 255
255 3 255
255 3 255
255 3 255
255 3 255
255 3 255
255 255 255
255 2 255
255 2 255
255 2 255
255 2 255
255 2 255
255 2 255
100 138 0
79 108 0
243 255 242
255 81 255
255 255 255
255 142 255
255 162 255
255 173 255
255 176 255
255 255 255
255 255 255
255 141 255
255 121 255
36 0 0
137 208 0
137 206 0
135 205 0
35 55 0
34 53 0
34 55 0
0 204 214
0 202 213
0 202 213
0 203 213
0 200 212
0 202 212
0 203 211
0 200 210
0 200 209
0 203 209
0 200 209
0 201 209
0 201 209
0 201 209
127 255 255
124 255 255
120 255 255
114 255 255
106 255 255
98 255 255
89 255 255
80 255 255
70 255 255
61 255 255
51 255 255
43 255 255
35 255 255
27 255 255
21 255 255
0 62 62
0 0 0
0 0 0
0 0 0
0 0 0
1 176 176
0 172 172
0 168 168
0 163 163
0 159 159
0 155 155
0 150 150
0 144 144
0 150 150
0 138 138
0 123 124
21 0 0
21 0 0
255 10 255
255 10 255
255 9 255
255 9 255
255 9 255
255 255 255
255 9 255
255 9 255
255 8 255
255 8 255
255 8 255
255 255 255
255 255 255
255 255 255
255 255 255
255 255 255
255 255 255
255 255 255
255 255 255
255 255 255
255 255 255
255 255 255
255 255 255
255 255 255
255 6 255
255 6 255
255 6 255
255 6 255
255 255 255
255 255 255
255 5 255
255 5 255
255 5 255
255 5 255
255 5 255
255 5 255
255 5 255
255 255 255
255 255 255
255 4 255
255 4 255
255 4 255
255 4 255
255 255 255
255 255 255
255 255 255
255 255 255
255 255 255
255 255 255
255 3 255
255 255 255
255 255 255
255 255 255
255 255 255
255 255 255
255 255 255
255 2 255
255 2 255
255 2 255
255 2 255
255 2 255
84 103 0
143 217 0
28 27 0
231 33 226
255 64 255
255 255 255
255 255 255
255 255 255
255 134 255
255 255 255
255 255 255
255 255 255
42 0 0
41 0 0
40 0 0
137 207 0
137 207 0
41 63 0
40 63 0
0 207 215
0 204 215
0 208 215
0 205 213
0 202 213
0 205 213
0 203 213
0 206 212
0 204 212
0 202 211
0 200 210
0 203 209
0 202 209
0 203 209
0 203 209
0 203 209
151 255 255
145 255 255
137 255 255
128 255 255
118 255 255
107 255 255
96 255 255
84 255 255
73 255 255
62 255 255
52 255 255
42 255 255
33 255 255
26 255 255
19 255 255
14 253 253
9 193 192
6 186 186
3 181 180
2 177 176
0 172 171
0 168 167
0 163 163
0 159 158
0 154 154
0 149 149
0 144 144
0 145 145
0 133 133
0 123 123
0 112 113
21 0 0
255 10 255
255 255 255
255 255 255
255 255 255
255 255 255
255 9 255
255 9 255
255 9 255
255 9 255
255 8 255
255 8 255
255 8 255
255 8 255
255 8 255
255 8 255
255 8 255
255 7 255
255 7 255
255 255 255
255 255 255
255 255 255
255 255 255
255 255 255
255 6 255
255 6 255
255 255 255
255 255 255
255 255 255
255 255 255
255 255 255
255 255 255
255 5 255
255 5 255
255 5 255
255 255 255
255 255 255
255 255 255
255 255 255
255 4 255
255 4 255
255 4 255
255 4 255
255 4 255
255 4 255
255 255 255
255 255 255
255 4 255
255 3 255
255 3 255
255 3 255
255 3 255
255 255 255
255 255 255
255 255 255
255 255 255
255 255 255
255 255 255
255 255 255
255 255 255
255 255 255
255 255 255
255 255 255
95 119 0
53 66 0
49 71 0
209 13 206
233 255 229
251 255 248
255 69 255
255 78 255
255 80 255
255 255 255
51 0 0
47 0 0
46 0 0
44 0 0
42 0 0
39 0 0
36 0 0
32 0 0
0 204 215
0 206 215
0 209 215
0 205 215
0 207 215
0 204 213
0 202 213
0 32 46
0 28 34
0 202 211
0 203 211
0 201 211
0 203 210
0 204 209
0 203 209
0 203 209
177 255 255
169 255 255
160 255 255
149 255 255
137 255 255
124 255 255
110 255 255
97 255 255
84 255 255
71 255 255
59 255 255
49 255 255
39 255 255
30 255 255
23 255 255
16 250 249
11 194 193
7 188 186
4 182 180
2 177 175
1 172 170
0 167 166
0 162 161
0 158 157
0 153 153
0 148 148
0 143 143
0 137 137
0 130 130
0 123 123
0 113 113
255 255 255
255 255 255
255 255 255
255 255 255
255 255 255
255 255 255
255 255 255
255 9 255
255 255 255
255 255 255
255 255 255
255 255 255
255 255 255
255 255 255
255 8 255
255 8 255
255 8 255
255 8 255
255 7 255
255 255 255
255 7 255
255 7 255
255 7 255
255 7 255
255 7 255
255 6 255
255 6 255
255 255 255
255 255 255
255 255 255
255 6 255
255 6 255
255 5 255
255 255 255
255 255 255
255 255 255
255 255 255
255 255 255
255 255 255
255 255 255
255 4 255
255 4 255
255 255 255
255 255 255
255 255 255
255 255 255
255 255 255
255 4 255
255 4 255
255 3 255
255 3 255
255 3 255
255 3 255
255 3 255
255 3 255
255 3 255
255 3 255
255 3 255
255 3 255
255 2 255
255 255 255
255 255 255
255 255 255
255 255 255
131 2 125
130 2 125
130 158 125
72 0 0
96 117 94
215 255 214
223 255 222
116 6 114
144 0 0
55 0 0
53 0 0
51 0 0
49 0 0
47 0 0
44 0 0
40 0 0
35 0 0
0 205 217
0 207 215
0 207 215
0 209 215
0 205 215
0 37 49
0 37 42
0 31 36
0 25 28
0 20 21
0 12 15
0 200 211
0 202 211
0 203 210
0 204 209
0 202 209
0 201 209
191 255 255
180 255 255
167 255 255
153 255 255
138 255 255
123 255 255
108 255 255
93 255 255
79 255 255
66 255 255
54 255 255
43 255 255
33 255 255
25 255 255
18 245 244
12 234 232
8 187 185
5 181 179
2 175 173
1 170 169
0 165 164
0 161 160
0 156 155
0 151 151
0 146 146
0 141 141
0 135 135
0 129 129
0 121 121
0 112 113
255 255 255
255 255 255
255 10 255
255 10 255
255 10 255
255 10 255
255 10 255
255 9 255
255 255 255
255 255 255
255 255 255
255 255 255
255 255 255
255 255 255
255 8 255
255 255 255
255 255 255
255 255 255
255 255 255
255 255 255
255 255 255
255 7 255
255 7 255
255 7 255
255 7 255
255 255 255
255 255 255
255 255 255
255 6 255
255 6 255
255 6 255
255 6 255
255 6 255
255 6 255
255 5 255
255 255 255
255 255 255
255 5 255
255 5 255
255 5 255
255 5 255
255 255 255
255 255 255
255 255 255
255 255 255
255 255 255
255 255 255
255 255 255
255 255 255
255 255 255
255 255 255
255 255 255
255 255 255
255 255 255
255 255 255
255 3 255
255 3 255
255 3 255
255 3 255
255 3 255
255 255 255
255 2 255
255 2 255
255 2 255
130 2 125
129 2 125
129 2 125
129 2 125
77 0 0
71 0 0
67 0 0
134 0 0
139 0 0
141 0 0
58 0 0
56 0 0
53 0 0
51 0 0
49 0 0
45 0 0
0 208 220
0 208 218
0 204 216
0 209 215
0 209 215
0 34 46
0 32 40
0 30 35
0 26 28
0 21 23
0 16 18
0 10 14
0 6 8
0 202 211
0 201 210
0 201 209
0 201 209
0 202 209
0 198 208
196 255 255
181 255 255
165 255 255
149 255 255
132 255 255
115 255 255
99 255 255
84 255 255
70 255 255
57 255 255
45 255 255
35 255 255
26 252 251
19 239 238
13 227 226
8 216 215
5 178 177
3 173 172
1 167 167
0 163 162
0 158 158
0 154 153
0 149 149
0 144 144
0 139 139
0 133 133
0 127 127
0 120 120
0 111 112
0 101 102
185 226 177
255 10 255
255 10 255
255 10 255
255 10 255
255 10 255
255 10 255
255 9 255
255 9 255
255 9 255
255 9 255
255 9 255
255 9 255
255 8 255
255 8 255
255 255 255
255 255 255
255 255 255
255 255 255
255 8 255
255 7 255
255 255 255
255 255 255
255 255 255
255 255 255
255 255 255
255 255 255
255 255 255
255 6 255
255 6 255
255 6 255
255 255 255
255 255 255
255 255 255
255 255 255
255 5 255
255 5 255
255 5 255
255 5 255
255 5 255
255 5 255
255 255 255
255 255 255
255 4 255
255 4 255
255 4 255
255 4 255
255 4 255
255 255 255
255 255 255
255 255 255
255 255 255
255 255 255
255 255 255
255 3 255
255 255 255
255 255 255
255 255 255
255 255 255
255 255 255
255 255 255
255 255 255
255 2 255
129 2 125
129 2 125
128 2 125
128 158 125
86 0 0
82 0 0
122 0 0
129 0 0
132 0 0
135 0 0
135 0 0
61 0 0
59 0 0
55 0 0
55 0 0
50 0 0
0 211 220
0 207 220
0 209 219
0 207 218
0 205 217
0 35 41
0 29 36
0 26 31
0 23 26
0 19 20
0 12 16
0 10 14
0 8 10
0 5 7
0 202 211
0 203 210
0 200 209
0 201 209
0 201 209
207 255 255
190 255 255
173 255 255
155 255 255
137 255 255
119 255 255
102 255 255
86 255 255
71 255 255
58 255 255
46 255 255
35 255 255
26 244 244
19 231 230
13 219 218
8 207 207
5 197 197
2 170 169
1 165 164
0 160 159
0 156 155
0 151 151
0 147 147
0 142 142
0 136 137
0 131 131
0 125 125
0 117 118
0 110 110
0 99 100
185 226 177
185 0 177
255 11 255
255 255 255
255 255 255
255 255 255
255 255 255
255 255 255
255 255 255
255 9 255
255 9 255
255 9 255
255 9 255
255 9 255
255 255 255
255 8 255
255 8 255
255 8 255
255 8 255
255 8 255
255 8 255
255 7 255
255 255 255
255 255 255
255 255 255
255 255 255
255 7 255
255 7 255
255 6 255
255 255 255
255 255 255
255 255 255
255 255 255
255 255 255
255 255 255
255 255 255
255 5 255
255 5 255
255 255 255
255 255 255
255 255 255
255 255 255
255 255 255
255 4 255
255 4 255
255 4 255
255 4 255
255 4 255
255 4 255
255 255 255
255 4 255
255 3 255
255 3 255
255 3 255
255 3 255
255 3 255
255 255 255
255 255 255
255 255 255
255 255 255
255 255 255
255 255 255
255 2 255
255 255 255
128 158 125
128 158 125
2 0 0
2 0 0
89 0 0
110 0 0
119 0 0
124 0 0
127 0 0
129 0 0
128 0 0
65 0 0
64 0 0
60 0 0
55 0 0
0 206 221
0 210 221
0 208 220
0 208 220
0 60 67
0 64 70
0 26 32
0 23 27
0 19 21
0 14 16
0 9 13
0 8 10
0 5 8
0 4 6
1 0 0
0 203 211
0 204 211
0 203 210
0 201 209
0 201 209
194 255 255
175 255 255
156 255 255
137 255 255
119 255 255
102 255 255
85 255 255
70 255 255
56 255 255
44 255 255
34 250 250
25 235 235
18 222 221
12 210 209
8 199 198
4 189 188
2 180 179
1 161 161
0 157 157
0 153 152
0 148 148
0 144 144
0 139 139
0 133 134
0 128 128
0 122 122
0 114 116
0 106 108
0 97 98
185 226 177
185 0 177
255 255 255
255 255 255
255 255 255
255 255 255
255 255 255
255 255 255
255 255 255
255 255 255
255 255 255
255 255 255
255 255 255
255 255 255
255 255 255
255 255 255
255 8 255
255 8 255
255 8 255
255 8 255
255 8 255
255 255 255
255 255 255
255 7 255
255 7 255
255 7 255
255 7 255
255 7 255
255 7 255
255 6 255
255 255 255
255 255 255
255 255 255
255 6 255
255 6 255
255 6 255
255 5 255
255 255 255
255 255 255
255 255 255
255 255 255
255 255 255
255 255 255
255 255 255
255 4 255
255 255 255
255 255 255
255 255 255
255 255 255
255 255 255
255 255 255
255 4 255
255 3 255
255 3 255
255 3 255
255 3 255
255 3 255
255 255 255
255 3 255
255 3 255
255 3 255
255 3 255
255 2 255
255 2 255
128 2 125
128 158 125
128 158 125
2 0 0
2 0 0
95 0 0
101 0 0
111 0 0
116 0 0
119 0 0
119 0 0
117 0 0
72 0 0
69 0 0
62 0 0
0 205 222
0 209 221
0 208 221
0 207 220
0 74 83
0 80 85
0 84 86
0 21 21
0 16 19
0 11 15
0 9 12
0 7 10
139 82 82
2 0 0
2 0 0
0 202 211
0 201 211
0 203 211
0 203 210
0 203 209
191 255 255
172 255 255
153 255 255
133 255 255
115 255 255
97 255 255
81 255 255
66 255 255
53 255 255
41 255 255
31 239 239
23 224 224
16 211 211
11 200 199
6 189 189
4 179 179
2 171 170
0 158 158
0 154 153
0 149 149
0 145 145
0 140 140
0 135 136
0 130 131
0 125 125
0 119 119
0 111 113
0 105 105
0 94 95
185 226 177
185 0 177
185 226 177
255 255 255
255 11 255
255 10 255
255 10 255
255 10 255
255 10 255
255 10 255
255 255 255
255 255 255
255 255 255
255 255 255
255 255 255
255 255 255
255 9 255
255 255 255
255 255 255
255 255 255
255 255 255
255 255 255
255 255 255
255 255 255
255 7 255
255 7 255
255 7 255
255 7 255
255 255 255
255 255 255
255 255 255
255 6 255
255 6 255
255 6 255
255 6 255
255 6 255
255 6 255
255 5 255
255 255 255
255 255 255
255 255 255
255 5 255
255 5 255
255 5 255
255 5 255
255 255 255
255 255 255
255 255 255
255 255 255
255 255 255
255 255 255
255 255 255
255 4 255
255 255 255
255 255 255
255 255 255
255 255 255
255 255 255
255 255 255
255 3 255
255 3 255
255 3 255
255 3 255
255 2 255
255 2 255
255 255 255
255 2 255
2 0 0
1 0 0
1 0 0
1 0 0
96 0 0
100 0 0
104 0 0
106 0 0
103 0 0
80 0 0
75 0 0
68 0 0
0 209 222
0 210 222
0 211 220
0 206 220
0 93 97
0 94 99
0 96 99
0 96 100
0 13 17
0 10 15
0 9 12
255 194 195
255 226 226
255 249 249
186 130 130
1 0 0
0 202 211
0 202 212
0 200 210
0 201 210
183 255 255
163 255 255
144 255 255
125 255 255
107 255 255
90 255 255
74 255 255
60 255 255
47 255 255
37 242 242
27 227 227
20 213 213
13 200 200
9 189 189
5 179 179
3 170 170
1 161 161
0 154 154
0 150 150
0 146 146
0 141 141
0 137 137
0 132 132
0 127 127
0 121 122
0 116 116
0 109 109
0 100 102
0 90 92
21 0 0
185 0 177
185 226 177
185 0 177
255 11 255
255 11 255
255 11 255
255 10 255
255 10 255
255 10 255
255 10 255
255 255 255
255 10 255
255 9 255
255 9 255
255 9 255
255 9 255
255 9 255
255 255 255
255 255 255
255 255 255
255 255 255
255 255 255
255 255 255
255 8 255
255 255 255
255 255 255
255 255 255
255 255 255
255 255 255
255 255 255
255 255 255
255 6 255
255 6 255
255 6 255
255 6 255
255 255 255
255 255 255
255 255 255
255 5 255
255 5 255
255 5 255
255 5 255
255 5 255
255 5 255
255 5 255
255 255 255
255 255 255
255 4 255
255 4 255
255 4 255
255 4 255
255 4 255
255 255 255
255 255 255
255 255 255
255 255 255
255 255 255
255 255 255
255 255 255
255 255 255
255 255 255
255 255 255
255 255 255
255 255 255
255 255 255
255 255 255
255 2 255
155 0 153
154 0 153
1 0 0
1 0 0
107 0 0
102 0 0
99 0 0
94 0 0
89 0 0
83 0 0
69 0 0
0 213 223
0 215 223
0 212 222
0 215 222
0 107 111
0 106 110
0 105 111
0 108 112
0 109 114
0 114 117
255 199 200
255 247 248
255 255 255
255 255 255
255 255 255
145 100 100
0 204 212
0 202 212
0 203 212
0 201 211
0 201 209
150 255 255
131 255 255
113 255 255
96 255 255
80 255 255
65 255 255
52 255 255
41 244 244
31 228 228
23 213 213
16 200 200
11 189 189
7 178 178
4 168 168
2 160 160
1 154 154
0 150 150
0 146 146
0 142 142
0 137 138
0 133 133
0 128 129
0 123 124
0 118 118
0 112 112
0 104 105
0 96 98
0 86 89
21 0 0
185 0 177
185 226 177
185 226 177
185 0 177
255 11 255
255 11 255
255 255 255
255 255 255
255 255 255
255 255 255
255 255 255
255 10 255
255 10 255
255 9 255
255 9 255
255 9 255
255 9 255
255 9 255
255 9 255
255 8 255
255 8 255
255 8 255
255 8 255
255 8 255
255 8 255
255 255 255
255 255 255
255 255 255
255 255 255
255 255 255
255 7 255
255 7 255
255 255 255
255 255 255
255 255 255
255 255 255
255 255 255
255 255 255
255 255 255
255 5 255
255 5 255
255 5 255
255 5 255
255 255 255
255 255 255
255 255 255
255 4 255
255 4 255
255 4 255
255 4 255
255 4 255
255 4 255
255 4 255
255 4 255
255 255 255
255 3 255
255 3 255
255 3 255
255 3 255
255 3 255
255 3 255
255 255 255
255 255 255
255 255 255
255 255 255
255 255 255
255 255 255
255 255 255
155 195 153
155 195 153
154 195 153
1 0 0
0 0 0
0 0 0
0 0 0
0 0 0
0 0 0
1 0 0
0 210 225
0 209 225
0 211 225
0 211 222
0 116 122
0 117 123
0 119 124
0 120 125
0 126 127
255 193 194
255 255 255
255 255 255
255 255 255
255 255 255
255 255 255
255 255 255
88 55 56
0 206 212
0 202 212
0 205 211
0 203 210
133 255 255
115 255 255
99 255 255
83 255 255
68 255 255
55 255 255
43 243 244
33 227 227
25 213 213
18 199 200
12 187 188
8 176 177
5 167 167
2 159 159
1 154 155
0 150 150
0 146 146
0 142 142
0 138 138
0 133 134
0 129 129
0 124 125
0 119 120
0 114 114
0 107 108
0 99 101
0 91 94
0 82 85
21 0 0
21 0 0
185 226 177
185 226 177
185 0 177
255 255 255
255 255 255
255 255 255
255 255 255
255 255 255
255 255 255
255 255 255
255 255 255
255 10 255
255 255 255
255 255 255
255 255 255
255 255 255
255 255 255
255 255 255
255 9 255
255 8 255
255 8 255
255 8 255
255 8 255
255 8 255
255 8 255
255 7 255
255 7 255
255 7 255
255 7 255
255 7 255
255 7 255
255 7 255
255 255 255
255 255 255
255 255 255
255 255 255
255 255 255
255 6 255
255 6 255
255 255 255
255 255 255
255 255 255
255 255 255
255 255 255
255 255 255
255 255 255
255 255 255
255 4 255
255 4 255
255 4 255
255 255 255
255 255 255
255 255 255
255 255 255
255 4 255
255 3 255
255 3 255
255 3 255
255 3 255
255 3 255
255 3 255
255 255 255
255 3 255
255 3 255
255 3 255
255 2 255
255 2 255
255 2 255
156 195 153
156 195 153
155 195 153
154 195 153
154 195 153
154 195 153
1 0 0
1 0 0
1 0 0
0 204 225
0 209 226
0 210 225
0 204 223
0 126 133
0 132 136
0 133 137
0 134 137
255 155 157
255 250 251
255 255 255
255 255 255
255 255 255
255 255 255
255 255 255
255 255 255
62 36 37
0 204 212
0 202 212
0 202 211
0 202 211
113 255 255
97 255 255
82 255 255
68 255 255
56 255 255
44 241 241
34 225 225
26 210 211
19 197 197
13 185 186
8 174 175
5 164 165
3 159 159
1 154 154
0 150 150
0 146 146
0 142 142
0 138 138
0 133 134
0 130 130
0 125 125
0 120 121
0 114 116
0 109 110
0 102 104
0 94 97
0 86 89
0 77 80
21 0 0
21 0 0
21 0 0
185 226 177
185 0 177
185 226 177
255 255 255
255 255 255
255 255 255
255 255 255
255 11 255
255 10 255
255 10 255
255 255 255
255 255 255
255 255 255
255 255 255
255 255 255
255 255 255
255 255 255
255 255 255
255 9 255
255 255 255
255 255 255
255 255 255
255 255 255
255 255 255
255 255 255
255 7 255
255 7 255
255 7 255
255 7 255
255 7 255
255 7 255
255 7 255
255 6 255
255 6 255
255 6 255
255 6 255
255 6 255
255 6 255
255 6 255
255 5 255
255 255 255
255 255 255
255 255 255
255 255 255
255 255 255
255 5 255
255 4 255
255 255 255
255 255 255
255 255 255
255 255 255
255 255 255
255 255 255
255 255 255
255 4 255
255 3 255
255 3 255
255 255 255
255 255 255
255 255 255
255 255 255
255 3 255
255 3 255
255 3 255
255 3 255
255 2 255
255 2 255
255 2 255
255 2 255
159 195 153
158 0 153
156 0 153
155 0 153
154 0 153
154 0 153
154 0 153
0 215 227
0 212 226
0 216 226
0 214 225
0 141 144
0 143 145
0 144 147
0 147 149
255 184 186
255 255 255
255 255 255
255 255 255
255 255 255
255 255 255
255 255 255
255 255 255
255 238 239
0 202 214
0 202 213
0 199 212
0 200 211
0 201 211
78 255 255
65 255 255
54 251 252
43 235 236
33 220 221
25 206 207
19 193 194
13 182 182
9 171 172
5 164 164
3 158 159
1 153 154
0 149 150
0 145 146
0 141 142
0 137 138
0 133 134
0 129 130
0 125 126
0 120 121
0 115 116
0 110 111
0 104 106
0 97 100
0 88 93
0 80 85
0 71 74
21 0 0
21 0 0
21 0 0
185 226 177
185 0 177
185 226 177
185 226 177
255 11 255
255 11 255
255 11 255
255 11 255
255 11 255
255 10 255
255 10 255
255 255 255
255 255 255
255 255 255
255 255 255
255 9 255
255 9 255
255 9 255
255 9 255
255 255 255
255 255 255
255 255 255
255 255 255
255 255 255
255 255 255
255 255 255
255 8 255
255 255 255
255 255 255
255 255 255
255 255 255
255 255 255
255 255 255
255 6 255
255 6 255
255 6 255
255 6 255
255 6 255
255 6 255
255 6 255
255 255 255
255 5 255
255 5 255
255 5 255
255 5 255
255 5 255
255 5 255
255 4 255
255 255 255
255 255 255
255 255 255
255 255 255
255 255 255
255 4 255
255 4 255
255 255 255
255 255 255
255 255 255
255 255 255
255 255 255
255 255 255
255 255 255
255 255 255
255 3 255
255 3 255
255 3 255
255 255 255
255 255 255
255 255 255
255 255 255
255 2 255
158 0 153
156 0 153
156 0 153
155 0 153
155 0 153
155 0 153
0 214 228
0 217 226
0 220 225
0 152 154
0 153 155
0 155 157
1 157 159
255 173 177
255 233 238
255 255 255
255 255 255
255 255 255
255 255 255
255 226 228
255 185 187
228 153 153
11 6 6
0 205 214
0 201 214
0 200 212
0 201 211
60 255 255
49 243 244
40 228 229
31 213 214
24 200 201
17 188 189
12 177 178
8 168 169
5 162 163
3 157 158
1 153 153
0 148 149
0 144 145
0 140 141
0 137 138
0 133 134
0 128 130
0 125 126
0 120 122
0 114 117
0 110 112
0 104 107
0 99 101
0 91 95
0 83 87
0 75 79
0 63 67
21 0 0
21 0 0
21 0 0
21 0 0
185 0 177
185 226 177
185 226 177
185 0 177
255 11 255
255 11 255
255 11 255
255 11 255
255 11 255
255 255 255
255 255 255
255 10 255
255 10 255
255 10 255
255 10 255
255 9 255
255 9 255
255 9 255
255 255 255
255 255 255
255 255 255
255 255 255
255 8 255
255 8 255
255 8 255
255 8 255
255 255 255
255 255 255
255 255 255
255 255 255
255 255 255
255 255 255
255 255 255
255 6 255
255 6 255
255 255 255
255 255 255
255 255 255
255 255 255
255 255 255
255 255 255
255 5 255
255 5 255
255 5 255
255 5 255
255 5 255
255 5 255
255 4 255
255 4 255
255 4 255
255 4 255
255 4 255
255 4 255
255 4 255
255 4 255
255 4 255
255 255 255
255 255 255
255 255 255
255 255 255
255 255 255
255 3 255
255 3 255
255 255 255
255 255 255
255 255 255
255 255 255
255 255 255
255 255 255
255 255 255
255 255 255
255 2 255
255 2 255
156 0 153
155 195 153
155 195 153
0 216 230
0 212 228
0 212 228
1 161 164
2 165 167
2 167 168
3 170 172
229 127 135
255 152 155
255 167 170
255 175 178
250 163 166
224 144 147
196 124 126
174 108 109
161 98 99
150 91 92
0 207 214
0 203 214
0 202 213
0 201 212
43 231 233
35 218 220
27 204 207
21 193 195
15 182 183
11 171 173
7 166 167
5 160 161
3 155 156
1 151 152
0 147 148
0 143 144
0 139 141
0 136 137
0 132 134
0 128 130
0 124 126
0 120 122
0 115 117
0 111 113
0 105 107
0 100 102
0 93 97
0 86 90
0 77 82
0 66 72
0 58 61
21 0 0
21 0 0
21 0 0
21 0 0
21 0 0
185 226 177
185 226 177
185 0 177
255 12 255
255 255 255
255 255 255
255 255 255
255 255 255
255 255 255
255 255 255
255 255 255
255 10 255
255 10 255
255 10 255
255 10 255
255 9 255
255 9 255
255 255 255
255 9 255
255 9 255
255 9 255
255 8 255
255 8 255
255 8 255
255 8 255
255 8 255
255 255 255
255 255 255
255 255 255
255 255 255
255 7 255
255 7 255
255 7 255
255 255 255
255 255 255
255 255 255
255 255 255
255 255 255
255 255 255
255 255 255
255 255 255
255 5 255
255 5 255
255 255 255
255 255 255
255 255 255
255 255 255
255 255 255
255 255 255
255 4 255
255 4 255
255 4 255
255 4 255
255 4 255
255 4 255
255 4 255
255 3 255
255 3 255
255 3 255
255 3 255
255 3 255
255 3 255
255 3 255
255 3 255
255 255 255
255 255 255
255 255 255
255 255 255
255 255 255
255 2 255
255 2 255
255 255 255
255 255 255
255 255 255
255 255 255
0 214 230
0 214 230
0 220 230
4 177 179
4 177 178
5 180 180
6 182 182
125 62 74
175 95 105
176 99 106
165 96 100
158 91 95
152 89 92
146 85 89
139 82 85
132 77 80
124 75 75
0 207 216
0 206 216
0 205 215
0 204 213
28 206 209
22 195 197
17 184 186
13 174 176
9 167 169
6 162 164
4 158 159
2 153 154
1 149 150
0 145 147
0 141 143
0 138 140
0 134 136
0 131 133
0 127 129
0 123 125
0 120 122
0 114 117
0 109 113
0 104 108
0 100 103
0 93 97
0 87 91
0 81 84
0 71 76
0 60 66
0 47 53
21 0 0
21 0 0
21 0 0
21 0 0
21 0 0
21 0 0
185 226 177
185 0 177
185 226 177
255 255 255
255 255 255
255 255 255
255 255 255
255 255 255
255 255 255
255 255 255
255 255 255
255 255 255
255 255 255
255 255 255
255 255 255
255 255 255
255 255 255
255 255 255
255 9 255
255 9 255
255 9 255
255 8 255
255 8 255
255 8 255
255 255 255
255 255 255
255 8 255
255 7 255
255 7 255
255 7 255
255 7 255
255 7 255
255 7 255
255 255 255
255 255 255
255 255 255
255 255 255
255 255 255
255 6 255
255 6 255
255 5 255
255 255 255
255 255 255
255 255 255
255 255 255
255 255 255
255 255 255
255 255 255
255 255 255
255 4 255
255 4 255
255 255 255
255 255 255
255 255 255
255 255 255
255 255 255
255 3 255
255 3 255
255 3 255
255 3 255
255 3 255
255 3 255
255 3 255
255 3 255
255 3 255
255 3 255
255 2 255
255 2 255
255 2 255
255 2 255
255 2 255
255 2 255
255 255 255
255 255 255
0 216 232
0 210 232
0 214 230
0 216 230
8 207 207
8 190 190
9 190 192
9 190 192
80 35 50
112 59 71
122 66 76
122 69 76
118 66 73
113 67 71
107 64 68
100 61 63
92 56 58
0 208 217
0 207 217
0 208 215
0 203 214
17 183 187
13 174 177
9 168 171
7 164 165
4 158 161
3 154 156
1 150 152
0 146 149
0 142 145
0 139 141
0 136 139
0 132 135
0 129 132
0 125 128
0 121 124
0 118 121
0 115 117
0 109 112
0 103 107
0 99 103
0 94 97
0 87 92
0 81 85
0 74 78
0 62 69
0 52 59
0 34 44
21 0 0
21 0 0
21 0 0
21 0 0
21 0 0
21 0 0
185 226 177
185 0 177
185 226 177
185 226 177
255 255 255
255 255 255
255 255 255
255 11 255
255 11 255
255 11 255
255 11 255
255 255 255
255 255 255
255 255 255
255 255 255
255 255 255
255 255 255
255 255 255
255 255 255
255 9 255
255 255 255
255 255 255
255 255 255
255 255 255
255 255 255
255 255 255
255 255 255
255 8 255
255 7 255
255 7 255
255 7 255
255 7 255
255 7 255
255 255 255
255 6 255
255 6 255
255 6 255
255 6 255
255 6 255
255 6 255
255 6 255
255 5 255
255 255 255
255 255 255
255 255 255
255 255 255
255 255 255
255 5 255
255 5 255
255 4 255
255 255 255
255 255 255
255 255 255
255 255 255
255 255 255
255 255 255
255 255 255
255 255 255
255 3 255
255 3 255
255 255 255
255 255 255
255 255 255
255 255 255
255 255 255
255 3 255
255 3 255
255 2 255
255 2 255
255 2 255
255 2 255
255 2 255
255 2 255
255 255 255
255 2 255
0 211 232
0 211 230
0 211 230
11 227 228
11 231 232
11 236 237
11 198 200
11 198 198
65 36 50
63 32 45
76 40 51
75 45 53
72 45 52
66 45 48
61 43 45
54 37 39
0 207 217
0 206 217
0 206 216
0 206 215
0 204 215
6 161 165
4 157 161
3 154 157
2 151 153
1 148 150
0 145 146
0 141 143
0 136 140
0 134 137
0 130 133
0 127 130
0 124 127
0 120 123
0 116 120
0 113 115
0 109 112
0 102 107
0 98 103
0 93 98
0 87 92
0 80 86
0 73 80
0 64 71
0 55 62
0 40 52
0 23 36
21 0 0
21 0 0
21 0 0
21 0 0
21 0 0
21 0 0
21 0 0
185 0 177
185 0 177
185 226 177
255 12 255
255 12 255
255 12 255
255 11 255
255 11 255
255 11 255
255 11 255
255 11 255
255 255 255
255 255 255
255 255 255
255 255 255
255 10 255
255 10 255
255 9 255
255 9 255
255 255 255
255 255 255
255 255 255
255 255 255
255 255 255
255 255 255
255 255 255
255 255 255
255 8 255
255 255 255
255 255 255
255 255 255
255 255 255
255 255 255
255 255 255
255 255 255
255 6 255
255 6 255
255 6 255
255 6 255
255 6 255
255 6 255
255 5 255
255 5 255
255 5 255
255 5 255
255 5 255
255 5 255
255 5 255
255 5 255
255 4 255
255 255 255
255 255 255
255 255 255
255 255 255
255 255 255
255 4 255
255 4 255
255 3 255
255 255 255
255 255 255
255 255 255
255 255 255
255 255 255
255 255 255
255 255 255
255 255 255
255 2 255
255 2 255
255 2 255
255 255 255
255 255 255
255 255 255
255 255 255
255 2 255
0 224 234
0 213 232
0 207 232
12 244 245
12 248 249
11 252 254
11 255 255
0 70 71
0 10 10
0 8 9
0 7 7
38 36 45
32 32 38
23 27 32
17 24 27
13 20 23
0 203 218
0 202 218
0 206 217
0 205 216
0 206 215
2 152 156
1 150 153
1 146 150
0 143 147
0 141 144
0 139 141
0 135 139
0 132 136
0 129 132
0 125 129
0 121 125
0 118 122
0 114 118
0 110 115
0 108 111
0 102 107
0 97 102
0 92 97
0 87 92
0 78 86
0 70 80
0 61 73
0 54 65
0 46 55
0 28 41
159 196 153
21 0 0
21 0 0
21 0 0
21 0 0
21 0 0
21 0 0
21 0 0
21 0 0
185 0 177
185 226 177
185 0 177
255 12 255
255 12 255
255 12 255
255 11 255
255 11 255
255 11 255
255 11 255
255 255 255
255 11 255
255 10 255
255 10 255
255 10 255
255 10 255
255 10 255
255 9 255
255 9 255
255 255 255
255 255 255
255 255 255
255 255 255
255 8 255
255 8 255
255 8 255
255 8 255
255 255 255
255 255 255
255 255 255
255 255 255
255 255 255
255 255 255
255 255 255
255 255 255
255 6 255
255 6 255
255 255 255
255 255 255
255 255 255
255 255 255
255 255 255
255 5 255
255 5 255
255 5 255
255 5 255
255 5 255
255 5 255
255 5 255
255 4 255
255 4 255
255 4 255
255 4 255
255 4 255
255 4 255
255 4 255
255 4 255
255 3 255
255 255 255
255 255 255
255 255 255
255 255 255
255 255 255
255 255 255
255 3 255
255 3 255
255 255 255
255 255 255
255 255 255
255 255 255
255 255 255
255 255 255
255 255 255
0 212 236
0 215 234
0 215 232
0 215 232
11 255 255
10 255 255
9 255 255
0 83 84
1 86 87
1 87 88
0 8 8
0 6 6
0 5 5
0 4 4
0 2 2
0 2 2
0 206 219
0 206 218
0 207 217
0 204 216
0 203 215
0 144 149
0 143 146
0 139 144
0 136 141
0 135 139
0 132 136
0 129 133
0 125 130
0 122 127
0 119 124
0 117 121
0 113 117
0 108 113
0 105 110
0 101 106
0 94 101
0 89 96
0 86 92
0 80 86
0 73 80
0 63 74
0 55 66
0 48 60
0 37 48
0 33 48
159 195 153
21 0 0
21 0 0
21 0 0
21 0 0
21 0 0
21 0 0
21 0 0
21 0 0
185 0 177
185 226 177
185 0 177
185 0 177
255 12 255
255 255 255
255 255 255
255 255 255
255 255 255
255 255 255
255 255 255
255 255 255
255 11 255
255 10 255
255 10 255
255 10 255
255 10 255
255 10 255
255 9 255
255 255 255
255 9 255
255 9 255
255 9 255
255 9 255
255 8 255
255 8 255
255 8 255
255 8 255
255 255 255
255 255 255
255 255 255
255 255 255
255 255 255
255 7 255
255 7 255
255 7 255
255 255 255
255 255 255
255 255 255
255 255 255
255 255 255
255 255 255
255 255 255
255 255 255
255 5 255
255 5 255
255 5 255
255 255 255
255 255 255
255 255 255
255 255 255
255 255 255
255 4 255
255 4 255
255 4 255
255 4 255
255 4 255
255 4 255
255 3 255
255 255 255
255 3 255
255 3 255
255 3 255
255 3 255
255 3 255
255 3 255
255 3 255
255 255 255
255 255 255
255 255 255
255 255 255
255 255 255
255 255 255
255 255 255
0 212 237
0 214 234
0 216 233
9 255 255
8 255 255
7 255 255
6 255 255
2 99 99
2 101 101
3 103 103
3 106 106
3 108 108
0 5 5
0 4 4
0 2 2
0 212 221
0 212 219
0 209 217
0 210 217
0 207 217
0 139 142
0 135 141
0 132 138
0 129 136
0 129 133
0 127 130
0 123 127
0 120 124
0 116 121
0 111 118
0 110 115
0 105 111
0 101 107
0 99 104
0 95 100
0 88 95
0 82 90
0 78 86
0 74 80
0 62 74
0 53 67
0 47 60
0 38 51
0 32 46
6 0 0
159 195 153
21 0 0
21 0 0
21 0 0
21 0 0
21 0 0
21 0 0
21 0 0
21 0 0
21 0 0
185 226 177
185 0 177
185 0 177
185 226 177
255 255 255
255 255 255
255 255 255
255 255 255
255 255 255
255 255 255
255 255 255
255 255 255
255 11 255
255 10 255
255 255 255
255 255 255
255 255 255
255 255 255
255 255 255
255 255 255
255 9 255
255 9 255
255 9 255
255 9 255
255 8 255
255 8 255
255 8 255
255 8 255
255 8 255
255 8 255
255 7 255
255 7 255
255 7 255
255 7 255
255 7 255
255 7 255
255 255 255
255 255 255
255 255 255
255 255 255
255 255 255
255 255 255
255 5 255
255 5 255
255 255 255
255 255 255
255 255 255
255 255 255
255 255 255
255 255 255
255 255 255
255 255 255
255 4 255
255 4 255
255 4 255
255 4 255
255 255 255
255 255 255
255 255 255
255 255 255
255 3 255
255 3 255
255 3 255
255 3 255
255 3 255
255 3 255
255 3 255
255 2 255
255 255 255
255 255 255
255 2 255
255 2 255
255 2 255
0 209 238
0 214 236
0 218 235
0 213 233
6 255 255
5 255 255
5 255 255
4 255 255
4 114 114
4 117 117
4 119 119
3 120 120
3 123 123
3 124 124
2 125 125
0 211 222
0 210 221
0 211 218
0 210 217
0 210 217
0 134 138
0 129 135
0 125 133
0 124 131
0 123 128
0 117 125
0 116 122
0 114 119
0 111 116
0 106 112
0 102 109
0 97 106
0 93 102
0 90 98
0 86 94
0 79 90
0 75 84
0 75 80
0 65 73
0 55 66
0 43 60
0 31 52
0 28 47
5 0 0
5 0 0
159 195 153
21 0 0
21 0 0
21 0 0
21 0 0
21 0 0
21 0 0
21 0 0
21 0 0
21 0 0
21 0 0
185 226 177
185 0 177
185 226 177
255 255 255
255 255 255
255 255 255
255 255 255
255 255 255
255 255 255
255 11 255
255 11 255
255 255 255
255 255 255
255 255 255
255 255 255
255 255 255
255 255 255
255 255 255
255 255 255
255 9 255
255 9 255
255 9 255
255 9 255
255 255 255
255 255 255
255 255 255
255 255 255
255 255 255
255 8 255
255 8 255
255 7 255
255 7 255
255 7 255
255 7 255
255 7 255
255 7 255
255 255 255
255 6 255
255 6 255
255 6 255
255 6 255
255 6 255
255 5 255
255 5 255
255 255 255
255 255 255
255 255 255
255 255 255
255 255 255
255 255 255
255 255 255
255 4 255
255 255 255
255 255 255
255 255 255
255 255 255
255 255 255
255 255 255
255 255 255
255 255 255
255 3 255
255 3 255
255 3 255
255 3 255
255 3 255
255 255 255
255 255 255
255 255 255
255 2 255
255 2 255
255 2 255
255 2 255
129 2 125
0 219 238
0 221 237
0 223 235
0 219 233
5 255 255
4 255 255
4 255 255
4 255 255
4 255 255
3 255 255
3 255 255
2 132 132
2 134 134
0 200 222
0 208 223
0 208 222
0 207 221
0 206 219
0 127 134
0 123 132
0 119 130
0 117 127
0 118 125
0 116 122
0 112 120
0 109 117
0 109 114
0 102 111
0 97 107
0 94 104
0 89 100
0 85 97
0 84 92
0 75 88
0 70 83
0 66 78
0 60 74
0 56 68
0 42 60
0 30 53
0 26 50
5 0 0
5 0 0
5 0 0
158 195 153
21 0 0
21 0 0
21 0 0
21 0 0
21 0 0
21 0 0
21 0 0
21 0 0
21 0 0
21 0 0
185 226 177
185 0 177
185 226 177
185 226 177
255 255 255
255 12 255
255 12 255
255 12 255
255 12 255
255 11 255
255 11 255
255 11 255
255 255 255
255 255 255
255 255 255
255 255 255
255 255 255
255 255 255
255 255 255
255 10 255
255 255 255
255 255 255
255 255 255
255 255 255
255 255 255
255 255 255
255 255 255
255 255 255
255 255 255
255 8 255
255 8 255
255 7 255
255 7 255
255 255 255
255 255 255
255 255 255
255 255 255
255 6 255
255 6 255
255 6 255
255 6 255
255 6 255
255 6 255
255 5 255
255 5 255
255 255 255
255 255 255
255 5 255
255 5 255
255 5 255
255 5 255
255 4 255
255 4 255
255 255 255
255 255 255
255 255 255
255 255 255
255 255 255
255 255 255
255 255 255
255 255 255
255 255 255
255 255 255
255 255 255
255 255 255
255 255 255
255 255 255
255 255 255
255 255 255
255 255 255
255 2 255
255 2 255
255 2 255
0 219 238
0 224 238
0 224 238
0 227 236
0 224 235
4 255 255
3 255 255
3 255 255
2 255 255
2 255 255
1 255 255
0 255 255
0 155 155
0 212 224
0 208 223
0 205 223
0 208 221
0 204 220
0 120 128
0 118 127
0 115 124
0 112 122
0 110 119
0 108 116
0 104 114
0 105 112
0 102 108
0 97 105
0 90 102
0 85 98
0 79 95
0 76 90
0 74 86
0 70 83
0 65 79
0 59 73
0 54 69
0 42 61
0 30 53
0 25 54
5 0 0
5 0 0
5 0 0
5 0 0
158 0 153
21 0 0
21 0 0
21 0 0
21 0 0
21 0 0
21 0 0
21 0 0
21 0 0
21 0 0
21 0 0
21 0 0
185 0 177
185 226 177
185 226 177
185 0 177
255 13 255
255 12 255
255 12 255
255 12 255
255 12 255
255 11 255
255 11 255
255 11 255
255 255 255
255 255 255
255 11 255
255 10 255
255 10 255
255 10 255
255 10 255
255 10 255
255 255 255
255 255 255
255 255 255
255 255 255
255 255 255
255 255 255
255 255 255
255 255 255
255 8 255
255 255 255
255 255 255
255 255 255
255 255 255
255 255 255
255 255 255
255 255 255
255 255 255
255 6 255
255 6 255
255 6 255
255 6 255
255 6 255
255 255 255
255 255 255
255 255 255
255 5 255
255 5 255
255 5 255
255 5 255
255 5 255
255 5 255
255 4 255
255 4 255
255 255 255
255 255 255
255 255 255
255 255 255
255 4 255
255 4 255
255 3 255
255 3 255
255 3 255
255 255 255
255 255 255
255 255 255
255 255 255
255 255 255
255 255 255
255 255 255
255 255 255
255 2 255
255 255 255
128 158 125
0 220 238
0 229 239
0 221 238
0 223 237
0 222 237
2 255 255
1 255 255
0 255 255
0 255 255
0 255 255
0 255 255
0 211 228
0 213 225
0 213 225
0 211 223
0 209 221
0 208 221
0 113 123
0 110 121
0 111 120
0 109 116
0 107 114
0 101 110
0 96 108
0 96 107
0 92 103
0 85 99
0 84 95
0 80 92
0 76 90
0 72 86
0 68 81
0 62 79
0 59 73
0 55 68
0 49 60
0 37 55
0 33 59
5 0 0
4 0 0
5 0 0
5 0 0
5 0 0
158 195 153
21 0 0
21 0 0
21 0 0
21 0 0
21 0 0
21 0 0
21 0 0
21 0 0
21 0 0
21 0 0
21 0 0
21 0 0
185 226 177
185 226 177
185 0 177
255 13 255
255 13 255
255 12 255
255 12 255
255 12 255
255 12 255
255 255 255
255 255 255
255 255 255
255 11 255
255 11 255
255 11 255
255 10 255
255 10 255
255 10 255
255 10 255
255 10 255
255 255 255
255 255 255
255 255 255
255 9 255
255 9 255
255 8 255
255 8 255
255 8 255
255 255 255
255 255 255
255 255 255
255 255 255
255 255 255
255 255 255
255 255 255
255 255 255
255 255 255
255 6 255
255 255 255
255 255 255
255 255 255
255 255 255
255 255 255
255 255 255
255 255 255
255 5 255
255 5 255
255 5 255
255 5 255
255 5 255
255 5 255
255 4 255
255 255 255
255 255 255
255 4 255
255 4 255
255 4 255
255 4 255
255 4 255
255 3 255
255 3 255
255 3 255
255 255 255
255 255 255
255 255 255
255 255 255
255 255 255
255 3 255
255 2 255
255 2 255
255 255 255
255 255 255
0 222 241
0 224 240
0 229 239
0 219 238
0 218 238
0 214 237
0 212 235
0 255 255
0 255 255
0 212 230
0 216 228
0 216 228
0 214 228
0 218 227
0 211 225
0 212 224
0 211 223
0 107 120
0 102 117
0 101 115
0 101 113
0 99 109
0 96 107
0 92 104
0 89 102
0 83 99
0 78 93
0 76 91
0 75 87
0 71 85
0 67 81
0 61 77
0 51 72
0 49 67
0 43 60
0 43 61
0 41 67
4 0 0
4 0 0
4 0 0
5 0 0
5 0 0
158 195 153
158 195 153
21 0 0
21 0 0
21 0 0
21 0 0
21 0 0
21 0 0
21 0 0
21 0 0
21 0 0
21 0 0
21 0 0
21 0 0
185 0 177
185 226 177
185 0 177
185 0 177
255 13 255
255 255 255
255 255 255
255 255 255
255 255 255
255 255 255
255 255 255
255 255 255
255 255 255
255 11 255
255 11 255
255 11 255
255 10 255
255 10 255
255 10 255
255 255 255
255 255 255
255 9 255
255 9 255
255 9 255
255 9 255
255 9 255
255 8 255
255 8 255
255 8 255
255 255 255
255 255 255
255 255 255
255 255 255
255 255 255
255 7 255
255 7 255
255 7 255
255 7 255
255 255 255
255 255 255
255 255 255
255 255 255
255 255 255
255 255 255
255 255 255
255 255 255
255 5 255
255 5 255
255 5 255
255 255 255
255 255 255
255 255 255
255 255 255
255 255 255
255 255 255
255 4 255
255 4 255
255 4 255
255 4 255
255 4 255
255 3 255
255 3 255
255 3 255
255 3 255
255 3 255
255 3 255
255 3 255
255 3 255
255 3 255
255 2 255
255 2 255
255 2 255
128 159 125
0 222 242
0 225 240
0 221 238
0 214 238
0 214 237
0 214 237
0 211 236
0 215 233
0 215 233
0 222 232
0 216 230
0 222 229
0 216 227
0 211 227
0 210 225
0 209 225
0 96 116
0 98 113
0 96 111
0 92 107
0 93 106
0 88 103
0 86 100
0 87 98
0 78 93
0 72 90
0 68 86
0 63 82
0 56 78
0 53 75
0 50 70
0 46 64
0 44 61
0 47 64
0 47 76
4 0 0
4 0 0
4 0 0
4 0 0
4 0 0
158 0 153
158 195 153
158 195 153
21 0 0
21 0 0
21 0 0
21 0 0
21 0 0
21 0 0
21 0 0
21 0 0
21 0 0
21 0 0
21 0 0
21 0 0
21 0 0
185 226 177
185 0 177
185 0 177
185 226 177
255 255 255
255 255 255
255 255 255
255 255 255
255 255 255
255 255 255
255 255 255
255 255 255
255 11 255
255 11 255
255 255 255
255 255 255
255 255 255
255 255 255
255 255 255
255 255 255
255 255 255
255 9 255
255 9 255
255 9 255
255 9 255
255 9 255
255 8 255
255 8 255
255 8 255
255 8 255
255 8 255
255 8 255
255 7 255
255 7 255
255 7 255
255 7 255
255 7 255
255 7 255
255 255 255
255 255 255
255 255 255
255 255 255
255 255 255
255 255 255
255 5 255
255 5 255
255 255 255
255 255 255
255 255 255
255 255 255
255 255 255
255 255 255
255 255 255
255 255 255
255 255 255
255 4 255
255 4 255
255 4 255
255 4 255
255 255 255
255 255 255
255 255 255
255 255 255
255 3 255
255 3 255
255 3 255
255 3 255
255 3 255
255 3 255
255 2 255
255 2 255
255 2 255
127 158 125
0 232 243
0 225 241
0 218 239
0 213 238
0 220 238
0 218 237
0 214 236
0 218 235
0 219 233
0 220 232
0 218 229
0 219 229
0 216 227
0 213 227
0 90 110
0 85 109
0 89 106
0 87 105
0 87 102
0 87 99
0 81 96
0 80 93
0 75 90
0 66 87
0 59 82
0 58 80
0 50 75
0 45 72
0 40 67
0 44 64
0 49 67
0 67 74
1 0 0
2 0 0
3 0 0
3 0 0
4 0 0
4 0 0
157 0 153
158 0 153
158 0 153
158 0 153
21 0 0
21 0 0
21 0 0
21 0 0
21 0 0
21 0 0
21 0 0
21 0 0
21 0 0
21 0 0
21 0 0
21 0 0
21 0 0
21 0 0
185 226 177
185 0 177
185 226 177
185 226 177
255 255 255
255 255 255
255 255 255
255 255 255
255 255 255
255 255 255
255 12 255
255 11 255
255 255 255
255 255 255
255 255 255
255 255 255
255 255 255
255 255 255
255 255 255
255 255 255
255 255 255
255 9 255
255 9 255
255 9 255
255 255 255
255 255 255
255 255 255
255 255 255
255 255 255
255 8 255
255 8 255
255 8 255
255 7 255
255 7 255
255 7 255
255 7 255
255 7 255
255 7 255
255 255 255
255 6 255
255 6 255
255 6 255
255 6 255
255 6 255
255 5 255
255 5 255
255 5 255
255 255 255
255 255 255
255 255 255
255 255 255
255 255 255
255 255 255
255 255 255
255 4 255
255 255 255
255 255 255
255 255 255
255 255 255
255 255 255
255 255 255
255 255 255
255 255 255
255 255 255
255 3 255
255 3 255
255 3 255
255 3 255
255 3 255
255 255 255
255 255 255
255 255 255
127 2 125
0 236 247
0 218 242
0 216 241
0 216 239
0 219 237
0 220 237
0 219 236
0 221 235
0 216 232
0 217 230
0 215 229
0 212 229
0 210 227
0 77 102
0 75 100
0 78 99
0 78 97
0 79 95
0 79 91
0 76 88
0 70 85
0 69 84
0 53 80
0 44 76
0 38 72
0 33 64
0 41 69
0 50 72
0 63 77
0 0 0
0 0 0
0 0 0
1 0 0
2 0 0
3 0 0
3 0 0
157 0 153
157 0 153
157 0 153
157 0 153
157 0 153
21 0 0
21 0 0
21 0 0
21 0 0
21 0 0
21 0 0
21 0 0
21 0 0
21 0 0
21 0 0
21 0 0
21 0 0
21 0 0
21 0 0
185 226 177
185 0 177
185 226 177
185 226 177
255 255 255
255 255 255
255 13 255
255 12 255
255 12 255
255 12 255
255 12 255
255 12 255
255 11 255
255 255 255
255 255 255
255 255 255
255 255 255
255 255 255
255 255 255
255 255 255
255 255 255
255 10 255
255 255 255
255 255 255
255 255 255
255 255 255
255 255 255
255 255 255
255 255 255
255 255 255
255 8 255
255 8 255
255 8 255
255 7 255
255 7 255
255 7 255
255 255 255
255 255 255
255 255 255
255 6 255
255 6 255
255 6 255
255 6 255
255 6 255
255 6 255
255 5 255
255 5 255
255 5 255
255 255 255
255 255 255
255 255 255
255 5 255
255 4 255
255 4 255
255 4 255
255 4 255
255 255 255
255 255 255
255 255 255
255 255 255
255 255 255
255 255 255
255 255 255
255 255 255
255 255 255
255 3 255
255 255 255
255 255 255
255 255 255
255 255 255
255 255 255
255 255 255
255 255 255
1 0 0
0 229 247
0 213 244
0 215 241
0 221 239
0 220 238
0 224 237
0 223 237
0 218 235
0 219 233
0 219 232
0 212 229
0 74 96
0 74 96
0 70 93
0 71 91
0 70 91
0 68 87
0 69 85
0 60 81
0 59 78
0 52 77
0 38 71
0 32 73
0 31 74
0 34 77
0 53 82
0 57 85
0 0 0
0 0 0
0 0 0
0 0 0
1 0 0
1 0 0
155 195 153
155 195 153
156 0 153
157 0 153
157 195 153
157 195 153
157 195 153
21 0 0
21 0 0
21 0 0
21 0 0
21 0 0
21 0 0
21 0 0
21 0 0
21 0 0
21 0 0
21 0 0
21 0 0
21 0 0
21 0 0
21 0 0
185 0 177
185 0 177
185 226 177
185 226 177
255 13 255
255 13 255
255 13 255
255 13 255
255 12 255
255 12 255
255 12 255
255 12 255
255 11 255
255 255 255
255 255 255
255 255 255
255 11 255
255 10 255
255 10 255
255 10 255
255 10 255
255 10 255
255 255 255
255 255 255
255 255 255
255 255 255
255 255 255
255 255 255
255 255 255
255 255 255
255 8 255
255 255 255
255 255 255
255 255 255
255 255 255
255 255 255
255 255 255
255 255 255
255 255 255
255 6 255
255 6 255
255 6 255
255 6 255
255 6 255
255 6 255
255 5 255
255 255 255
255 255 255
255 5 255
255 5 255
255 5 255
255 5 255
255 4 255
255 4 255
255 4 255
255 4 255
255 4 255
255 255 255
255 255 255
255 255 255
255 255 255
255 255 255
255 3 255
255 3 255
255 3 255
255 255 255
255 255 255
255 255 255
255 255 255
255 255 255
255 255 255
255 255 255
255 255 255
1 0 0
0 219 247
0 210 244
0 214 241
0 221 239
0 221 238
0 220 237
0 222 237
0 223 236
0 224 234
0 61 90
0 64 89
0 60 87
0 60 87
0 62 85
0 61 82
0 61 79
0 56 75
0 53 76
0 43 78
0 47 81
0 41 82
0 46 85
0 51 89
0 0 0
0 0 0
0 0 0
0 0 0
0 0 0
0 0 0
0 0 0
154 195 153
154 195 153
154 195 153
155 0 153
155 0 153
156 195 153
156 195 153
157 195 153
157 195 153
21 0 0
21 0 0
21 0 0
21 0 0
21 0 0
21 0 0
21 0 0
21 0 0
21 0 0
21 0 0
21 0 0
21 0 0
21 0 0
21 0 0
21 0 0
21 0 0
185 0 177
185 226 177
185 226 177
185 0 177
255 13 255
255 13 255
255 13 255
255 13 255
255 12 255
255 12 255
255 12 255
255 255 255
255 255 255
255 11 255
255 11 255
255 11 255
255 11 255
255 10 255
255 10 255
255 10 255
255 10 255
255 255 255
255 255 255
255 255 255
255 255 255
255 255 255
255 255 255
255 8 255
255 8 255
255 8 255
255 255 255
255 255 255
255 255 255
255 255 255
255 255 255
255 255 255
255 255 255
255 255 255
255 255 255
255 6 255
255 6 255
255 6 255
255 255 255
255 255 255
255 255 255
255 255 255
255 255 255
255 255 255
255 5 255
255 5 255
255 5 255
255 5 255
255 4 255
255 4 255
255 4 255
255 4 255
255 4 255
255 4 255
255 4 255
255 4 255
255 3 255
255 3 255
255 3 255
255 3 255
255 3 255
255 3 255
255 255 255
255 255 255
255 255 255
255 255 255
255 255 255
255 255 255
255 255 255
255 2 255
0 0 0
0 214 247
0 222 241
0 220 239
0 224 238
0 215 238
0 226 237
0 68 88
0 50 86
0 48 85
0 43 85
0 44 86
0 49 86
0 51 85
0 51 76
0 59 88
0 57 90
0 54 91
0 71 94
0 0 0
0 0 0
0 0 0
0 0 0
0 0 0
0 0 0
0 0 0
0 0 0
153 195 153
153 195 153
153 0 153
154 0 153
154 0 153
154 0 153
155 0 153
155 0 153
156 0 153
156 196 153
157 196 153
21 0 0
21 0 0
21 0 0
21 0 0
21 0 0
21 0 0
21 0 0
21 0 0
21 0 0
21 0 0
21 0 0
21 0 0
21 0 0
21 0 0
21 0 0
21 0 0
185 0 177
185 226 177
185 226 177
185 0 177
255 13 255
255 13 255
255 13 255
255 13 255
255 255 255
255 255 255
255 255 255
255 255 255
255 255 255
255 12 255
255 11 255
255 11 255
255 11 255
255 11 255
255 10 255
255 10 255
255 10 255
255 10 255
255 255 255
255 9 255
255 9 255
255 9 255
255 9 255
255 9 255
255 8 255
255 8 255
255 8 255
255 255 255
255 255 255
255 255 255
255 255 255
255 255 255
255 255 255
255 255 255
255 7 255
255 7 255
255 255 255
255 255 255
255 255 255
255 255 255
255 255 255
255 255 255
255 255 255
255 255 255
255 255 255
255 5 255
255 5 255
255 5 255
255 5 255
255 4 255
255 255 255
255 255 255
255 255 255
255 255 255
255 4 255
255 4 255
255 4 255
255 3 255
255 3 255
255 3 255
255 3 255
255 3 255
255 3 255
255 255 255
255 255 255
255 3 255
255 3 255
255 2 255
255 2 255
255 2 255
255 2 255
1 0 0
0 0 0
0 0 0
0 67 107
0 74 104
0 64 103
0 54 101
0 42 99
0 36 99
0 30 99
0 31 99
0 36 100
0 40 98
0 41 52
0 0 0
0 0 0
0 0 0
0 0 0
0 0 0
0 0 0
0 0 0
0 0 0
0 0 0
153 0 153
153 0 153
153 195 153
153 195 153
153 195 153
153 0 153
153 0 153
154 0 153
154 0 153
154 0 153
155 0 153
156 0 153
156 0 154
157 0 154
21 0 0
21 0 0
21 0 0
21 0 0
21 0 0
21 0 0
21 0 0
21 0 0
21 0 0
21 0 0
21 0 0
21 0 0
21 0 0
21 0 0
21 0 0
21 0 0
21 0 0
185 226 177
185 226 177
185 0 177
185 0 177
255 255 255
255 255 255
255 255 255
255 255 255
255 255 255
255 255 255
255 255 255
255 255 255
255 255 255
255 12 255
255 11 255
255 11 255
255 11 255
255 11 255
255 255 255
255 255 255
255 255 255
255 255 255
255 10 255
255 9 255
255 9 255
255 9 255
255 9 255
255 9 255
255 8 255
255 8 255
255 8 255
255 255 255
255 255 255
255 255 255
255 7 255
255 7 255
255 7 255
255 7 255
255 7 255
255 7 255
255 255 255
255 255 255
255 255 255
255 255 255
255 255 255
255 255 255
255 255 255
255 255 255
255 255 255
255 5 255
255 255 255
255 255 255
255 255 255
255 255 255
255 255 255
255 255 255
255 255 255
255 255 255
255 4 255
255 4 255
255 4 255
255 3 255
255 3 255
255 3 255
255 3 255
255 255 255
255 255 255
255 3 255
255 3 255
255 3 255
255 2 255
255 2 255
255 2 255
255 2 255
255 2 255
255 2 255
1 0 0
0 0 0
0 0 0
0 0 0
0 0 0
0 0 0
0 0 0
0 0 0
0 0 0
0 0 0
0 0 0
0 0 0
0 0 0
0 0 0
0 0 0
0 0 0
0 0 0
153 195 153
153 0 153
153 0 153
153 195 153
153 195 153
153 195 153
153 195 153
153 195 153
153 195 153
153 195 153
154 0 153
154 0 153
154 0 154
155 0 154
155 0 154
156 0 153
156 0 154
157 0 154
21 0 0
21 0 0
21 0 0
21 0 0
21 0 0
21 0 0
21 0 0
21 0 0
21 0 0
21 0 0
21 0 0
21 0 0
21 0 0
21 0 0
21 0 0
21 0 0
21 0 0
21 0 0
185 226 177
185 0 177
185 0 177
185 226 177
255 255 255
255 255 255
255 255 255
255 255 255
255 255 255
255 255 255
255 255 255
255 255 255
255 255 255
255 12 255
255 255 255
255 255 255
255 255 255
255 255 255
255 255 255
255 255 255
255 255 255
255 255 255
255 10 255
255 9 255
255 9 255
255 9 255
255 9 255
255 9 255
255 8 255
255 8 255
255 255 255
255 8 255
255 8 255
255 8 255
255 7 255
255 7 255
255 7 255
255 7 255
255 7 255
255 7 255
255 255 255
255 255 255
255 255 255
255 255 255
255 255 255
255 6 255
255 5 255
255 5 255
255 5 255
255 255 255
255 255 255
255 255 255
255 255 255
255 255 255
255 255 255
255 255 255
255 255 255
255 255 255
255 4 255
255 4 255
255 4 255
255 255 255
255 255 255
255 255 255
255 255 255
255 255 255
255 255 255
255 255 255
255 3 255
255 3 255
255 2 255
255 2 255
255 2 255
255 2 255
255 2 255
255 2 255
255 2 255
154 0 153
154 0 153
0 0 0
0 0 0
0 0 0
0 0 0
0 0 0
153 0 153
153 0 153
153 195 153
153 195 153
153 195 153
153 195 153
153 195 153
153 195 153
153 195 153
153 0 153
153 0 153
153 196 153
153 195 153
153 196 153
153 196 153
153 196 154
153 196 153
154 196 154
154 196 154
154 197 154
154 0 154
155 0 154
155 0 154
156 0 154
156 196 154
157 197 155
21 0 0
21 0 0
21 0 0
21 0 0
21 0 0
21 0 0
21 0 0
21 0 0
21 0 0
21 0 0
21 0 0
21 0 0
21 0 0
21 0 0
21 0 0
21 0 0
21 0 0
21 0 0
185 226 177
185 0 177
185 0 177
185 226 177
185 226 177
255 255 255
255 255 255
255 255 255
255 255 255
255 255 255
255 12 255
255 12 255
255 12 255
255 12 255
255 255 255
255 255 255
255 255 255
255 255 255
255 255 255
255 255 255
255 255 255
255 255 255
255 255 255
255 10 255
255 9 255
255 9 255
255 255 255
255 255 255
255 255 255
255 255 255
255 255 255
255 255 255
255 8 255
255 8 255
255 8 255
255 7 255
255 7 255
255 7 255
255 7 255
255 7 255
255 7 255
255 255 255
255 6 255
255 6 255
255 6 255
255 6 255
255 6 255
255 5 255
255 5 255
255 5 255
255 255 255
255 255 255
255 255 255
255 255 255
255 255 255
255 255 255
255 255 255
255 255 255
255 4 255
255 4 255
255 255 255
255 255 255
255 255 255
255 255 255
255 255 255
255 255 255
255 255 255
255 255 255
255 255 255
255 3 255
255 3 255
255 2 255
255 2 255
255 2 255
255 255 255
255 255 255
255 255 255
255 255 255
255 2 255
154 0 153
154 0 153
154 0 153
153 0 153
153 0 153
153 0 153
153 0 153
153 0 153
153 195 153
153 195 153
153 195 153
153 0 153
153 0 153
153 0 154
153 0 154
153 0 154
153 0 154
153 197 154
153 197 154
154 197 154
154 197 154
154 197 154
154 197 154
154 197 155
154 198 155
155 198 155
155 0 155
156 198 155
156 198 155
157 197 154
157 197 155
21 0 0
21 0 0
21 0 0
21 0 0
21 0 0
21 0 0
21 0 0
21 0 0
21 0 0
21 0 0
21 0 0
21 0 0
21 0 0
21 0 0
21 0 0
21 0 0
21 0 0
21 0 0
21 0 0
185 0 177
185 0 177
185 226 177
185 226 177
255 255 255
255 255 255
255 13 255
255 13 255
255 13 255
255 13 255
255 12 255
255 12 255
255 12 255
255 12 255
255 255 255
255 255 255
255 255 255
255 255 255
255 255 255
255 255 255
255 255 255
255 255 255
255 10 255
255 255 255
255 255 255
255 255 255
255 255 255
255 255 255
255 255 255
255 255 255
255 255 255
255 255 255
255 8 255
255 8 255
255 8 255
255 7 255
255 7 255
255 7 255
255 255 255
255 255 255
255 255 255
255 6 255
255 6 255
255 6 255
255 6 255
255 6 255
255 6 255
255 5 255
255 5 255
255 5 255
255 5 255
255 255 255
255 255 255
255 255 255
255 4 255
255 4 255
255 4 255
255 4 255
255 4 255
255 4 255
255 255 255
255 255 255
255 255 255
255 255 255
255 255 255
255 255 255
255 255 255
255 255 255
255 255 255
255 3 255
255 255 255
255 255 255
255 255 255
255 255 255
255 255 255
255 255 255
255 255 255
255 255 255
255 2 255
255 2 255
154 0 153
154 0 153
154 0 154
153 0 154
153 0 154
153 0 153
153 196 153
153 196 153
153 0 153
153 0 154
153 0 154
153 0 154
153 0 155
153 0 155
153 0 155
153 0 155
154 0 155
154 198 155
154 198 155
154 198 155
155 198 155
155 198 155
155 0 155
155 0 156
156 0 155
156 0 156
156 198 155
157 198 155
157 198 155
21 0 0
21 0 0
21 0 0
21 0 0
21 0 0
21 0 0
21 0 0
21 0 0
21 0 0
21 0 0
21 0 0
21 0 0
21 0 0
21 0 0
21 0 0
21 0 0
21 0 0
21 0 0
21 0 0
21 0 0
185 0 177
185 226 177
185 226 177
185 226 177
255 14 255
255 14 255
255 13 255
255 13 255
255 13 255
255 13 255
255 12 255
255 12 255
255 12 255
255 255 255
255 255 255
255 255 255
255 255 255
255 11 255
255 11 255
255 10 255
255 10 255
255 10 255
255 10 255
255 255 255
255 255 255
255 255 255
255 255 255
255 255 255
255 255 255
255 255 255
255 255 255
255 255 255
255 8 255
255 255 255
255 255 255
255 255 255
255 255 255
255 255 255
255 255 255
255 255 255
255 255 255
255 6 255
255 6 255
255 6 255
255 6 255
255 6 255
255 6 255
255 5 255
255 5 255
255 5 255
255 255 255
255 5 255
255 5 255
255 5 255
255 4 255
255 4 255
255 4 255
255 4 255
255 4 255
255 4 255
255 255 255
255 255 255
255 255 255
255 255 255
255 255 255
255 255 255
255 3 255
255 3 255
255 3 255
255 255 255
255 255 255
255 255 255
255 255 255
255 255 255
255 255 255
255 255 255
255 255 255
255 255 255
255 255 255
255 2 255
255 2 255
154 0 155
154 198 156
154 198 155
154 198 155
154 197 154
154 197 155
154 198 155
154 0 155
154 0 156
154 0 156
154 0 156
154 0 156
154 0 157
154 0 156
154 0 156
154 0 157
155 200 157
155 0 156
155 0 157
155 0 156
156 0 156
156 0 156
156 0 156
156 0 156
157 0 155
157 0 155
157 199 156
21 0 0
21 0 0
21 0 0
21 0 0
21 0 0
21 0 0
21 0 0
21 0 0
21 0 0
21 0 0
21 0 0
21 0 0
21 0 0
21 0 0
21 0 0
21 0 0
21 0 0
21 0 0
21 0 0
21 0 0
21 0 0
185 226 177
185 226 177
185 226 177
185 0 177
255 14 255
255 14 255
255 13 255
255 13 255
255 13 255
255 13 255
255 12 255
255 12 255
255 12 255
255 12 255
255 12 255
255 11 255
255 11 255
255 11 255
255 11 255
255 10 255
255 10 255
255 10 255
255 10 255
255 255 255
255 255 255
255 255 255
255 255 255
255 255 255
255 255 255
255 8 255
255 8 255
255 8 255
255 255 255
255 255 255
255 255 255
255 255 255
255 255 255
255 255 255
255 255 255
255 255 255
255 255 255
255 6 255
255 6 255
255 6 255
255 6 255
255 255 255
255 255 255
255 255 255
255 255 255
255 255 255
255 255 255
255 5 255
255 5 255
255 5 255
255 4 255
255 4 255
255 4 255
255 4 255
255 4 255
255 4 255
255 255 255
255 255 255
255 3 255
255 3 255
255 3 255
255 3 255
255 3 255
255 3 255
255 3 255
255 3 255
255 255 255
255 255 255
255 255 255
255 255 255
255 255 255
255 255 255
255 255 255
255 255 255
255 2 255
255 255 255
255 255 255
255 255 255
255 255 255
154 200 157
154 200 157
154 199 156
154 199 156
154 200 156
154 0 157
154 0 157
154 0 157
154 0 158
154 0 157
155 0 157
155 200 157
155 201 158
155 201 157
155 201 157
156 0 157
156 0 156
156 0 157
156 0 156
157 0 157
157 0 156
157 0 156
157 0 156
157 0 156
21 0 0
21 0 0
21 0 0
21 0 0
21 0 0
21 0 0
21 0 0
21 0 0
21 0 0
21 0 0
21 0 0
21 0 0
21 0 0
21 0 0
21 0 0
21 0 0
21 0 0
21 0 0
21 0 0
21 0 0
21 0 0
185 226 177
185 226 177
185 226 177
185 0 177
255 14 255
255 14 255
255 14 255
255 13 255
255 13 255
255 255 255
255 255 255
255 255 255
255 255 255
255 255 255
255 12 255
255 12 255
255 11 255
255 11 255
255 11 255
255 11 255
255 10 255
255 10 255
255 10 255
255 255 255
255 255 255
255 255 255
255 9 255
255 9 255
255 9 255
255 9 255
255 8 255
255 8 255
255 8 255
255 255 255
255 255 255
255 255 255
255 255 255
255 255 255
255 255 255
255 255 255
255 255 255
255 255 255
255 255 255
255 255 255
255 255 255
255 255 255
255 255 255
255 255 255
255 255 255
255 255 255
255 255 255
255 255 255
255 5 255
255 5 255
255 5 255
255 4 255
255 4 255
255 4 255
255 4 255
255 255 255
255 255 255
255 4 255
255 3 255
255 3 255
255 3 255
255 3 255
255 3 255
255 3 255
255 3 255
255 3 255
255 3 255
255 255 255
255 255 255
255 255 255
255 255 255
255 2 255
255 2 255
255 2 255
255 2 255
255 2 255
255 255 255
255 255 255
255 255 255
255 255 255
255 255 255
255 255 255
155 200 157
155 201 157
155 201 158
155 201 158
155 0 158
155 0 158
155 202 158
155 201 158
156 201 157
156 201 158
156 201 157
156 200 157
156 200 157
156 0 157
157 0 157
157 0 157
157 0 156
157 0 156
157 0 157
157 0 156
158 0 156
21 0 0
21 0 0
21 0 0
21 0 0
21 0 0
21 0 0
21 0 0
21 0 0
21 0 0
21 0 0
21 0 0
21 0 0
21 0 0
21 0 0
21 0 0
21 0 0
21 0 0
21 0 0
21 0 0
21 0 0
21 0 0
21 0 0
185 226 177
185 226 177
185 0 177
185 0 177
255 14 255
255 255 255
255 255 255
255 255 255
255 255 255
255 255 255
255 255 255
255 255 255
255 255 255
255 255 255
255 12 255
255 12 255
255 11 255
255 11 255
255 11 255
255 11 255
255 10 255
255 255 255
255 255 255
255 10 255
255 10 255
255 9 255
255 9 255
255 9 255
255 9 255
255 9 255
255 8 255
255 8 255
255 8 255
255 255 255
255 255 255
255 255 255
255 255 255
255 255 255
255 7 255
255 7 255
255 7 255
255 6 255
255 255 255
255 255 255
255 255 255
255 255 255
255 255 255
255 255 255
255 255 255
255 255 255
255 255 255
255 255 255
255 5 255
255 5 255
255 4 255
255 255 255
255 255 255
255 255 255
255 255 255
255 255 255
255 255 255
255 255 255
255 3 255
255 3 255
255 3 255
255 3 255
255 3 255
255 3 255
255 3 255
255 3 255
255 3 255
255 3 255
255 2 255
255 2 255
255 2 255
255 2 255
255 2 255
255 2 255
255 2 255
255 2 255
255 2 255
255 255 255
255 255 255
255 255 255
255 255 255
255 255 255
255 255 255
255 255 255
255 1 255
156 0 158
156 202 158
156 202 158
156 202 158
156 202 158
156 202 158
157 200 157
157 200 157
157 200 157
157 200 156
157 201 157
157 0 157
157 0 157
157 0 158
158 0 157
158 200 157
158 199 156
21 0 0
21 0 0
21 0 0
21 0 0
21 0 0
21 0 0
21 0 0
21 0 0
21 0 0
21 0 0
21 0 0
21 0 0
21 0 0
21 0 0
21 0 0
21 0 0
21 0 0
21 0 0
21 0 0
21 0 0
21 0 0
21 0 0
21 0 0
185 226 177
185 0 177
185 0 177
185 226 177
255 255 255
255 255 255
255 255 255
255 255 255
255 255 255
255 255 255
255 255 255
255 255 255
255 255 255
255 255 255
255 12 255
255 12 255
255 11 255
255 255 255
255 255 255
255 255 255
255 255 255
255 255 255
255 255 255
255 10 255
255 10 255
255 9 255
255 9 255
255 9 255
255 9 255
255 9 255
255 8 255
255 8 255
255 8 255
255 255 255
255 8 255
255 7 255
255 7 255
255 7 255
255 7 255
255 7 255
255 7 255
255 6 255
255 6 255
255 255 255
255 255 255
255 255 255
255 255 255
255 255 255
255 255 255
255 255 255
255 255 255
255 5 255
255 255 255
255 255 255
255 255 255
255 255 255
255 255 255
255 255 255
255 255 255
255 255 255
255 255 255
255 255 255
255 3 255
255 3 255
255 3 255
255 3 255
255 3 255
255 255 255
255 255 255
255 255 255
255 255 255
255 255 255
255 2 255
255 2 255
255 2 255
255 2 255
255 2 255
255 2 255
255 2 255
255 2 255
255 2 255
255 255 255
255 255 255
255 255 255
255 1 255
255 1 255
255 1 255
255 1 255
255 1 255
255 1 255
255 1 255
255 255 255
255 255 255
157 202 158
157 201 157
157 201 157
157 201 157
157 201 158
157 202 158
157 201 158
157 201 158
158 200 157
158 200 157
255 255 255
255 255 255
21 0 0
21 0 0
21 0 0
21 0 0
21 0 0
21 0 0
21 0 0
21 0 0
21 0 0
21 0 0
21 0 0
21 0 0
21 0 0
21 0 0
21 0 0
21 0 0
21 0 0
21 0 0
21 0 0
21 0 0
21 0 0
21 0 0
21 0 0
185 226 177
185 0 177
185 0 177
185 226 177
185 226 177
255 255 255
255 255 255
255 255 255
255 255 255
255 255 255
255 255 255
255 255 255
255 255 255
255 255 255
255 255 255
255 255 255
255 255 255
255 255 255
255 255 255
255 255 255
255 255 255
255 255 255
255 255 255
255 255 255
255 10 255
255 10 255
255 9 255
255 9 255
255 9 255
255 9 255
255 9 255
255 255 255
255 255 255
255 255 255
255 8 255
255 8 255
255 7 255
255 7 255
255 7 255
255 7 255
255 7 255
255 7 255
255 6 255
255 6 255
255 255 255
255 255 255
255 255 255
255 255 255
255 5 255
255 5 255
255 5 255
255 5 255
255 5 255
255 255 255
255 255 255
255 255 255
255 255 255
255 255 255
255 255 255
255 255 255
255 255 255
255 255 255
255 255 255
255 3 255
255 3 255
255 255 255
255 255 255
255 255 255
255 255 255
255 255 255
255 255 255
255 255 255
255 255 255
255 2 255
255 2 255
255 2 255
255 2 255
255 2 255
255 2 255
255 2 255
255 2 255
255 255 255
255 255 255
255 2 255
255 1 255
255 1 255
255 1 255
255 1 255
255 1 255
255 1 255
255 1 255
255 1 255
255 255 255
255 255 255
255 255 255
255 255 255
255 255 255
255 255 255
255 1 255
255 1 255
255 1 255
255 1 255
255 255 255
255 255 255
255 255 255
21 0 0
21 0 0
21 0 0
21 0 0
21 0 0
21 0 0
21 0 0
21 0 0
21 0 0
21 0 0
21 0 0
21 0 0
21 0 0
21 0 0
21 0 0
21 0 0
21 0 0
21 0 0
21 0 0
21 0 0
21 0 0
21 0 0
21 0 0
21 0 0
185 0 177
185 0 177
185 0 177
185 226 177
255 255 255
255 255 255
255 255 255
255 255 255
255 255 255
255 255 255
255 13 255
255 13 255
255 12 255
255 12 255
255 255 255
255 255 255
255 255 255
255 255 255
255 255 255
255 255 255
255 255 255
255 255 255
255 255 255
255 255 255
255 10 255
255 10 255
255 9 255
255 255 255
255 255 255
255 255 255
255 255 255
255 255 255
255 255 255
255 255 255
255 8 255
255 8 255
255 7 255
255 7 255
255 7 255
255 7 255
255 7 255
255 7 255
255 6 255
255 6 255
255 6 255
255 6 255
255 6 255
255 6 255
255 5 255
255 5 255
255 5 255
255 5 255
255 5 255
255 255 255
255 255 255
255 255 255
255 255 255
255 255 255
255 255 255
255 255 255
255 255 255
255 4 255
255 4 255
255 255 255
255 255 255
255 255 255
255 255 255
255 255 255
255 255 255
255 255 255
255 255 255
255 255 255
255 255 255
255 2 255
255 2 255
255 2 255
255 2 255
255 2 255
255 255 255
255 255 255
255 255 255
255 255 255
255 255 255
255 2 255
255 1 255
255 1 255
255 1 255
255 1 255
255 1 255
255 1 255
255 1 255
255 1 255
255 1 255
255 255 255
255 255 255
255 1 255
255 1 255
255 1 255
255 1 255
255 1 255
255 1 255
255 1 255
255 0 255
255 255 255
21 0 0
21 0 0
21 0 0
21 0 0
21 0 0
21 0 0
21 0 0
21 0 0
21 0 0
21 0 0
21 0 0
21 0 0
21 0 0
21 0 0
21 0 0
21 0 0
21 0 0
21 0 0
21 0 0
21 0 0
21 0 0
21 0 0
21 0 0
21 0 0
21 0 0
185 0 177
185 0 177
185 226 177
185 226 177
255 255 255
255 14 255
255 14 255
255 14 255
255 13 255
255 13 255
255 13 255
255 13 255
255 12 255
255 12 255
255 255 255
255 255 255
255 255 255
255 255 255
255 255 255
255 255 255
255 255 255
255 255 255
255 10 255
255 10 255
255 255 255
255 255 255
255 255 255
255 255 255
255 255 255
255 255 255
255 255 255
255 255 255
255 255 255
255 255 255
255 8 255
255 8 255
255 7 255
255 7 255
255 7 255
255 7 255
255 255 255
255 255 255
255 255 255
255 255 255
255 6 255
255 6 255
255 6 255
255 6 255
255 5 255
255 5 255
255 5 255
255 5 255
255 5 255
255 5 255
255 255 255
255 255 255
255 255 255
255 4 255
255 4 255
255 4 255
255 4 255
255 4 255
255 4 255
255 255 255
255 255 255
255 255 255
255 255 255
255 255 255
255 255 255
255 255 255
255 255 255
255 255 255
255 255 255
255 2 255
255 255 255
255 255 255
255 255 255
255 255 255
255 255 255
255 255 255
255 255 255
255 255 255
255 255 255
255 2 255
255 1 255
255 1 255
255 1 255
255 1 255
255 1 255
255 1 255
255 1 255
255 255 255
255 255 255
255 1 255
255 1 255
255 1 255
255 1 255
255 1 255
255 1 255
255 1 255
255 1 255
255 0 255
255 0 255
21 0 0
21 0 0
21 0 0
21 0 0
21 0 0
21 0 0
21 0 0
21 0 0
21 0 0
21 0 0
21 0 0
21 0 0
21 0 0
21 0 0
21 0 0
21 0 0
21 0 0
21 0 0
21 0 0
21 0 0
21 0 0
21 0 0
21 0 0
21 0 0
21 0 0
185 0 177
185 0 177
185 226 177
185 226 177
185 0 177
255 14 255
255 14 255
255 14 255
255 14 255
255 13 255
255 13 255
255 13 255
255 13 255
255 12 255
255 12 255
255 255 255
255 255 255
255 255 255
255 255 255
255 11 255
255 11 255
255 11 255
255 10 255
255 10 255
255 10 255
255 255 255
255 255 255
255 255 255
255 255 255
255 255 255
255 255 255
255 255 255
255 255 255
255 255 255
255 255 255
255 8 255
255 8 255
255 255 255
255 255 255
255 255 255
255 255 255
255 255 255
255 255 255
255 255 255
255 255 255
255 6 255
255 6 255
255 6 255
255 6 255
255 5 255
255 5 255
255 5 255
255 5 255
255 5 255
255 255 255
255 5 255
255 4 255
255 4 255
255 4 255
255 4 255
255 4 255
255 4 255
255 4 255
255 3 255
255 3 255
255 255 255
255 255 255
255 255 255
255 255 255
255 255 255
255 255 255
255 3 255
255 3 255
255 2 255
255 2 255
255 255 255
255 255 255
255 255 255
255 255 255
255 255 255
255 255 255
255 255 255
255 255 255
255 255 255
255 255 255
255 1 255
255 1 255
255 1 255
255 255 255
255 255 255
255 255 255
255 255 255
255 255 255
255 255 255
255 255 255
255 1 255
255 1 255
255 1 255
255 1 255
255 1 255
255 1 255
255 1 255
255 0 255
21 0 0
21 0 0
21 0 0
21 0 0
21 0 0
21 0 0
21 0 0
21 0 0
21 0 0
21 0 0
21 0 0
21 0 0
21 0 0
21 0 0
21 0 0
21 0 0
21 0 0
21 0 0
21 0 0
21 0 0
21 0 0
21 0 0
21 0 0
21 0 0
21 0 0
21 0 0
185 0 177
185 226 177
185 226 177
185 0 177
255 15 255
255 14 255
255 14 255
255 14 255
255 14 255
255 13 255
255 13 255
255 13 255
255 13 255
255 12 255
255 12 255
255 12 255
255 12 255
255 12 255
255 11 255
255 11 255
255 11 255
255 11 255
255 10 255
255 10 255
255 10 255
255 255 255
255 255 255
255 255 255
255 255 255
255 255 255
255 255 255
255 255 255
255 255 255
255 8 255
255 8 255
255 255 255
255 255 255
255 255 255
255 255 255
255 255 255
255 255 255
255 255 255
255 255 255
255 255 255
255 255 255
255 6 255
255 6 255
255 6 255
255 6 255
255 5 255
255 255 255
255 255 255
255 255 255
255 255 255
255 255 255
255 5 255
255 4 255
255 4 255
255 4 255
255 4 255
255 4 255
255 4 255
255 4 255
255 3 255
255 3 255
255 255 255
255 255 255
255 3 255
255 3 255
255 3 255
255 3 255
255 3 255
255 3 255
255 2 255
255 2 255
255 255 255
255 255 255
255 255 255
255 255 255
255 255 255
255 255 255
255 255 255
255 255 255
255 255 255
255 255 255
255 255 255
255 255 255
255 255 255
255 255 255
255 255 255
255 255 255
255 255 255
255 255 255
255 255 255
255 255 255
255 1 255
255 1 255
255 1 255
255 1 255
255 1 255
255 1 255
255 1 255
21 0 0
21 0 0
21 0 0
21 0 0
21 0 0
21 0 0
21 0 0
21 0 0
21 0 0
21 0 0
21 0 0
21 0 0
21 0 0
21 0 0
21 0 0
21 0 0
21 0 0
21 0 0
21 0 0
21 0 0
21 0 0
21 0 0
21 0 0
21 0 0
21 0 0
21 0 0
21 0 0
185 226 177
185 226 177
185 0 177
185 0 177
255 15 255
255 14 255
255 14 255
255 14 255
255 14 255
255 13 255
255 13 255
255 255 255
255 255 255
255 255 255
255 12 255
255 12 255
255 12 255
255 12 255
255 11 255
255 11 255
255 11 255
255 11 255
255 10 255
255 10 255
255 255 255
255 255 255
255 255 255
255 255 255
255 255 255
255 9 255
255 9 255
255 9 255
255 8 255
255 8 255
255 8 255
255 255 255
255 255 255
255 255 255
255 255 255
255 255 255
255 255 255
255 255 255
255 255 255
255 255 255
255 255 255
255 6 255
255 255 255
255 255 255
255 255 255
255 255 255
255 255 255
255 255 255
255 255 255
255 255 255
255 255 255
255 4 255
255 4 255
255 4 255
255 4 255
255 4 255
255 4 255
255 4 255
255 4 255
255 3 255
255 255 255
255 3 255
255 3 255
255 3 255
255 3 255
255 3 255
255 3 255
255 3 255
255 2 255
255 2 255
255 2 255
255 255 255
255 255 255
255 255 255
255 255 255
255 255 255
255 255 255
255 2 255
255 2 255
255 2 255
255 1 255
255 255 255
255 255 255
255 255 255
255 255 255
255 255 255
255 255 255
255 255 255
255 255 255
255 255 255
255 255 255
255 255 255
255 1 255
255 1 255
255 1 255
82 0 82
82 0 82
21 0 0
21 0 0
21 0 0
21 0 0
21 0 0
21 0 0
21 0 0
21 0 0
21 0 0
21 0 0
21 0 0
21 0 0
21 0 0
21 0 0
21 0 0
21 0 0
21 0 0
21 0 0
21 0 0
21 0 0
21 0 0
21 0 0
21 0 0
21 0 0
21 0 0
21 0 0
21 0 0
185 226 177
185 226 177
185 226 177
185 0 177
185 0 177
255 15 255
255 14 255
255 14 255
255 255 255
255 255 255
255 255 255
255 255 255
255 255 255
255 255 255
255 255 255
255 12 255
255 12 255
255 12 255
255 11 255
255 11 255
255 11 255
255 11 255
255 11 255
255 10 255
255 10 255
255 10 255
255 10 255
255 10 255
255 9 255
255 9 255
255 9 255
255 9 255
255 8 255
255 8 255
255 8 255
255 8 255
255 255 255
255 255 255
255 255 255
255 255 255
255 255 255
255 255 255
255 255 255
255 6 255
255 6 255
255 6 255
255 255 255
255 255 255
255 255 255
255 255 255
255 255 255
255 255 255
255 255 255
255 255 255
255 255 255
255 255 255
255 4 255
255 4 255
255 4 255
255 4 255
255 4 255
255 255 255
255 255 255
255 255 255
255 255 255
255 255 255
255 3 255
255 3 255
255 3 255
255 3 255
255 3 255
255 3 255
255 3 255
255 2 255
255 2 255
255 2 255
255 2 255
255 255 255
255 255 255
255 2 255
255 2 255
255 2 255
255 2 255
255 2 255
255 2 255
255 1 255
255 1 255
255 255 255
255 255 255
255 255 255
255 255 255
255 255 255
255 255 255
255 255 255
255 255 255
255 255 255
82 105 82
82 0 82
82 0 82
82 0 82
82 0 82
21 0 0
21 0 0
21 0 0
21 0 0
21 0 0
21 0 0
21 0 0
21 0 0
21 0 0
21 0 0
21 0 0
21 0 0
21 0 0
21 0 0
21 0 0
21 0 0
21 0 0
21 0 0
21 0 0
21 0 0
21 0 0
21 0 0
21 0 0
21 0 0
21 0 0
21 0 0
21 0 0
21 0 0
185 226 177
185 226 177
185 0 177
185 0 177
185 226 177
255 255 255
255 255 255
255 255 255
255 255 255
255 255 255
255 255 255
255 255 255
255 255 255
255 255 255
255 255 255
255 12 255
255 12 255
255 12 255
255 11 255
255 11 255
255 11 255
255 255 255
255 255 255
255 255 255
255 255 255
255 10 255
255 10 255
255 9 255
255 9 255
255 9 255
255 9 255
255 9 255
255 8 255
255 8 255
255 8 255
255 8 255
255 255 255
255 255 255
255 255 255
255 7 255
255 7 255
255 7 255
255 7 255
255 6 255
255 6 255
255 6 255
255 255 255
255 255 255
255 255 255
255 255 255
255 255 255
255 255 255
255 255 255
255 255 255
255 255 255
255 255 255
255 4 255
255 255 255
255 255 255
255 255 255
255 255 255
255 255 255
255 255 255
255 255 255
255 255 255
255 255 255
255 255 255
255 3 255
255 3 255
255 3 255
255 3 255
255 3 255
255 3 255
255 2 255
255 2 255
255 255 255
255 255 255
255 2 255
255 2 255
255 2 255
255 2 255
255 2 255
255 2 255
255 2 255
255 2 255
255 1 255
255 1 255
255 255 255
255 255 255
255 255 255
255 255 255
255 255 255
255 255 255
82 105 82
82 105 82
82 105 82
82 0 82
82 0 82
82 0 82
82 0 82
21 0 0
21 0 0
21 0 0
21 0 0
21 0 0
21 0 0
21 0 0
21 0 0
21 0 0
21 0 0
21 0 0
21 0 0
21 0 0
21 0 0
21 0 0
21 0 0
21 0 0
21 0 0
21 0 0
21 0 0
21 0 0
21 0 0
21 0 0
21 0 0
21 0 0
21 0 0
21 0 0
21 0 0
21 0 0
185 226 177
185 0 177
185 0 177
185 0 177
255 255 255
255 255 255
255 255 255
255 255 255
255 255 255
255 255 255
255 255 255
255 255 255
255 255 255
255 255 255
255 255 255
255 12 255
255 12 255
255 255 255
255 255 255
255 255 255
255 255 255
255 255 255
255 255 255
255 255 255
255 255 255
255 10 255
255 10 255
255 9 255
255 9 255
255 9 255
255 9 255
255 9 255
255 8 255
255 8 255
255 8 255
255 255 255
255 8 255
255 7 255
255 7 255
255 7 255
255 7 255
255 7 255
255 7 255
255 6 255
255 6 255
255 6 255
255 255 255
255 255 255
255 255 255
255 255 255
255 255 255
255 255 255
255 255 255
255 5 255
255 5 255
255 5 255
255 255 255
255 255 255
255 255 255
255 255 255
255 255 255
255 255 255
255 255 255
255 255 255
255 255 255
255 255 255
255 255 255
255 3 255
255 3 255
255 3 255
255 3 255
255 255 255
255 255 255
255 255 255
255 255 255
255 255 255
255 255 255
255 2 255
255 2 255
255 2 255
255 2 255
255 2 255
255 2 255
255 2 255
255 2 255
255 1 255
255 1 255
255 255 255
255 255 255
82 105 82
82 105 82
82 105 82
82 105 82
82 105 82
82 0 82
82 0 82
82 0 82
82 0 82
82 0 82
21 0 0
21 0 0
21 0 0
21 0 0
21 0 0
21 0 0
21 0 0
21 0 0
21 0 0
21 0 0
21 0 0
21 0 0
21 0 0
21 0 0
21 0 0
21 0 0
21 0 0
21 0 0
21 0 0
21 0 0
21 0 0
21 0 0
21 0 0
21 0 0
21 0 0
21 0 0
21 0 0
21 0 0
21 0 0
185 226 177
185 0 177
185 0 177
185 0 177
185 226 177
255 255 255
255 255 255
255 255 255
255 255 255
255 255 255
255 255 255
255 255 255
255 255 255
255 255 255
255 13 255
255 12 255
255 255 255
255 255 255
255 255 255
255 255 255
255 255 255
255 255 255
255 255 255
255 255 255
255 255 255
255 255 255
255 10 255
255 10 255
255 9 255
255 9 255
255 9 255
255 9 255
255 9 255
255 255 255
255 255 255
255 255 255
255 8 255
255 8 255
255 7 255
255 7 255
255 7 255
255 7 255
255 7 255
255 7 255
255 6 255
255 6 255
255 6 255
255 255 255
255 255 255
255 255 255
255 255 255
255 5 255
255 5 255
255 5 255
255 5 255
255 5 255
255 5 255
255 255 255
255 255 255
255 255 255
255 255 255
255 255 255
255 255 255
255 255 255
255 255 255
255 255 255
255 255 255
255 255 255
255 3 255
255 255 255
255 255 255
255 255 255
255 255 255
255 255 255
255 255 255
255 255 255
255 255 255
255 255 255
255 2 255
255 2 255
255 2 255
255 2 255
255 2 255
255 2 255
255 2 255
255 2 255
255 1 255
82 0 82
82 105 82
82 105 82
82 105 82
82 105 82
82 105 82
82 105 82
82 0 82
82 0 82
82 0 82
82 0 82
82 0 82
21 0 0
21 0 0
21 0 0
21 0 0
21 0 0
21 0 0
21 0 0
21 0 0
21 0 0
21 0 0
21 0 0
21 0 0
21 0 0
21 0 0
21 0 0
21 0 0
21 0 0
21 0 0
21 0 0
21 0 0
21 0 0
21 0 0
21 0 0
21 0 0
21 0 0
21 0 0
21 0 0
21 0 0
21 0 0
21 0 0
185 0 177
185 0 177
185 0 177
185 226 177
185 226 177
255 255 255
255 255 255
255 255 255
255 255 255
255 255 255
255 14 255
255 13 255
255 13 255
255 13 255
255 13 255
255 255 255
255 255 255
255 255 255
255 255 255
255 255 255
255 255 255
255 255 255
255 255 255
255 255 255
255 255 255
255 255 255
255 10 255
255 10 255
255 9 255
255 255 255
255 255 255
255 255 255
255 255 255
255 255 255
255 255 255
255 255 255
255 8 255
255 8 255
255 7 255
255 7 255
255 7 255
255 7 255
255 7 255
255 7 255
255 6 255
255 6 255
255 6 255
255 6 255
255 6 255
255 6 255
255 5 255
255 5 255
255 5 255
255 5 255
255 5 255
255 5 255
255 5 255
255 4 255
255 255 255
255 255 255
255 255 255
255 255 255
255 255 255
255 255 255
255 255 255
255 3 255
255 3 255
255 3 255
255 255 255
255 255 255
255 255 255
255 255 255
255 255 255
255 255 255
255 255 255
255 255 255
255 255 255
255 255 255
255 255 255
255 2 255
255 2 255
255 2 255
255 2 255
82 0 82
82 0 82
82 0 82
82 0 82
82 105 82
82 105 82
82 105 82
82 105 82
82 105 82
82 105 82
82 0 82
82 0 82
82 0 82
82 0 82
82 0 82
21 0 0
21 0 0
21 0 0
21 0 0
21 0 0
21 0 0
21 0 0
21 0 0
21 0 0
21 0 0
21 0 0
21 0 0
21 0 0
21 0 0
21 0 0
21 0 0
21 0 0
21 0 0
21 0 0
21 0 0
21 0 0
21 0 0
21 0 0
21 0 0
21 0 0
21 0 0
21 0 0
21 0 0
21 0 0
21 0 0
21 0 0
185 0 177
185 0 177
185 226 177
185 226 177
255 255 255
255 255 255
255 15 255
255 14 255
255 14 255
255 14 255
255 14 255
255 13 255
255 13 255
255 13 255
255 13 255
255 255 255
255 255 255
255 255 255
255 255 255
255 255 255
255 255 255
255 255 255
255 255 255
255 255 255
255 255 255
255 10 255
255 255 255
255 255 255
255 255 255
255 255 255
255 255 255
255 255 255
255 255 255
255 255 255
255 255 255
255 255 255
255 8 255
255 8 255
255 7 255
255 7 255
255 7 255
255 7 255
255 7 255
255 255 255
255 255 255
255 255 255
255 255 255
255 6 255
255 6 255
255 6 255
255 5 255
255 5 255
255 5 255
255 5 255
255 5 255
255 5 255
255 4 255
255 4 255
255 255 255
255 255 255
255 255 255
255 255 255
255 4 255
255 4 255
255 3 255
255 3 255
255 3 255
255 3 255
255 255 255
255 255 255
255 255 255
255 255 255
255 255 255
255 255 255
255 255 255
255 255 255
255 255 255
255 255 255
255 255 255
255 2 255
82 0 82
82 0 82
82 0 82
82 0 82
82 0 82
82 0 82
82 105 82
82 105 82
82 105 82
82 105 82
82 105 82
82 105 82
82 0 82
82 0 82
82 0 82
82 0 82
82 0 82
21 0 0
21 0 0
21 0 0
21 0 0
21 0 0
21 0 0
21 0 0
21 0 0
21 0 0
21 0 0
21 0 0
21 0 0
21 0 0
21 0 0
21 0 0
21 0 0
21 0 0
21 0 0
21 0 0
21 0 0
21 0 0
21 0 0
21 0 0
21 0 0
21 0 0
21 0 0
21 0 0
21 0 0
21 0 0
21 0 0
21 0 0
185 0 177
185 0 177
185 226 177
185 226 177
185 226 177
255 15 255
255 15 255
255 15 255
255 14 255
255 14 255
255 14 255
255 14 255
255 13 255
255 13 255
255 13 255
255 13 255
255 255 255
255 255 255
255 255 255
255 255 255
255 255 255
255 255 255
255 11 255
255 11 255
255 10 255
255 10 255
255 10 255
255 255 255
255 255 255
255 255 255
255 255 255
255 255 255
255 255 255
255 255 255
255 255 255
255 255 255
255 255 255
255 8 255
255 8 255
255 7 255
255 255 255
255 255 255
255 255 255
255 255 255
255 255 255
255 255 255
255 255 255
255 255 255
255 6 255
255 6 255
255 5 255
255 5 255
255 5 255
255 5 255
255 5 255
255 5 255
255 5 255
255 4 255
255 4 255
255 4 255
255 4 255
255 4 255
255 4 255
255 4 255
255 4 255
255 3 255
255 3 255
255 3 255
255 3 255
255 3 255
255 255 255
255 255 255
255 255 255
255 255 255
255 255 255
255 255 255
255 255 255
255 255 255
82 105 82
82 0 82
82 0 82
82 0 82
82 0 82
82 0 82
82 0 82
82 0 82
82 105 82
82 105 82
82 105 82
82 105 82
82 105 82
82 105 82
82 0 82
82 0 82
82 0 82
21 0 0
21 0 0
21 0 0
21 0 0
21 0 0
21 0 0
21 0 0
21 0 0
21 0 0
21 0 0
21 0 0
21 0 0
21 0 0
21 0 0
21 0 0
21 0 0
21 0 0
21 0 0
21 0 0
21 0 0
21 0 0
21 0 0
21 0 0
21 0 0
21 0 0
21 0 0
21 0 0
21 0 0
21 0 0
21 0 0
21 0 0
21 0 0
21 0 0
21 0 0
185 0 177
185 226 177
185 226 177
185 226 177
185 0 177
255 15 255
255 15 255
255 15 255
255 14 255
255 14 255
255 14 255
255 13 255
255 13 255
255 13 255
255 13 255
255 12 255
255 255 255
255 255 255
255 12 255
255 12 255
255 11 255
255 11 255
255 11 255
255 11 255
255 10 255
255 10 255
255 10 255
255 255 255
255 255 255
255 255 255
255 255 255
255 255 255
255 255 255
255 255 255
255 255 255
255 255 255
255 255 255
255 255 255
255 255 255
255 255 255
255 255 255
255 255 255
255 255 255
255 255 255
255 255 255
255 255 255
255 255 255
255 255 255
255 6 255
255 6 255
255 5 255
255 5 255
255 5 255
255 5 255
255 5 255
255 255 255
255 255 255
255 255 255
255 255 255
255 4 255
255 4 255
255 4 255
255 4 255
255 4 255
255 4 255
255 3 255
255 3 255
255 3 255
255 3 255
255 3 255
255 255 255
255 255 255
255 255 255
255 255 255
82 105 82
82 105 82
82 105 82
82 105 82
82 0 82
82 0 82
82 0 82
82 0 82
82 0 82
82 0 82
82 0 82
82 105 82
82 105 82
82 105 82
82 105 82
82 105 82
82 105 82
21 0 0
21 0 0
21 0 0
21 0 0
21 0 0
21 0 0
21 0 0
21 0 0
21 0 0
21 0 0
21 0 0
21 0 0
21 0 0
21 0 0
21 0 0
21 0 0
21 0 0
21 0 0
21 0 0
21 0 0
21 0 0
21 0 0
21 0 0
21 0 0
21 0 0
21 0 0
21 0 0
21 0 0
21 0 0
21 0 0
21 0 0
21 0 0
21 0 0
21 0 0
21 0 0
21 0 0
21 0 0
21 0 0
185 226 177
185 226 177
185 226 177
185 0 177
185 0 177
255 15 255
255 15 255
255 14 255
255 14 255
255 14 255
255 14 255
255 13 255
255 13 255
255 13 255
255 255 255
255 255 255
255 12 255
255 12 255
255 12 255
255 12 255
255 11 255
255 11 255
255 11 255
255 11 255
255 10 255
255 10 255
255 255 255
255 255 255
255 255 255
255 255 255
255 255 255
255 255 255
255 255 255
255 8 255
255 8 255
255 8 255
255 8 255
255 255 255
255 255 255
255 255 255
255 255 255
255 255 255
255 255 255
255 255 255
255 255 255
255 255 255
255 255 255
255 255 255
255 6 255
255 6 255
255 5 255
255 5 255
255 255 255
255 255 255
255 255 255
255 255 255
255 255 255
255 255 255
255 255 255
255 4 255
255 4 255
255 4 255
255 4 255
255 4 255
255 3 255
255 3 255
255 3 255
255 3 255
255 3 255
255 3 255
255 255 255
82 105 82
82 105 82
82 105 82
82 105 82
82 105 82
82 105 82
82 0 82
82 0 82
82 0 82
82 0 82
82 0 82
82 0 82
82 0 82
82 105 82
82 105 82
82 105 82
82 105 82
0 0 0
0 0 0
21 0 0
21 0 0
21 0 0
21 0 0
21 0 0
21 0 0
21 0 0
21 0 0
21 0 0
21 0 0
21 0 0
21 0 0
21 0 0
21 0 0
21 0 0
21 0 0
21 0 0
21 0 0
21 0 0
21 0 0
21 0 0
21 0 0
21 0 0
21 0 0
21 0 0
21 0 0
21 0 0
21 0 0
21 0 0
21 0 0
21 0 0
21 0 0
21 0 0
21 0 0
21 0 0
21 0 0
21 0 0
21 0 0
185 226 177
185 226 177
185 226 177
185 0 177
185 0 177
255 15 255
255 15 255
255 15 255
255 14 255
255 14 255
255 14 255
255 255 255
255 255 255
255 255 255
255 255 255
255 255 255
255 12 255
255 12 255
255 12 255
255 12 255
255 11 255
255 11 255
255 11 255
255 11 255
255 11 255
255 10 255
255 10 255
255 255 255
255 255 255
255 255 255
255 9 255
255 9 255
255 9 255
255 9 255
255 8 255
255 8 255
255 8 255
255 8 255
255 255 255
255 255 255
255 255 255
255 255 255
255 255 255
255 255 255
255 255 255
255 255 255
255 255 255
255 255 255
255 255 255
255 255 255
255 255 255
255 255 255
255 255 255
255 255 255
255 255 255
255 255 255
255 255 255
255 255 255
255 255 255
255 255 255
255 4 255
255 4 255
255 4 255
255 4 255
255 4 255
255 3 255
255 3 255
255 3 255
82 0 82
82 0 82
82 105 82
82 105 82
82 105 82
82 105 82
82 105 82
82 105 82
82 105 82
82 0 82
82 0 82
82 0 82
82 0 82
82 0 82
82 0 82
82 105 82
82 105 82
82 105 82
0 0 0
0 0 0
0 0 0
0 0 0
0 0 0
21 0 0
21 0 0
21 0 0
21 0 0
21 0 0
21 0 0
21 0 0
21 0 0
21 0 0
21 0 0
21 0 0
21 0 0
21 0 0
21 0 0
21 0 0
21 0 0
21 0 0
21 0 0
21 0 0
21 0 0
21 0 0
21 0 0
21 0 0
21 0 0
21 0 0
21 0 0
21 0 0
21 0 0
21 0 0
21 0 0
21 0 0
21 0 0
21 0 0
21 0 0
21 0 0
21 0 0
21 0 0
21 0 0
185 226 177
185 226 177
185 0 177
185 0 177
185 0 177
255 15 255
255 15 255
255 255 255
255 255 255
255 255 255
255 255 255
255 255 255
255 255 255
255 255 255
255 255 255
255 255 255
255 12 255
255 12 255
255 12 255
255 12 255
255 11 255
255 11 255
255 11 255
255 11 255
255 11 255
255 10 255
255 255 255
255 10 255
255 10 255
255 9 255
255 9 255
255 9 255
255 9 255
255 9 255
255 8 255
255 8 255
255 8 255
255 8 255
255 255 255
255 255 255
255 255 255
255 255 255
255 255 255
255 255 255
255 255 255
255 255 255
255 6 255
255 6 255
255 6 255
255 255 255
255 255 255
255 255 255
255 255 255
255 255 255
255 255 255
255 255 255
255 255 255
255 255 255
255 255 255
255 255 255
255 4 255
255 4 255
255 4 255
255 4 255
255 4 255
82 0 82
82 0 82
82 0 82
82 0 82
82 105 82
82 105 82
82 105 82
82 105 82
82 105 82
82 105 82
82 105 82
82 0 82
82 0 82
82 0 82
82 0 82
82 0 82
82 0 82
0 0 0
0 0 0
0 0 0
0 0 0
0 0 0
0 0 0
0 0 0
0 0 0
21 0 0
21 0 0
21 0 0
21 0 0
935476
